
[36mNew trading day: 2026-05-04 | trade count reset[0m

[HEARTBEAT 00:11:21] NDX=27452.10  trades=0/2  position=FLAT  pending=NONE

[33m[1m[Q] Quit requested — exiting WITHOUT squaring off position.{Style.RESET_ALL}
IBKR disconnected.

[36mBroker: NINJATRADER  |  127.0.0.1:5555  |  MNQ 06-26[0m
  Orders enabled: True   Dry run: False
[33m  ⚠ NinjaTrader ping failed: TCP error: [WinError 1225] The remote computer refused the network connection[0m
Startup: STARTUP_FLATTEN=false — skipping auto-flatten

[36mConnecting to Interactive Brokers TWS...[0m
  Connecting to IBKR | 127.0.0.1:4001  clientId=99 ...
  ✖ IBKR connect failed on 127.0.0.1:4001 → [WinError 1225] The remote computer refused the network connection
  Connecting to IBKR | 127.0.0.1:7497  clientId=99 ...
  ✖ IBKR connect failed on 127.0.0.1:7497 → [WinError 1225] The remote computer refused the network connection
  Connecting to IBKR | 127.0.0.1:7496  clientId=99 ...
  ✖ IBKR connect failed on 127.0.0.1:7496 → [WinError 1225] The remote computer refused the network connection
  Connecting to IBKR | 127.0.0.1:4002  clientId=99 ...
  ✖ IBKR connect failed on 127.0.0.1:4002 → [WinError 1225] The remote computer refused the network connection

[31m[1m╔══ IBKR CONNECTION FAILED ══════════════════════════════╗
║                                                        ║
║  Could not connect to TWS / IB Gateway on any port.    ║
║                                                        ║
║  To fix:                                               ║
║  1. Open TWS or IB Gateway and log in                  ║
║  2. Go to:  Edit → Global Configuration → API          ║
║             → Settings                                 ║
║  3. Check:  ✔ Enable ActiveX and Socket Clients        ║
║  4. Uncheck: Read-Only API                             ║
║  5. Make sure the port matches config.yaml (ibkr.port) ║
║     Paper/demo TWS = 7497  Live TWS = 7496             ║
║     IB Gateway live = 4001                             ║
║                                                        ║
╚════════════════════════════════════════════════════════╝[0m

  Detail: IBKR connection failed on all ports [4001, 7497, 7496, 4002]. Check TWS/IB Gateway: API → Enable ActiveX and Socket Clients, Read-Only API disabled.


[36mBroker: NINJATRADER  |  127.0.0.1:5555  |  MNQ 06-26[0m
  Orders enabled: True   Dry run: False
[31m[1m  ✖ NinjaTrader ping failed: TCP error: [WinError 1225] The remote computer refused the network connection[0m

[31m[1m╔══ NINJATRADER CONNECTION FAILED ═══════════════════════╗
║                                                        ║
║  Cannot reach PythonOrderServer on TCP socket.         ║
║                                                        ║
║  To fix:                                               ║
║  1. Open NinjaTrader 8                                 ║
║  2. Enable the PythonOrderServer AddOn                 ║
║  3. Confirm it is listening on                         ║
║     127.0.0.1:5555  (config.yaml → ninjatrader.port)     ║
║  4. Restart this script                                ║
║                                                        ║
╚════════════════════════════════════════════════════════╝[0m
  Aborting: NinjaTrader connection is required for order execution.

[36mBroker: NINJATRADER  |  127.0.0.1:5555  |  MNQ 06-26[0m
  Orders enabled: True   Dry run: False
[32m  ✔ NinjaTrader connected | 127.0.0.1:5555 instrument=MNQ 06-26[0m
Startup: STARTUP_FLATTEN=false — skipping auto-flatten

[36mConnecting to Interactive Brokers TWS...[0m
  Connecting to IBKR | 127.0.0.1:4001  clientId=99 ...
[32m  ✔ IBKR connected | 127.0.0.1:4001[0m
  NDX contract qualified: NDX NASDAQ USD
  Fetching EMA/ATR warmup bars (2 days)...
[32m  ✔ Warmup bars loaded: 80 bars — EMA/ATR ready[0m
  Pausing 5s before live stream subscription (IBKR pacing)...
  Starting live 5-min bar stream (Error 162 below is normal)...
  Live bar stream active: 49 recent bars
[32m  ✔ Real-time NDX tick subscription active[0m

[36m════════════════════════════════════════════════════════[0m
  Mode         : [31m[1mLIVE ORDERS[0m
  Signal window: 09:30 – 15:00 NY
  Trade window : 10:01 – 15:00 NY
  EOD flatten  : 15:30 NY
  Max trades   : 2/day
[36m════════════════════════════════════════════════════════[0m


[36mNew trading day: 2026-05-04 | trade count reset[0m

[HEARTBEAT 09:36:06] NDX=27710.12  trades=0/2  position=FLAT  pending=NONE

[09:36:06] BAR CLOSED 2026-05-04 09:35:00 | O=27702.49  H=27716.72  L=27689.61  C=27705.70 | NDX tick=27710.12
  [36m┌─ CANDLE DIAGNOSTICS ──────────────────────────────────────────┐[0m
  [36m│  EMA-14   :   27727.33[0m
  [36m│  ATR-14   :      24.49 pts[0m
  [36m│  Slope    :     -0.526   [2m[36m[bullish >+0.200 | bearish <-0.400][0m  →  [31m[1mBEARISH[0m
  [36m│  Body     :       3.21 pts   [2m[36m(min 5.00 required)[0m
  [36m│  Bounce   :      29.38 pts   [2m[36m= 1.2 × 24.49 ATR[0m
  [36m│  H−EMA  :     -10.61 pts   [2m[36m(candle high vs EMA; negative = high below EMA)[0m
  [36m│  EMA−L  :     +37.72 pts   [2m[36m(EMA vs candle low;  negative = low above EMA)[0m
  [36m│  SL base  :      19.59 pts   [2m[36m= 0.8 × 24.49 ATR[0m
  [36m│  Risk cap :      60.00 pts[0m
  [36m└────────────────────────────────────────────────────────────────┘[0m

[09:40:06] BAR CLOSED 2026-05-04 09:35:00 | O=27702.49  H=27736.03  L=27689.61  C=27716.88 | NDX tick=27710.06
  [36m┌─ CANDLE DIAGNOSTICS ✔──────────────────────────────────────────┐[0m
  [36m│  EMA-14   :   27728.82[0m
  [36m│  ATR-14   :      25.87 pts[0m
  [36m│  Slope    :     -0.441   [2m[36m[bullish >+0.200 | bearish <-0.400][0m  →  [31m[1mBEARISH[0m
  [36m│  Body     :      14.39 pts   [2m[36m(min 5.00 required)[0m
  [36m│  Bounce   :      31.04 pts   [2m[36m= 1.2 × 25.87 ATR[0m
  [36m│  H−EMA  :      +7.21 pts   [2m[36m(candle high vs EMA; negative = high below EMA)[0m
  [36m│  EMA−L  :     +39.21 pts   [2m[36m(EMA vs candle low;  negative = low above EMA)[0m
  [36m│  SL base  :      20.69 pts   [2m[36m= 0.8 × 25.87 ATR[0m
  [36m│  Risk cap :      60.00 pts[0m
  [36m└────────────────────────────────────────────────────────────────┘[0m
  SIGNAL SHORT | entry=27684.61  sl=27728.82  target=27463.57  risk=44.21 pts  qty=1
  Queued — entry monitoring starts at 10:01 NY
  TELEGRAM: sent to chat_id=1372083421
  TELEGRAM: sent to chat_id=-5036528161
  TELEGRAM: sent to chat_id=631306695

[HEARTBEAT 09:41:06] NDX=27733.19  trades=0/2  position=FLAT  pending=SHORT entry=27684.61

[09:45:06] BAR CLOSED 2026-05-04 09:40:00 | O=27718.57  H=27764.66  L=27706.83  C=27730.84 | NDX tick=27725.61
  [36m┌─ CANDLE DIAGNOSTICS ──────────────────────────────────────────┐[0m
  [36m│  EMA-14   :   27729.09[0m
  [36m│  ATR-14   :      28.36 pts[0m
  [36m│  Slope    :     -0.438   [2m[36m[bullish >+0.200 | bearish <-0.400][0m  →  [31m[1mBEARISH[0m
  [36m│  Body     :      12.27 pts   [2m[36m(min 5.00 required)[0m
  [36m│  Bounce   :      34.03 pts   [2m[36m= 1.2 × 28.36 ATR[0m
  [36m│  H−EMA  :     +35.57 pts   [2m[36m(candle high vs EMA; negative = high below EMA)[0m
  [36m│  EMA−L  :     +22.26 pts   [2m[36m(EMA vs candle low;  negative = low above EMA)[0m
  [36m│  SL base  :      22.69 pts   [2m[36m= 0.8 × 28.36 ATR[0m
  [36m│  Risk cap :      60.00 pts[0m
  [36m└────────────────────────────────────────────────────────────────┘[0m

[HEARTBEAT 09:46:06] NDX=27752.50  trades=0/2  position=FLAT  pending=SHORT entry=27684.61

[09:50:06] BAR CLOSED 2026-05-04 09:45:00 | O=27733.15  H=27778.24  L=27722.12  C=27751.44 | NDX tick=27741.85
  [36m┌─ CANDLE DIAGNOSTICS ──────────────────────────────────────────┐[0m
  [36m│  EMA-14   :   27732.07[0m
  [36m│  ATR-14   :      31.09 pts[0m
  [36m│  Slope    :     -0.314   [2m[36m[bullish >+0.200 | bearish <-0.400][0m  →  [37m[1mNEUTRAL[0m
  [36m│  Body     :      18.29 pts   [2m[36m(min 5.00 required)[0m
  [36m│  Bounce   :      37.31 pts   [2m[36m= 1.2 × 31.09 ATR[0m
  [36m│  H−EMA  :     +46.17 pts   [2m[36m(candle high vs EMA; negative = high below EMA)[0m
  [36m│  EMA−L  :      +9.95 pts   [2m[36m(EMA vs candle low;  negative = low above EMA)[0m
  [36m│  SL base  :      24.87 pts   [2m[36m= 0.8 × 31.09 ATR[0m
  [36m│  Risk cap :      60.00 pts[0m
  [36m└────────────────────────────────────────────────────────────────┘[0m

[HEARTBEAT 09:51:06] NDX=27758.74  trades=0/2  position=FLAT  pending=SHORT entry=27684.61

[HEARTBEAT 09:56:06] NDX=27743.61  trades=0/2  position=FLAT  pending=SHORT entry=27684.61

[HEARTBEAT 10:01:06] NDX=27772.96  trades=0/2  position=FLAT  pending=SHORT entry=27684.61

[HEARTBEAT 10:06:06] NDX=27758.21  trades=0/2  position=FLAT  pending=SHORT entry=27684.61

[HEARTBEAT 10:11:06] NDX=27757.65  trades=0/2  position=FLAT  pending=SHORT entry=27684.61

[HEARTBEAT 10:16:06] NDX=27767.14  trades=0/2  position=FLAT  pending=SHORT entry=27684.61

[HEARTBEAT 10:21:06] NDX=27787.62  trades=0/2  position=FLAT  pending=SHORT entry=27684.61

[HEARTBEAT 10:26:06] NDX=27778.10  trades=0/2  position=FLAT  pending=SHORT entry=27684.61

[HEARTBEAT 10:31:06] NDX=27764.24  trades=0/2  position=FLAT  pending=SHORT entry=27684.61

[HEARTBEAT 10:36:06] NDX=27771.55  trades=0/2  position=FLAT  pending=SHORT entry=27684.61

[HEARTBEAT 10:41:06] NDX=27800.71  trades=0/2  position=FLAT  pending=SHORT entry=27684.61

[HEARTBEAT 10:46:06] NDX=27819.41  trades=0/2  position=FLAT  pending=SHORT entry=27684.61

[HEARTBEAT 10:51:06] NDX=27813.42  trades=0/2  position=FLAT  pending=SHORT entry=27684.61

[HEARTBEAT 10:56:06] NDX=27816.61  trades=0/2  position=FLAT  pending=SHORT entry=27684.61

[33m[1m[Q] Quit requested — exiting WITHOUT squaring off position.{Style.RESET_ALL}
IBKR disconnected.

[36mBroker: NINJATRADER  |  127.0.0.1:5555  |  MNQ 06-26[0m
  Orders enabled: True   Dry run: False
[32m  ✔ NinjaTrader connected | 127.0.0.1:5555 instrument=MNQ 06-26[0m
Startup: STARTUP_FLATTEN=false — skipping auto-flatten

[36mConnecting to Interactive Brokers TWS...[0m
  Connecting to IBKR | 127.0.0.1:4001  clientId=99 ...
[32m  ✔ IBKR connected | 127.0.0.1:4001[0m
  NDX contract qualified: NDX NASDAQ USD
  Fetching EMA/ATR warmup bars (2 days)...
[32m  ✔ Warmup bars loaded: 97 bars — EMA/ATR ready[0m
  Pausing 5s before live stream subscription (IBKR pacing)...
  Starting live 5-min bar stream (Error 162 below is normal)...
  Live bar stream active: 49 recent bars
[32m  ✔ Real-time NDX tick subscription active[0m

[36m════════════════════════════════════════════════════════[0m
  Mode         : [31m[1mLIVE ORDERS[0m
  Signal window: 09:30 – 15:00 NY
  Trade window : 10:01 – 15:00 NY
  EOD flatten  : 15:30 NY
  Max trades   : 2/day
[36m════════════════════════════════════════════════════════[0m


[36mNew trading day: 2026-05-04 | trade count reset[0m

[HEARTBEAT 11:01:07] NDX=27778.39  trades=0/2  position=FLAT  pending=NONE

[11:01:07] BAR CLOSED 2026-05-04 11:00:00 | O=27761.14  H=27767.29  L=27732.79  C=27767.29 | NDX tick=27778.39
  [36m┌─ CANDLE DIAGNOSTICS ──────────────────────────────────────────┐[0m
  [36m│  EMA-14   :   27774.33[0m
  [36m│  ATR-14   :      34.61 pts[0m
  [36m│  Slope    :     +0.542   [2m[36m[bullish >+0.200 | bearish <-0.400][0m  →  [32m[1mBULLISH[0m
  [36m│  Body     :       6.15 pts   [2m[36m(min 5.00 required)[0m
  [36m│  Bounce   :      41.53 pts   [2m[36m= 1.2 × 34.61 ATR[0m
  [36m│  H−EMA  :      -7.04 pts   [2m[36m(candle high vs EMA; negative = high below EMA)[0m
  [36m│  EMA−L  :     +41.54 pts   [2m[36m(EMA vs candle low;  negative = low above EMA)[0m
  [36m│  SL base  :      27.68 pts   [2m[36m= 0.8 × 34.61 ATR[0m
  [36m│  Risk cap :      60.00 pts[0m
  [36m└────────────────────────────────────────────────────────────────┘[0m

[11:05:06] BAR CLOSED 2026-05-04 11:00:00 | O=27761.14  H=27792.44  L=27732.79  C=27775.29 | NDX tick=27766.97
  [36m┌─ CANDLE DIAGNOSTICS ──────────────────────────────────────────┐[0m
  [36m│  EMA-14   :   27775.40[0m
  [36m│  ATR-14   :      36.40 pts[0m
  [36m│  Slope    :     +0.545   [2m[36m[bullish >+0.200 | bearish <-0.400][0m  →  [32m[1mBULLISH[0m
  [36m│  Body     :      14.15 pts   [2m[36m(min 5.00 required)[0m
  [36m│  Bounce   :      43.68 pts   [2m[36m= 1.2 × 36.40 ATR[0m
  [36m│  H−EMA  :     +17.04 pts   [2m[36m(candle high vs EMA; negative = high below EMA)[0m
  [36m│  EMA−L  :     +42.61 pts   [2m[36m(EMA vs candle low;  negative = low above EMA)[0m
  [36m│  SL base  :      29.12 pts   [2m[36m= 0.8 × 36.40 ATR[0m
  [36m│  Risk cap :      60.00 pts[0m
  [36m└────────────────────────────────────────────────────────────────┘[0m

[HEARTBEAT 11:06:07] NDX=27774.05  trades=0/2  position=FLAT  pending=NONE

[11:10:06] BAR CLOSED 2026-05-04 11:05:00 | O=27774.88  H=27782.40  L=27750.51  C=27766.33 | NDX tick=27765.90
  [36m┌─ CANDLE DIAGNOSTICS ──────────────────────────────────────────┐[0m
  [36m│  EMA-14   :   27774.19[0m
  [36m│  ATR-14   :      35.26 pts[0m
  [36m│  Slope    :     +0.407   [2m[36m[bullish >+0.200 | bearish <-0.400][0m  →  [32m[1mBULLISH[0m
  [36m│  Body     :       8.55 pts   [2m[36m(min 5.00 required)[0m
  [36m│  Bounce   :      42.32 pts   [2m[36m= 1.2 × 35.26 ATR[0m
  [36m│  H−EMA  :      +8.21 pts   [2m[36m(candle high vs EMA; negative = high below EMA)[0m
  [36m│  EMA−L  :     +23.68 pts   [2m[36m(EMA vs candle low;  negative = low above EMA)[0m
  [36m│  SL base  :      28.21 pts   [2m[36m= 0.8 × 35.26 ATR[0m
  [36m│  Risk cap :      60.00 pts[0m
  [36m└────────────────────────────────────────────────────────────────┘[0m

[HEARTBEAT 11:11:07] NDX=27769.21  trades=0/2  position=FLAT  pending=NONE

[11:15:06] BAR CLOSED 2026-05-04 11:10:00 | O=27766.23  H=27770.72  L=27719.97  C=27732.06 | NDX tick=27729.40
  [36m┌─ CANDLE DIAGNOSTICS ──────────────────────────────────────────┐[0m
  [36m│  EMA-14   :   27768.57[0m
  [36m│  ATR-14   :      36.92 pts[0m
  [36m│  Slope    :     +0.063   [2m[36m[bullish >+0.200 | bearish <-0.400][0m  →  [37m[1mNEUTRAL[0m
  [36m│  Body     :      34.17 pts   [2m[36m(min 5.00 required)[0m
  [36m│  Bounce   :      44.30 pts   [2m[36m= 1.2 × 36.92 ATR[0m
  [36m│  H−EMA  :      +2.15 pts   [2m[36m(candle high vs EMA; negative = high below EMA)[0m
  [36m│  EMA−L  :     +48.60 pts   [2m[36m(EMA vs candle low;  negative = low above EMA)[0m
  [36m│  SL base  :      29.53 pts   [2m[36m= 0.8 × 36.92 ATR[0m
  [36m│  Risk cap :      60.00 pts[0m
  [36m└────────────────────────────────────────────────────────────────┘[0m

[HEARTBEAT 11:16:07] NDX=27740.29  trades=0/2  position=FLAT  pending=NONE

[11:20:06] BAR CLOSED 2026-05-04 11:15:00 | O=27732.35  H=27744.97  L=27659.49  C=27659.49 | NDX tick=27652.10
  [36m┌─ CANDLE DIAGNOSTICS ──────────────────────────────────────────┐[0m
  [36m│  EMA-14   :   27754.03[0m
  [36m│  ATR-14   :      39.98 pts[0m
  [36m│  Slope    :     -0.460   [2m[36m[bullish >+0.200 | bearish <-0.400][0m  →  [31m[1mBEARISH[0m
  [36m│  Body     :      72.86 pts   [2m[36m(min 5.00 required)[0m
  [36m│  Bounce   :      47.98 pts   [2m[36m= 1.2 × 39.98 ATR[0m
  [36m│  H−EMA  :      -9.06 pts   [2m[36m(candle high vs EMA; negative = high below EMA)[0m
  [36m│  EMA−L  :     +94.54 pts   [2m[36m(EMA vs candle low;  negative = low above EMA)[0m
  [36m│  SL base  :      31.98 pts   [2m[36m= 0.8 × 39.98 ATR[0m
  [36m│  Risk cap :      60.00 pts[0m
  [36m└────────────────────────────────────────────────────────────────┘[0m

[HEARTBEAT 11:21:07] NDX=27640.10  trades=0/2  position=FLAT  pending=NONE

[11:25:06] BAR CLOSED 2026-05-04 11:20:00 | O=27661.80  H=27663.41  L=27592.46  C=27605.53 | NDX tick=27608.89
  [36m┌─ CANDLE DIAGNOSTICS ──────────────────────────────────────────┐[0m
  [36m│  EMA-14   :   27734.23[0m
  [36m│  ATR-14   :      41.22 pts[0m
  [36m│  Slope    :     -1.053   [2m[36m[bullish >+0.200 | bearish <-0.400][0m  →  [31m[1mBEARISH[0m
  [36m│  Body     :      56.27 pts   [2m[36m(min 5.00 required)[0m
  [36m│  Bounce   :      49.46 pts   [2m[36m= 1.2 × 41.22 ATR[0m
  [36m│  H−EMA  :     -70.82 pts   [2m[36m(candle high vs EMA; negative = high below EMA)[0m
  [36m│  EMA−L  :    +141.77 pts   [2m[36m(EMA vs candle low;  negative = low above EMA)[0m
  [36m│  SL base  :      32.97 pts   [2m[36m= 0.8 × 41.22 ATR[0m
  [36m│  Risk cap :      60.00 pts[0m
  [36m└────────────────────────────────────────────────────────────────┘[0m

[HEARTBEAT 11:26:07] NDX=27618.68  trades=0/2  position=FLAT  pending=NONE

[11:30:06] BAR CLOSED 2026-05-04 11:25:00 | O=27605.65  H=27668.02  L=27605.42  C=27652.94 | NDX tick=27657.66
  [36m┌─ CANDLE DIAGNOSTICS ──────────────────────────────────────────┐[0m
  [36m│  EMA-14   :   27723.39[0m
  [36m│  ATR-14   :      43.85 pts[0m
  [36m│  Slope    :     -1.187   [2m[36m[bullish >+0.200 | bearish <-0.400][0m  →  [31m[1mBEARISH[0m
  [36m│  Body     :      47.29 pts   [2m[36m(min 5.00 required)[0m
  [36m│  Bounce   :      52.61 pts   [2m[36m= 1.2 × 43.85 ATR[0m
  [36m│  H−EMA  :     -55.37 pts   [2m[36m(candle high vs EMA; negative = high below EMA)[0m
  [36m│  EMA−L  :    +117.97 pts   [2m[36m(EMA vs candle low;  negative = low above EMA)[0m
  [36m│  SL base  :      35.08 pts   [2m[36m= 0.8 × 43.85 ATR[0m
  [36m│  Risk cap :      60.00 pts[0m
  [36m└────────────────────────────────────────────────────────────────┘[0m

[HEARTBEAT 11:31:07] NDX=27648.32  trades=0/2  position=FLAT  pending=NONE

[11:35:06] BAR CLOSED 2026-05-04 11:30:00 | O=27654.22  H=27660.91  L=27608.10  C=27642.10 | NDX tick=27629.30
  [36m┌─ CANDLE DIAGNOSTICS ──────────────────────────────────────────┐[0m
  [36m│  EMA-14   :   27712.55[0m
  [36m│  ATR-14   :      46.18 pts[0m
  [36m│  Slope    :     -1.361   [2m[36m[bullish >+0.200 | bearish <-0.400][0m  →  [31m[1mBEARISH[0m
  [36m│  Body     :      12.12 pts   [2m[36m(min 5.00 required)[0m
  [36m│  Bounce   :      55.42 pts   [2m[36m= 1.2 × 46.18 ATR[0m
  [36m│  H−EMA  :     -51.64 pts   [2m[36m(candle high vs EMA; negative = high below EMA)[0m
  [36m│  EMA−L  :    +104.45 pts   [2m[36m(EMA vs candle low;  negative = low above EMA)[0m
  [36m│  SL base  :      36.95 pts   [2m[36m= 0.8 × 46.18 ATR[0m
  [36m│  Risk cap :      60.00 pts[0m
  [36m└────────────────────────────────────────────────────────────────┘[0m

[HEARTBEAT 11:36:07] NDX=27597.91  trades=0/2  position=FLAT  pending=NONE

[11:40:06] BAR CLOSED 2026-05-04 11:35:00 | O=27639.82  H=27648.64  L=27595.96  C=27616.26 | NDX tick=27614.82
  [36m┌─ CANDLE DIAGNOSTICS ──────────────────────────────────────────┐[0m
  [36m│  EMA-14   :   27699.71[0m
  [36m│  ATR-14   :      47.04 pts[0m
  [36m│  Slope    :     -1.583   [2m[36m[bullish >+0.200 | bearish <-0.400][0m  →  [31m[1mBEARISH[0m
  [36m│  Body     :      23.56 pts   [2m[36m(min 5.00 required)[0m
  [36m│  Bounce   :      56.45 pts   [2m[36m= 1.2 × 47.04 ATR[0m
  [36m│  H−EMA  :     -51.07 pts   [2m[36m(candle high vs EMA; negative = high below EMA)[0m
  [36m│  EMA−L  :    +103.75 pts   [2m[36m(EMA vs candle low;  negative = low above EMA)[0m
  [36m│  SL base  :      37.63 pts   [2m[36m= 0.8 × 47.04 ATR[0m
  [36m│  Risk cap :      60.00 pts[0m
  [36m└────────────────────────────────────────────────────────────────┘[0m

[HEARTBEAT 11:41:07] NDX=27589.41  trades=0/2  position=FLAT  pending=NONE
[2026-05-04 11:40:00] SHORT signal rejected: risk 118.96 pts outside allowed range (0, 60.00]

[11:45:06] BAR CLOSED 2026-05-04 11:40:00 | O=27615.78  H=27648.92  L=27578.67  C=27646.59 | NDX tick=27644.65
  [36m┌─ CANDLE DIAGNOSTICS ──────────────────────────────────────────┐[0m
  [36m│  EMA-14   :   27692.63[0m
  [36m│  ATR-14   :      49.04 pts[0m
  [36m│  Slope    :     -1.549   [2m[36m[bullish >+0.200 | bearish <-0.400][0m  →  [31m[1mBEARISH[0m
  [36m│  Body     :      30.81 pts   [2m[36m(min 5.00 required)[0m
  [36m│  Bounce   :      58.85 pts   [2m[36m= 1.2 × 49.04 ATR[0m
  [36m│  H−EMA  :     -43.71 pts   [2m[36m(candle high vs EMA; negative = high below EMA)[0m
  [36m│  EMA−L  :    +113.96 pts   [2m[36m(EMA vs candle low;  negative = low above EMA)[0m
  [36m│  SL base  :      39.23 pts   [2m[36m= 0.8 × 49.04 ATR[0m
  [36m│  Risk cap :      60.00 pts[0m
  [36m└────────────────────────────────────────────────────────────────┘[0m

[HEARTBEAT 11:46:07] NDX=27627.36  trades=0/2  position=FLAT  pending=NONE

[11:50:06] BAR CLOSED 2026-05-04 11:45:00 | O=27645.66  H=27646.10  L=27610.41  C=27615.11 | NDX tick=27613.89
  [36m┌─ CANDLE DIAGNOSTICS ──────────────────────────────────────────┐[0m
  [36m│  EMA-14   :   27682.29[0m
  [36m│  ATR-14   :      49.41 pts[0m
  [36m│  Slope    :     -1.452   [2m[36m[bullish >+0.200 | bearish <-0.400][0m  →  [31m[1mBEARISH[0m
  [36m│  Body     :      30.55 pts   [2m[36m(min 5.00 required)[0m
  [36m│  Bounce   :      59.29 pts   [2m[36m= 1.2 × 49.41 ATR[0m
  [36m│  H−EMA  :     -36.19 pts   [2m[36m(candle high vs EMA; negative = high below EMA)[0m
  [36m│  EMA−L  :     +71.88 pts   [2m[36m(EMA vs candle low;  negative = low above EMA)[0m
  [36m│  SL base  :      39.53 pts   [2m[36m= 0.8 × 49.41 ATR[0m
  [36m│  Risk cap :      60.00 pts[0m
  [36m└────────────────────────────────────────────────────────────────┘[0m

[HEARTBEAT 11:51:07] NDX=27607.07  trades=0/2  position=FLAT  pending=NONE
[2026-05-04 11:50:00] SHORT signal rejected: risk 97.12 pts outside allowed range (0, 60.00]

[11:55:06] BAR CLOSED 2026-05-04 11:50:00 | O=27614.96  H=27642.54  L=27584.79  C=27641.95 | NDX tick=27648.24
  [36m┌─ CANDLE DIAGNOSTICS ──────────────────────────────────────────┐[0m
  [36m│  EMA-14   :   27676.91[0m
  [36m│  ATR-14   :      51.81 pts[0m
  [36m│  Slope    :     -1.106   [2m[36m[bullish >+0.200 | bearish <-0.400][0m  →  [31m[1mBEARISH[0m
  [36m│  Body     :      26.99 pts   [2m[36m(min 5.00 required)[0m
  [36m│  Bounce   :      62.18 pts   [2m[36m= 1.2 × 51.81 ATR[0m
  [36m│  H−EMA  :     -34.37 pts   [2m[36m(candle high vs EMA; negative = high below EMA)[0m
  [36m│  EMA−L  :     +92.12 pts   [2m[36m(EMA vs candle low;  negative = low above EMA)[0m
  [36m│  SL base  :      41.45 pts   [2m[36m= 0.8 × 51.81 ATR[0m
  [36m│  Risk cap :      60.00 pts[0m
  [36m└────────────────────────────────────────────────────────────────┘[0m

[HEARTBEAT 11:56:07] NDX=27634.16  trades=0/2  position=FLAT  pending=NONE

[12:00:06] BAR CLOSED 2026-05-04 11:55:00 | O=27641.97  H=27651.92  L=27613.25  C=27615.60 | NDX tick=27614.98
  [36m┌─ CANDLE DIAGNOSTICS ──────────────────────────────────────────┐[0m
  [36m│  EMA-14   :   27668.74[0m
  [36m│  ATR-14   :      53.44 pts[0m
  [36m│  Slope    :     -1.023   [2m[36m[bullish >+0.200 | bearish <-0.400][0m  →  [31m[1mBEARISH[0m
  [36m│  Body     :      26.37 pts   [2m[36m(min 5.00 required)[0m
  [36m│  Bounce   :      64.12 pts   [2m[36m= 1.2 × 53.44 ATR[0m
  [36m│  H−EMA  :     -16.82 pts   [2m[36m(candle high vs EMA; negative = high below EMA)[0m
  [36m│  EMA−L  :     +55.49 pts   [2m[36m(EMA vs candle low;  negative = low above EMA)[0m
  [36m│  SL base  :      42.75 pts   [2m[36m= 0.8 × 53.44 ATR[0m
  [36m│  Risk cap :      60.00 pts[0m
  [36m└────────────────────────────────────────────────────────────────┘[0m

[HEARTBEAT 12:01:07] NDX=27613.20  trades=0/2  position=FLAT  pending=NONE

[12:05:06] BAR CLOSED 2026-05-04 12:00:00 | O=27615.37  H=27620.55  L=27588.28  C=27599.80 | NDX tick=27602.61
  [36m┌─ CANDLE DIAGNOSTICS ──────────────────────────────────────────┐[0m
  [36m│  EMA-14   :   27659.55[0m
  [36m│  ATR-14   :      54.39 pts[0m
  [36m│  Slope    :     -0.975   [2m[36m[bullish >+0.200 | bearish <-0.400][0m  →  [31m[1mBEARISH[0m
  [36m│  Body     :      15.57 pts   [2m[36m(min 5.00 required)[0m
  [36m│  Bounce   :      65.27 pts   [2m[36m= 1.2 × 54.39 ATR[0m
  [36m│  H−EMA  :     -39.00 pts   [2m[36m(candle high vs EMA; negative = high below EMA)[0m
  [36m│  EMA−L  :     +71.27 pts   [2m[36m(EMA vs candle low;  negative = low above EMA)[0m
  [36m│  SL base  :      43.51 pts   [2m[36m= 0.8 × 54.39 ATR[0m
  [36m│  Risk cap :      60.00 pts[0m
  [36m└────────────────────────────────────────────────────────────────┘[0m

[HEARTBEAT 12:06:07] NDX=27588.78  trades=0/2  position=FLAT  pending=NONE

[12:10:06] BAR CLOSED 2026-05-04 12:05:00 | O=27599.91  H=27603.23  L=27504.09  C=27542.13 | NDX tick=27539.70
  [36m┌─ CANDLE DIAGNOSTICS ──────────────────────────────────────────┐[0m
  [36m│  EMA-14   :   27643.89[0m
  [36m│  ATR-14   :      57.22 pts[0m
  [36m│  Slope    :     -0.976   [2m[36m[bullish >+0.200 | bearish <-0.400][0m  →  [31m[1mBEARISH[0m
  [36m│  Body     :      57.78 pts   [2m[36m(min 5.00 required)[0m
  [36m│  Bounce   :      68.66 pts   [2m[36m= 1.2 × 57.22 ATR[0m
  [36m│  H−EMA  :     -40.66 pts   [2m[36m(candle high vs EMA; negative = high below EMA)[0m
  [36m│  EMA−L  :    +139.80 pts   [2m[36m(EMA vs candle low;  negative = low above EMA)[0m
  [36m│  SL base  :      45.78 pts   [2m[36m= 0.8 × 57.22 ATR[0m
  [36m│  Risk cap :      60.00 pts[0m
  [36m└────────────────────────────────────────────────────────────────┘[0m

[HEARTBEAT 12:11:07] NDX=27533.01  trades=0/2  position=FLAT  pending=NONE

[12:15:06] BAR CLOSED 2026-05-04 12:10:00 | O=27542.17  H=27566.67  L=27515.03  C=27542.49 | NDX tick=27537.85
  [36m┌─ CANDLE DIAGNOSTICS ──────────────────────────────────────────┐[0m
  [36m│  EMA-14   :   27630.37[0m
  [36m│  ATR-14   :      56.65 pts[0m
  [36m│  Slope    :     -1.099   [2m[36m[bullish >+0.200 | bearish <-0.400][0m  →  [31m[1mBEARISH[0m
  [36m│  Body     :       0.32 pts   [2m[36m(min 5.00 required)[0m
  [36m│  Bounce   :      67.98 pts   [2m[36m= 1.2 × 56.65 ATR[0m
  [36m│  H−EMA  :     -63.70 pts   [2m[36m(candle high vs EMA; negative = high below EMA)[0m
  [36m│  EMA−L  :    +115.34 pts   [2m[36m(EMA vs candle low;  negative = low above EMA)[0m
  [36m│  SL base  :      45.32 pts   [2m[36m= 0.8 × 56.65 ATR[0m
  [36m│  Risk cap :      60.00 pts[0m
  [36m└────────────────────────────────────────────────────────────────┘[0m

[HEARTBEAT 12:16:07] NDX=27532.86  trades=0/2  position=FLAT  pending=NONE
[2026-05-04 12:15:00] SHORT signal rejected: risk 120.13 pts outside allowed range (0, 60.00]

[12:20:06] BAR CLOSED 2026-05-04 12:15:00 | O=27541.38  H=27612.20  L=27510.20  C=27592.58 | NDX tick=27596.71
  [36m┌─ CANDLE DIAGNOSTICS ──────────────────────────────────────────┐[0m
  [36m│  EMA-14   :   27625.33[0m
  [36m│  ATR-14   :      61.66 pts[0m
  [36m│  Slope    :     -0.924   [2m[36m[bullish >+0.200 | bearish <-0.400][0m  →  [31m[1mBEARISH[0m
  [36m│  Body     :      51.20 pts   [2m[36m(min 5.00 required)[0m
  [36m│  Bounce   :      73.99 pts   [2m[36m= 1.2 × 61.66 ATR[0m
  [36m│  H−EMA  :     -13.13 pts   [2m[36m(candle high vs EMA; negative = high below EMA)[0m
  [36m│  EMA−L  :    +115.13 pts   [2m[36m(EMA vs candle low;  negative = low above EMA)[0m
  [36m│  SL base  :      49.32 pts   [2m[36m= 0.8 × 61.66 ATR[0m
  [36m│  Risk cap :      60.00 pts[0m
  [36m└────────────────────────────────────────────────────────────────┘[0m

[HEARTBEAT 12:21:07] NDX=27612.16  trades=0/2  position=FLAT  pending=NONE

[12:25:06] BAR CLOSED 2026-05-04 12:20:00 | O=27593.73  H=27616.99  L=27588.37  C=27608.25 | NDX tick=27610.06
  [36m┌─ CANDLE DIAGNOSTICS ✔──────────────────────────────────────────┐[0m
  [36m│  EMA-14   :   27623.05[0m
  [36m│  ATR-14   :      60.07 pts[0m
  [36m│  Slope    :     -0.897   [2m[36m[bullish >+0.200 | bearish <-0.400][0m  →  [31m[1mBEARISH[0m
  [36m│  Body     :      14.52 pts   [2m[36m(min 5.00 required)[0m
  [36m│  Bounce   :      72.09 pts   [2m[36m= 1.2 × 60.07 ATR[0m
  [36m│  H−EMA  :      -6.06 pts   [2m[36m(candle high vs EMA; negative = high below EMA)[0m
  [36m│  EMA−L  :     +34.68 pts   [2m[36m(EMA vs candle low;  negative = low above EMA)[0m
  [36m│  SL base  :      48.06 pts   [2m[36m= 0.8 × 60.07 ATR[0m
  [36m│  Risk cap :      60.00 pts[0m
  [36m└────────────────────────────────────────────────────────────────┘[0m
  SIGNAL SHORT | entry=27583.37  sl=27631.43  target=27343.07  risk=48.06 pts  qty=1
  TELEGRAM: sent to chat_id=1372083421
  TELEGRAM: sent to chat_id=-5036528161
  TELEGRAM: sent to chat_id=631306695

[HEARTBEAT 12:26:07] NDX=27612.43  trades=0/2  position=FLAT  pending=SHORT entry=27583.37

[12:30:06] BAR CLOSED 2026-05-04 12:25:00 | O=27608.06  H=27626.49  L=27589.02  C=27596.58 | NDX tick=27593.23
  [36m┌─ CANDLE DIAGNOSTICS ──────────────────────────────────────────┐[0m
  [36m│  EMA-14   :   27619.52[0m
  [36m│  ATR-14   :      56.65 pts[0m
  [36m│  Slope    :     -0.869   [2m[36m[bullish >+0.200 | bearish <-0.400][0m  →  [31m[1mBEARISH[0m
  [36m│  Body     :      11.48 pts   [2m[36m(min 5.00 required)[0m
  [36m│  Bounce   :      67.97 pts   [2m[36m= 1.2 × 56.65 ATR[0m
  [36m│  H−EMA  :      +6.97 pts   [2m[36m(candle high vs EMA; negative = high below EMA)[0m
  [36m│  EMA−L  :     +30.50 pts   [2m[36m(EMA vs candle low;  negative = low above EMA)[0m
  [36m│  SL base  :      45.32 pts   [2m[36m= 0.8 × 56.65 ATR[0m
  [36m│  Risk cap :      60.00 pts[0m
  [36m└────────────────────────────────────────────────────────────────┘[0m

[HEARTBEAT 12:31:07] NDX=27608.32  trades=0/2  position=FLAT  pending=SHORT entry=27583.37

[12:35:06] BAR CLOSED 2026-05-04 12:30:00 | O=27596.61  H=27623.82  L=27590.96  C=27618.03 | NDX tick=27619.68
  [36m┌─ CANDLE DIAGNOSTICS ✔──────────────────────────────────────────┐[0m
  [36m│  EMA-14   :   27619.33[0m
  [36m│  ATR-14   :      53.92 pts[0m
  [36m│  Slope    :     -0.746   [2m[36m[bullish >+0.200 | bearish <-0.400][0m  →  [31m[1mBEARISH[0m
  [36m│  Body     :      21.42 pts   [2m[36m(min 5.00 required)[0m
  [36m│  Bounce   :      64.71 pts   [2m[36m= 1.2 × 53.92 ATR[0m
  [36m│  H−EMA  :      +4.49 pts   [2m[36m(candle high vs EMA; negative = high below EMA)[0m
  [36m│  EMA−L  :     +28.37 pts   [2m[36m(EMA vs candle low;  negative = low above EMA)[0m
  [36m│  SL base  :      43.14 pts   [2m[36m= 0.8 × 53.92 ATR[0m
  [36m│  Risk cap :      60.00 pts[0m
  [36m└────────────────────────────────────────────────────────────────┘[0m
  SIGNAL SHORT | entry=27585.96  sl=27629.10  target=27370.26  risk=43.14 pts  qty=1
  TELEGRAM: sent to chat_id=1372083421
  TELEGRAM: sent to chat_id=-5036528161
  TELEGRAM: sent to chat_id=631306695

[HEARTBEAT 12:36:07] NDX=27603.15  trades=0/2  position=FLAT  pending=SHORT entry=27585.96

[33m[1m[12:38:02] ENTRY TRIGGERED | SHORT | NDX=27578.14 | level=27585.96[0m
  ORDER → NinjaTrader | ENTRY|SHORT|1 | MNQ 06-26 | 127.0.0.1:5555
  ENTRY ORDER response: {'success': True, 'message': 'OK: ENTRY SHORT 1 MNQ JUN26', 'data': {}}
  NINJA FILL (ENTRY): not captured within window

[12:40:06] BAR CLOSED 2026-05-04 12:35:00 | O=27619.32  H=27621.04  L=27577.44  C=27584.74 | NDX tick=27586.81
  [36m┌─ CANDLE DIAGNOSTICS ──────────────────────────────────────────┐[0m
  [36m│  EMA-14   :   27614.71[0m
  [36m│  ATR-14   :      52.57 pts[0m
  [36m│  Slope    :     -0.555   [2m[36m[bullish >+0.200 | bearish <-0.400][0m  →  [31m[1mBEARISH[0m
  [36m│  Body     :      34.58 pts   [2m[36m(min 5.00 required)[0m
  [36m│  Bounce   :      63.08 pts   [2m[36m= 1.2 × 52.57 ATR[0m
  [36m│  H−EMA  :      +6.33 pts   [2m[36m(candle high vs EMA; negative = high below EMA)[0m
  [36m│  EMA−L  :     +37.27 pts   [2m[36m(EMA vs candle low;  negative = low above EMA)[0m
  [36m│  SL base  :      42.05 pts   [2m[36m= 0.8 × 52.57 ATR[0m
  [36m│  Risk cap :      60.00 pts[0m
  [36m└────────────────────────────────────────────────────────────────┘[0m

[HEARTBEAT 12:41:07] NDX=27593.68  trades=1/2  position=SHORT entry=27578.14 sl=27629.10 target=27370.26 step=0 qty=1  pending=NONE

[12:45:06] BAR CLOSED 2026-05-04 12:40:00 | O=27584.70  H=27614.32  L=27583.96  C=27599.75 | NDX tick=27598.13
  [36m┌─ CANDLE DIAGNOSTICS ──────────────────────────────────────────┐[0m
  [36m│  EMA-14   :   27612.72[0m
  [36m│  ATR-14   :      50.96 pts[0m
  [36m│  Slope    :     -0.346   [2m[36m[bullish >+0.200 | bearish <-0.400][0m  →  [37m[1mNEUTRAL[0m
  [36m│  Body     :      15.05 pts   [2m[36m(min 5.00 required)[0m
  [36m│  Bounce   :      61.16 pts   [2m[36m= 1.2 × 50.96 ATR[0m
  [36m│  H−EMA  :      +1.60 pts   [2m[36m(candle high vs EMA; negative = high below EMA)[0m
  [36m│  EMA−L  :     +28.76 pts   [2m[36m(EMA vs candle low;  negative = low above EMA)[0m
  [36m│  SL base  :      40.77 pts   [2m[36m= 0.8 × 50.96 ATR[0m
  [36m│  Risk cap :      60.00 pts[0m
  [36m└────────────────────────────────────────────────────────────────┘[0m

[HEARTBEAT 12:46:07] NDX=27600.37  trades=1/2  position=SHORT entry=27578.14 sl=27629.10 target=27370.26 step=0 qty=1  pending=NONE

[12:50:06] BAR CLOSED 2026-05-04 12:45:00 | O=27599.08  H=27603.56  L=27587.95  C=27602.15 | NDX tick=27593.21
  [36m┌─ CANDLE DIAGNOSTICS ──────────────────────────────────────────┐[0m
  [36m│  EMA-14   :   27611.31[0m
  [36m│  ATR-14   :      48.32 pts[0m
  [36m│  Slope    :     -0.290   [2m[36m[bullish >+0.200 | bearish <-0.400][0m  →  [37m[1mNEUTRAL[0m
  [36m│  Body     :       3.07 pts   [2m[36m(min 5.00 required)[0m
  [36m│  Bounce   :      57.98 pts   [2m[36m= 1.2 × 48.32 ATR[0m
  [36m│  H−EMA  :      -7.75 pts   [2m[36m(candle high vs EMA; negative = high below EMA)[0m
  [36m│  EMA−L  :     +23.36 pts   [2m[36m(EMA vs candle low;  negative = low above EMA)[0m
  [36m│  SL base  :      38.65 pts   [2m[36m= 0.8 × 48.32 ATR[0m
  [36m│  Risk cap :      60.00 pts[0m
  [36m└────────────────────────────────────────────────────────────────┘[0m

[HEARTBEAT 12:51:07] NDX=27594.02  trades=1/2  position=SHORT entry=27578.14 sl=27629.10 target=27370.26 step=0 qty=1  pending=NONE

[12:55:06] BAR CLOSED 2026-05-04 12:50:00 | O=27601.96  H=27602.20  L=27574.85  C=27588.87 | NDX tick=27589.34
  [36m┌─ CANDLE DIAGNOSTICS ──────────────────────────────────────────┐[0m
  [36m│  EMA-14   :   27608.32[0m
  [36m│  ATR-14   :      45.25 pts[0m
  [36m│  Slope    :     -0.326   [2m[36m[bullish >+0.200 | bearish <-0.400][0m  →  [37m[1mNEUTRAL[0m
  [36m│  Body     :      13.09 pts   [2m[36m(min 5.00 required)[0m
  [36m│  Bounce   :      54.30 pts   [2m[36m= 1.2 × 45.25 ATR[0m
  [36m│  H−EMA  :      -6.12 pts   [2m[36m(candle high vs EMA; negative = high below EMA)[0m
  [36m│  EMA−L  :     +33.47 pts   [2m[36m(EMA vs candle low;  negative = low above EMA)[0m
  [36m│  SL base  :      36.20 pts   [2m[36m= 0.8 × 45.25 ATR[0m
  [36m│  Risk cap :      60.00 pts[0m
  [36m└────────────────────────────────────────────────────────────────┘[0m

[HEARTBEAT 12:56:07] NDX=27593.49  trades=1/2  position=SHORT entry=27578.14 sl=27629.10 target=27370.26 step=0 qty=1  pending=NONE

[13:00:06] BAR CLOSED 2026-05-04 12:55:00 | O=27589.56  H=27603.77  L=27585.39  C=27591.92 | NDX tick=27598.34
  [36m┌─ CANDLE DIAGNOSTICS ──────────────────────────────────────────┐[0m
  [36m│  EMA-14   :   27606.13[0m
  [36m│  ATR-14   :      43.98 pts[0m
  [36m│  Slope    :     -0.305   [2m[36m[bullish >+0.200 | bearish <-0.400][0m  →  [37m[1mNEUTRAL[0m
  [36m│  Body     :       2.36 pts   [2m[36m(min 5.00 required)[0m
  [36m│  Bounce   :      52.78 pts   [2m[36m= 1.2 × 43.98 ATR[0m
  [36m│  H−EMA  :      -2.36 pts   [2m[36m(candle high vs EMA; negative = high below EMA)[0m
  [36m│  EMA−L  :     +20.74 pts   [2m[36m(EMA vs candle low;  negative = low above EMA)[0m
  [36m│  SL base  :      35.18 pts   [2m[36m= 0.8 × 43.98 ATR[0m
  [36m│  Risk cap :      60.00 pts[0m
  [36m└────────────────────────────────────────────────────────────────┘[0m

[HEARTBEAT 13:01:07] NDX=27599.93  trades=1/2  position=SHORT entry=27578.14 sl=27629.10 target=27370.26 step=0 qty=1  pending=NONE

[13:05:06] BAR CLOSED 2026-05-04 13:00:00 | O=27590.86  H=27624.62  L=27590.85  C=27621.84 | NDX tick=27623.41
  [36m┌─ CANDLE DIAGNOSTICS ──────────────────────────────────────────┐[0m
  [36m│  EMA-14   :   27608.23[0m
  [36m│  ATR-14   :      42.27 pts[0m
  [36m│  Slope    :     -0.263   [2m[36m[bullish >+0.200 | bearish <-0.400][0m  →  [37m[1mNEUTRAL[0m
  [36m│  Body     :      30.98 pts   [2m[36m(min 5.00 required)[0m
  [36m│  Bounce   :      50.72 pts   [2m[36m= 1.2 × 42.27 ATR[0m
  [36m│  H−EMA  :     +16.39 pts   [2m[36m(candle high vs EMA; negative = high below EMA)[0m
  [36m│  EMA−L  :     +17.38 pts   [2m[36m(EMA vs candle low;  negative = low above EMA)[0m
  [36m│  SL base  :      33.81 pts   [2m[36m= 0.8 × 42.27 ATR[0m
  [36m│  Risk cap :      60.00 pts[0m
  [36m└────────────────────────────────────────────────────────────────┘[0m

[HEARTBEAT 13:06:07] NDX=27626.79  trades=1/2  position=SHORT entry=27578.14 sl=27629.10 target=27370.26 step=0 qty=1  pending=NONE

[31m[1m[13:06:29] EXIT | SL | SHORT | NDX=27630.16 | level=27629.10 | PnL=-50.96 pts[0m
  ORDER → NinjaTrader | EXIT|SHORT|1 | MNQ 06-26 | 127.0.0.1:5555
  EXIT ORDER response: {'success': True, 'message': 'OK: EXIT SHORT 1 MNQ JUN26', 'data': {}}
  NINJA FILL (EXIT): not captured within window

[13:10:06] BAR CLOSED 2026-05-04 13:05:00 | O=27621.30  H=27635.65  L=27619.87  C=27629.79 | NDX tick=27630.14
  [36m┌─ CANDLE DIAGNOSTICS ──────────────────────────────────────────┐[0m
  [36m│  EMA-14   :   27611.10[0m
  [36m│  ATR-14   :      40.63 pts[0m
  [36m│  Slope    :     -0.089   [2m[36m[bullish >+0.200 | bearish <-0.400][0m  →  [37m[1mNEUTRAL[0m
  [36m│  Body     :       8.49 pts   [2m[36m(min 5.00 required)[0m
  [36m│  Bounce   :      48.76 pts   [2m[36m= 1.2 × 40.63 ATR[0m
  [36m│  H−EMA  :     +24.55 pts   [2m[36m(candle high vs EMA; negative = high below EMA)[0m
  [36m│  EMA−L  :      -8.77 pts   [2m[36m(EMA vs candle low;  negative = low above EMA)[0m
  [36m│  SL base  :      32.51 pts   [2m[36m= 0.8 × 40.63 ATR[0m
  [36m│  Risk cap :      60.00 pts[0m
  [36m└────────────────────────────────────────────────────────────────┘[0m

[HEARTBEAT 13:11:07] NDX=27637.99  trades=1/2  position=FLAT  pending=NONE

[13:15:06] BAR CLOSED 2026-05-04 13:10:00 | O=27630.09  H=27639.21  L=27614.88  C=27628.48 | NDX tick=27628.15
  [36m┌─ CANDLE DIAGNOSTICS ──────────────────────────────────────────┐[0m
  [36m│  EMA-14   :   27613.42[0m
  [36m│  ATR-14   :      40.07 pts[0m
  [36m│  Slope    :     +0.017   [2m[36m[bullish >+0.200 | bearish <-0.400][0m  →  [37m[1mNEUTRAL[0m
  [36m│  Body     :       1.61 pts   [2m[36m(min 5.00 required)[0m
  [36m│  Bounce   :      48.08 pts   [2m[36m= 1.2 × 40.07 ATR[0m
  [36m│  H−EMA  :     +25.79 pts   [2m[36m(candle high vs EMA; negative = high below EMA)[0m
  [36m│  EMA−L  :      -1.46 pts   [2m[36m(EMA vs candle low;  negative = low above EMA)[0m
  [36m│  SL base  :      32.05 pts   [2m[36m= 0.8 × 40.07 ATR[0m
  [36m│  Risk cap :      60.00 pts[0m
  [36m└────────────────────────────────────────────────────────────────┘[0m

[HEARTBEAT 13:16:07] NDX=27627.69  trades=1/2  position=FLAT  pending=NONE

[13:20:06] BAR CLOSED 2026-05-04 13:15:00 | O=27628.16  H=27675.74  L=27625.29  C=27670.06 | NDX tick=27673.82
  [36m┌─ CANDLE DIAGNOSTICS ──────────────────────────────────────────┐[0m
  [36m│  EMA-14   :   27620.97[0m
  [36m│  ATR-14   :      36.59 pts[0m
  [36m│  Slope    :     +0.264   [2m[36m[bullish >+0.200 | bearish <-0.400][0m  →  [32m[1mBULLISH[0m
  [36m│  Body     :      41.90 pts   [2m[36m(min 5.00 required)[0m
  [36m│  Bounce   :      43.90 pts   [2m[36m= 1.2 × 36.59 ATR[0m
  [36m│  H−EMA  :     +54.77 pts   [2m[36m(candle high vs EMA; negative = high below EMA)[0m
  [36m│  EMA−L  :      -4.32 pts   [2m[36m(EMA vs candle low;  negative = low above EMA)[0m
  [36m│  SL base  :      29.27 pts   [2m[36m= 0.8 × 36.59 ATR[0m
  [36m│  Risk cap :      60.00 pts[0m
  [36m└────────────────────────────────────────────────────────────────┘[0m

[HEARTBEAT 13:21:07] NDX=27673.06  trades=1/2  position=FLAT  pending=NONE

[13:25:06] BAR CLOSED 2026-05-04 13:20:00 | O=27670.41  H=27685.20  L=27668.16  C=27678.25 | NDX tick=27679.66
  [36m┌─ CANDLE DIAGNOSTICS ──────────────────────────────────────────┐[0m
  [36m│  EMA-14   :   27628.61[0m
  [36m│  ATR-14   :      34.12 pts[0m
  [36m│  Slope    :     +0.595   [2m[36m[bullish >+0.200 | bearish <-0.400][0m  →  [32m[1mBULLISH[0m
  [36m│  Body     :       7.84 pts   [2m[36m(min 5.00 required)[0m
  [36m│  Bounce   :      40.94 pts   [2m[36m= 1.2 × 34.12 ATR[0m
  [36m│  H−EMA  :     +56.59 pts   [2m[36m(candle high vs EMA; negative = high below EMA)[0m
  [36m│  EMA−L  :     -39.55 pts   [2m[36m(EMA vs candle low;  negative = low above EMA)[0m
  [36m│  SL base  :      27.29 pts   [2m[36m= 0.8 × 34.12 ATR[0m
  [36m│  Risk cap :      60.00 pts[0m
  [36m└────────────────────────────────────────────────────────────────┘[0m

[HEARTBEAT 13:26:07] NDX=27676.91  trades=1/2  position=FLAT  pending=NONE

[13:30:06] BAR CLOSED 2026-05-04 13:25:00 | O=27678.40  H=27681.60  L=27666.45  C=27676.65 | NDX tick=27677.41
  [36m┌─ CANDLE DIAGNOSTICS ──────────────────────────────────────────┐[0m
  [36m│  EMA-14   :   27635.01[0m
  [36m│  ATR-14   :      27.91 pts[0m
  [36m│  Slope    :     +1.035   [2m[36m[bullish >+0.200 | bearish <-0.400][0m  →  [32m[1mBULLISH[0m
  [36m│  Body     :       1.75 pts   [2m[36m(min 5.00 required)[0m
  [36m│  Bounce   :      33.49 pts   [2m[36m= 1.2 × 27.91 ATR[0m
  [36m│  H−EMA  :     +46.59 pts   [2m[36m(candle high vs EMA; negative = high below EMA)[0m
  [36m│  EMA−L  :     -31.44 pts   [2m[36m(EMA vs candle low;  negative = low above EMA)[0m
  [36m│  SL base  :      22.33 pts   [2m[36m= 0.8 × 27.91 ATR[0m
  [36m│  Risk cap :      60.00 pts[0m
  [36m└────────────────────────────────────────────────────────────────┘[0m

[HEARTBEAT 13:31:07] NDX=27677.18  trades=1/2  position=FLAT  pending=NONE

[13:35:06] BAR CLOSED 2026-05-04 13:30:00 | O=27676.93  H=27679.57  L=27655.33  C=27655.34 | NDX tick=27656.26
  [36m┌─ CANDLE DIAGNOSTICS ✔──────────────────────────────────────────┐[0m
  [36m│  EMA-14   :   27637.72[0m
  [36m│  ATR-14   :      27.60 pts[0m
  [36m│  Slope    :     +1.069   [2m[36m[bullish >+0.200 | bearish <-0.400][0m  →  [32m[1mBULLISH[0m
  [36m│  Body     :      21.59 pts   [2m[36m(min 5.00 required)[0m
  [36m│  Bounce   :      33.12 pts   [2m[36m= 1.2 × 27.60 ATR[0m
  [36m│  H−EMA  :     +41.85 pts   [2m[36m(candle high vs EMA; negative = high below EMA)[0m
  [36m│  EMA−L  :     -17.61 pts   [2m[36m(EMA vs candle low;  negative = low above EMA)[0m
  [36m│  SL base  :      22.08 pts   [2m[36m= 0.8 × 27.60 ATR[0m
  [36m│  Risk cap :      60.00 pts[0m
  [36m└────────────────────────────────────────────────────────────────┘[0m
  SIGNAL LONG | entry=27684.57  sl=27637.72  target=27918.80  risk=46.85 pts  qty=1
  TELEGRAM: sent to chat_id=1372083421
  TELEGRAM: sent to chat_id=-5036528161
  TELEGRAM: sent to chat_id=631306695

[HEARTBEAT 13:36:07] NDX=27644.78  trades=1/2  position=FLAT  pending=LONG entry=27684.57

[13:40:06] BAR CLOSED 2026-05-04 13:35:00 | O=27655.82  H=27656.89  L=27638.74  C=27656.14 | NDX tick=27655.85
  [36m┌─ CANDLE DIAGNOSTICS ──────────────────────────────────────────┐[0m
  [36m│  EMA-14   :   27640.18[0m
  [36m│  ATR-14   :      26.22 pts[0m
  [36m│  Slope    :     +1.109   [2m[36m[bullish >+0.200 | bearish <-0.400][0m  →  [32m[1mBULLISH[0m
  [36m│  Body     :       0.32 pts   [2m[36m(min 5.00 required)[0m
  [36m│  Bounce   :      31.46 pts   [2m[36m= 1.2 × 26.22 ATR[0m
  [36m│  H−EMA  :     +16.71 pts   [2m[36m(candle high vs EMA; negative = high below EMA)[0m
  [36m│  EMA−L  :      +1.44 pts   [2m[36m(EMA vs candle low;  negative = low above EMA)[0m
  [36m│  SL base  :      20.98 pts   [2m[36m= 0.8 × 26.22 ATR[0m
  [36m│  Risk cap :      60.00 pts[0m
  [36m└────────────────────────────────────────────────────────────────┘[0m

[HEARTBEAT 13:41:07] NDX=27655.75  trades=1/2  position=FLAT  pending=LONG entry=27684.57

[13:45:06] BAR CLOSED 2026-05-04 13:40:00 | O=27656.54  H=27663.33  L=27648.09  C=27660.55 | NDX tick=27658.33
  [36m┌─ CANDLE DIAGNOSTICS ──────────────────────────────────────────┐[0m
  [36m│  EMA-14   :   27642.90[0m
  [36m│  ATR-14   :      24.96 pts[0m
  [36m│  Slope    :     +1.181   [2m[36m[bullish >+0.200 | bearish <-0.400][0m  →  [32m[1mBULLISH[0m
  [36m│  Body     :       4.01 pts   [2m[36m(min 5.00 required)[0m
  [36m│  Bounce   :      29.95 pts   [2m[36m= 1.2 × 24.96 ATR[0m
  [36m│  H−EMA  :     +20.43 pts   [2m[36m(candle high vs EMA; negative = high below EMA)[0m
  [36m│  EMA−L  :      -5.19 pts   [2m[36m(EMA vs candle low;  negative = low above EMA)[0m
  [36m│  SL base  :      19.97 pts   [2m[36m= 0.8 × 24.96 ATR[0m
  [36m│  Risk cap :      60.00 pts[0m
  [36m└────────────────────────────────────────────────────────────────┘[0m

[HEARTBEAT 13:46:07] NDX=27655.32  trades=1/2  position=FLAT  pending=LONG entry=27684.57

[13:50:06] BAR CLOSED 2026-05-04 13:45:00 | O=27660.69  H=27661.44  L=27651.23  C=27659.81 | NDX tick=27658.43
  [36m┌─ CANDLE DIAGNOSTICS ──────────────────────────────────────────┐[0m
  [36m│  EMA-14   :   27645.15[0m
  [36m│  ATR-14   :      22.58 pts[0m
  [36m│  Slope    :     +1.071   [2m[36m[bullish >+0.200 | bearish <-0.400][0m  →  [32m[1mBULLISH[0m
  [36m│  Body     :       0.88 pts   [2m[36m(min 5.00 required)[0m
  [36m│  Bounce   :      27.09 pts   [2m[36m= 1.2 × 22.58 ATR[0m
  [36m│  H−EMA  :     +16.29 pts   [2m[36m(candle high vs EMA; negative = high below EMA)[0m
  [36m│  EMA−L  :      -6.08 pts   [2m[36m(EMA vs candle low;  negative = low above EMA)[0m
  [36m│  SL base  :      18.06 pts   [2m[36m= 0.8 × 22.58 ATR[0m
  [36m│  Risk cap :      60.00 pts[0m
  [36m└────────────────────────────────────────────────────────────────┘[0m

[HEARTBEAT 13:51:07] NDX=27664.24  trades=1/2  position=FLAT  pending=LONG entry=27684.57

[13:55:06] BAR CLOSED 2026-05-04 13:50:00 | O=27659.78  H=27674.31  L=27656.94  C=27669.53 | NDX tick=27670.08
  [36m┌─ CANDLE DIAGNOSTICS ──────────────────────────────────────────┐[0m
  [36m│  EMA-14   :   27648.40[0m
  [36m│  ATR-14   :      21.65 pts[0m
  [36m│  Slope    :     +0.914   [2m[36m[bullish >+0.200 | bearish <-0.400][0m  →  [32m[1mBULLISH[0m
  [36m│  Body     :       9.75 pts   [2m[36m(min 5.00 required)[0m
  [36m│  Bounce   :      25.98 pts   [2m[36m= 1.2 × 21.65 ATR[0m
  [36m│  H−EMA  :     +25.91 pts   [2m[36m(candle high vs EMA; negative = high below EMA)[0m
  [36m│  EMA−L  :      -8.54 pts   [2m[36m(EMA vs candle low;  negative = low above EMA)[0m
  [36m│  SL base  :      17.32 pts   [2m[36m= 0.8 × 21.65 ATR[0m
  [36m│  Risk cap :      60.00 pts[0m
  [36m└────────────────────────────────────────────────────────────────┘[0m

[HEARTBEAT 13:56:07] NDX=27678.02  trades=1/2  position=FLAT  pending=LONG entry=27684.57

[14:00:06] BAR CLOSED 2026-05-04 13:55:00 | O=27669.13  H=27682.61  L=27669.13  C=27676.42 | NDX tick=27676.45
  [36m┌─ CANDLE DIAGNOSTICS ──────────────────────────────────────────┐[0m
  [36m│  EMA-14   :   27652.14[0m
  [36m│  ATR-14   :      21.50 pts[0m
  [36m│  Slope    :     +0.797   [2m[36m[bullish >+0.200 | bearish <-0.400][0m  →  [32m[1mBULLISH[0m
  [36m│  Body     :       7.29 pts   [2m[36m(min 5.00 required)[0m
  [36m│  Bounce   :      25.79 pts   [2m[36m= 1.2 × 21.50 ATR[0m
  [36m│  H−EMA  :     +30.47 pts   [2m[36m(candle high vs EMA; negative = high below EMA)[0m
  [36m│  EMA−L  :     -16.99 pts   [2m[36m(EMA vs candle low;  negative = low above EMA)[0m
  [36m│  SL base  :      17.20 pts   [2m[36m= 0.8 × 21.50 ATR[0m
  [36m│  Risk cap :      60.00 pts[0m
  [36m└────────────────────────────────────────────────────────────────┘[0m

[HEARTBEAT 14:01:07] NDX=27680.90  trades=1/2  position=FLAT  pending=LONG entry=27684.57

[33m[1m[14:03:02] ENTRY TRIGGERED | LONG | NDX=27686.83 | level=27684.57[0m
  ORDER → NinjaTrader | ENTRY|LONG|1 | MNQ 06-26 | 127.0.0.1:5555
  ENTRY ORDER response: {'success': True, 'message': 'OK: ENTRY LONG 1 MNQ JUN26', 'data': {}}
  NINJA FILL (ENTRY): not captured within window

[14:05:06] BAR CLOSED 2026-05-04 14:00:00 | O=27675.74  H=27694.19  L=27675.74  C=27690.82 | NDX tick=27691.03
  [36m┌─ CANDLE DIAGNOSTICS ──────────────────────────────────────────┐[0m
  [36m│  EMA-14   :   27657.29[0m
  [36m│  ATR-14   :      20.86 pts[0m
  [36m│  Slope    :     +0.938   [2m[36m[bullish >+0.200 | bearish <-0.400][0m  →  [32m[1mBULLISH[0m
  [36m│  Body     :      15.08 pts   [2m[36m(min 5.00 required)[0m
  [36m│  Bounce   :      25.03 pts   [2m[36m= 1.2 × 20.86 ATR[0m
  [36m│  H−EMA  :     +36.90 pts   [2m[36m(candle high vs EMA; negative = high below EMA)[0m
  [36m│  EMA−L  :     -18.45 pts   [2m[36m(EMA vs candle low;  negative = low above EMA)[0m
  [36m│  SL base  :      16.69 pts   [2m[36m= 0.8 × 20.86 ATR[0m
  [36m│  Risk cap :      60.00 pts[0m
  [36m└────────────────────────────────────────────────────────────────┘[0m

[HEARTBEAT 14:06:07] NDX=27696.11  trades=2/2  position=LONG entry=27686.83 sl=27637.72 target=27918.80 step=0 qty=1  pending=NONE

[14:10:06] BAR CLOSED 2026-05-04 14:05:00 | O=27691.24  H=27697.57  L=27676.33  C=27676.83 | NDX tick=27678.44
  [36m┌─ CANDLE DIAGNOSTICS ✔──────────────────────────────────────────┐[0m
  [36m│  EMA-14   :   27659.90[0m
  [36m│  ATR-14   :      21.06 pts[0m
  [36m│  Slope    :     +0.936   [2m[36m[bullish >+0.200 | bearish <-0.400][0m  →  [32m[1mBULLISH[0m
  [36m│  Body     :      14.41 pts   [2m[36m(min 5.00 required)[0m
  [36m│  Bounce   :      25.28 pts   [2m[36m= 1.2 × 21.06 ATR[0m
  [36m│  H−EMA  :     +37.67 pts   [2m[36m(candle high vs EMA; negative = high below EMA)[0m
  [36m│  EMA−L  :     -16.43 pts   [2m[36m(EMA vs candle low;  negative = low above EMA)[0m
  [36m│  SL base  :      16.85 pts   [2m[36m= 0.8 × 21.06 ATR[0m
  [36m│  Risk cap :      60.00 pts[0m
  [36m└────────────────────────────────────────────────────────────────┘[0m
[33m  Signal suppressed — position already open[0m

[HEARTBEAT 14:11:07] NDX=27681.48  trades=2/2  position=LONG entry=27686.83 sl=27637.72 target=27918.80 step=0 qty=1  pending=NONE

[HEARTBEAT 14:16:08] NDX=27667.63  trades=2/2  position=LONG entry=27686.83 sl=27637.72 target=27918.80 step=0 qty=1  pending=NONE

[HEARTBEAT 14:21:08] NDX=27667.63  trades=2/2  position=LONG entry=27686.83 sl=27637.72 target=27918.80 step=0 qty=1  pending=NONE

[HEARTBEAT 14:26:08] NDX=27667.63  trades=2/2  position=LONG entry=27686.83 sl=27637.72 target=27918.80 step=0 qty=1  pending=NONE

[HEARTBEAT 14:31:08] NDX=27667.63  trades=2/2  position=LONG entry=27686.83 sl=27637.72 target=27918.80 step=0 qty=1  pending=NONE

[HEARTBEAT 14:36:08] NDX=27667.63  trades=2/2  position=LONG entry=27686.83 sl=27637.72 target=27918.80 step=0 qty=1  pending=NONE

[HEARTBEAT 14:41:08] NDX=27667.63  trades=2/2  position=LONG entry=27686.83 sl=27637.72 target=27918.80 step=0 qty=1  pending=NONE
