
[36mBroker: NINJATRADER  |  127.0.0.1:5555  |  MNQ 06-26[0m
  Orders enabled: True   Dry run: False
[32m  ✔ NinjaTrader connected | 127.0.0.1:5555 instrument=MNQ 06-26[0m
Startup: STARTUP_FLATTEN=false — skipping auto-flatten

[36mConnecting to massive.com (Polygon.io) data feed...[0m
  Waiting 92s for current 5-min bar to complete (next bar at 12:00:00 NY)...
  Bar complete — fetching warmup bars now.
  Fetching EMA/ATR warmup bars via Polygon REST API...
[32m  ✔ Warmup bars loaded: 376 bars — EMA/ATR ready[0m
  Warmup range: 2026-05-11 09:30 → 2026-05-15 11:55 NY  |  last close=29181.61
[32m  ✔ Massive WebSocket feed started — streaming I:NDX[0m

[36m════════════════════════════════════════════════════════[0m
  Mode         : [31m[1mLIVE ORDERS[0m
  Signal window: 09:30 – 16:00 NY
  Trade window : 10:01 – 16:00 NY
  EOD flatten  : 15:30 NY
  Max trades   : 2/day
[36m════════════════════════════════════════════════════════[0m


[36mNew trading day: 2026-05-15 | trade count reset[0m

[HEARTBEAT 12:00:06] NDX=29183.91  trades=0/2  position=FLAT  pending=NONE
[2026-05-15 11:55:00] SHORT signal rejected: risk 82.68 pts outside allowed range (0, 60.00]

[12:00:06] BAR CLOSED 2026-05-15 11:55:00 | O=29143.84  H=29183.77  L=29118.85  C=29181.61 | NDX tick=29183.91
  [36m┌─ CANDLE DIAGNOSTICS ──────────────────────────────────────────┐[0m
  [36m│  EMA-12   :   29197.53[0m
  [36m│  ATR-14   :      50.31 pts[0m
  [36m│  Slope    :     -0.512   [2m[36m[bullish >+0.200 | bearish <-0.300][0m  →  [31m[1mBEARISH[0m
  [36m│  Body     :      37.77 pts   [2m[36m(min 5.00 required)[0m
  [36m│  Bounce   :      70.43 pts   [2m[36m= 1.4 × 50.31 ATR[0m
  [36m│  H−EMA  :     -13.76 pts   [2m[36m(candle high vs EMA; negative = high below EMA)[0m
  [36m│  EMA−L  :     +78.68 pts   [2m[36m(EMA vs candle low;  negative = low above EMA)[0m
  [36m│  SL base  :      30.18 pts   [2m[36m= 0.6 × 50.31 ATR[0m
  [36m│  Risk cap :      60.00 pts[0m
  [36m└────────────────────────────────────────────────────────────────┘[0m

[HEARTBEAT 12:05:06] NDX=29179.76  trades=0/2  position=FLAT  pending=NONE

[12:05:07] BAR CLOSED 2026-05-15 12:00:00 | O=29182.51  H=29211.93  L=29172.02  C=29183.96 | NDX tick=29179.76
  [36m┌─ CANDLE DIAGNOSTICS ──────────────────────────────────────────┐[0m
  [36m│  EMA-12   :   29195.44[0m
  [36m│  ATR-14   :      49.26 pts[0m
  [36m│  Slope    :     -0.449   [2m[36m[bullish >+0.200 | bearish <-0.300][0m  →  [31m[1mBEARISH[0m
  [36m│  Body     :       1.44 pts   [2m[36m(min 5.00 required)[0m
  [36m│  Bounce   :      68.96 pts   [2m[36m= 1.4 × 49.26 ATR[0m
  [36m│  H−EMA  :     +16.49 pts   [2m[36m(candle high vs EMA; negative = high below EMA)[0m
  [36m│  EMA−L  :     +23.41 pts   [2m[36m(EMA vs candle low;  negative = low above EMA)[0m
  [36m│  SL base  :      29.55 pts   [2m[36m= 0.6 × 49.26 ATR[0m
  [36m│  Risk cap :      60.00 pts[0m
  [36m└────────────────────────────────────────────────────────────────┘[0m

[HEARTBEAT 12:10:06] NDX=29198.83  trades=0/2  position=FLAT  pending=NONE

[12:10:08] BAR CLOSED 2026-05-15 12:05:00 | O=29183.76  H=29201.15  L=29168.56  C=29198.48 | NDX tick=29198.46
  [36m┌─ CANDLE DIAGNOSTICS ──────────────────────────────────────────┐[0m
  [36m│  EMA-12   :   29195.91[0m
  [36m│  ATR-14   :      48.13 pts[0m
  [36m│  Slope    :     -0.308   [2m[36m[bullish >+0.200 | bearish <-0.300][0m  →  [31m[1mBEARISH[0m
  [36m│  Body     :      14.72 pts   [2m[36m(min 5.00 required)[0m
  [36m│  Bounce   :      67.39 pts   [2m[36m= 1.4 × 48.13 ATR[0m
  [36m│  H−EMA  :      +5.24 pts   [2m[36m(candle high vs EMA; negative = high below EMA)[0m
  [36m│  EMA−L  :     +27.35 pts   [2m[36m(EMA vs candle low;  negative = low above EMA)[0m
  [36m│  SL base  :      28.88 pts   [2m[36m= 0.6 × 48.13 ATR[0m
  [36m│  Risk cap :      60.00 pts[0m
  [36m└────────────────────────────────────────────────────────────────┘[0m

[HEARTBEAT 12:15:06] NDX=29187.66  trades=0/2  position=FLAT  pending=NONE

[12:15:14] BAR CLOSED 2026-05-15 12:10:00 | O=29198.57  H=29200.21  L=29156.57  C=29189.77 | NDX tick=29188.74
  [36m┌─ CANDLE DIAGNOSTICS ──────────────────────────────────────────┐[0m
  [36m│  EMA-12   :   29194.96[0m
  [36m│  ATR-14   :      47.52 pts[0m
  [36m│  Slope    :     -0.115   [2m[36m[bullish >+0.200 | bearish <-0.300][0m  →  [37m[1mNEUTRAL[0m
  [36m│  Body     :       8.81 pts   [2m[36m(min 5.00 required)[0m
  [36m│  Bounce   :      66.52 pts   [2m[36m= 1.4 × 47.52 ATR[0m
  [36m│  H−EMA  :      +5.25 pts   [2m[36m(candle high vs EMA; negative = high below EMA)[0m
  [36m│  EMA−L  :     +38.39 pts   [2m[36m(EMA vs candle low;  negative = low above EMA)[0m
  [36m│  SL base  :      28.51 pts   [2m[36m= 0.6 × 47.52 ATR[0m
  [36m│  Risk cap :      60.00 pts[0m
  [36m└────────────────────────────────────────────────────────────────┘[0m

[HEARTBEAT 12:20:06] NDX=29175.41  trades=0/2  position=FLAT  pending=NONE

[12:20:07] BAR CLOSED 2026-05-15 12:15:00 | O=29188.93  H=29190.11  L=29158.31  C=29173.08 | NDX tick=29175.41
  [36m┌─ CANDLE DIAGNOSTICS ──────────────────────────────────────────┐[0m
  [36m│  EMA-12   :   29191.60[0m
  [36m│  ATR-14   :      44.55 pts[0m
  [36m│  Slope    :     -0.133   [2m[36m[bullish >+0.200 | bearish <-0.300][0m  →  [37m[1mNEUTRAL[0m
  [36m│  Body     :      15.85 pts   [2m[36m(min 5.00 required)[0m
  [36m│  Bounce   :      62.38 pts   [2m[36m= 1.4 × 44.55 ATR[0m
  [36m│  H−EMA  :      -1.49 pts   [2m[36m(candle high vs EMA; negative = high below EMA)[0m
  [36m│  EMA−L  :     +33.29 pts   [2m[36m(EMA vs candle low;  negative = low above EMA)[0m
  [36m│  SL base  :      26.73 pts   [2m[36m= 0.6 × 44.55 ATR[0m
  [36m│  Risk cap :      60.00 pts[0m
  [36m└────────────────────────────────────────────────────────────────┘[0m

[HEARTBEAT 12:25:06] NDX=29232.49  trades=0/2  position=FLAT  pending=NONE

[12:25:07] BAR CLOSED 2026-05-15 12:20:00 | O=29173.30  H=29222.93  L=29170.78  C=29220.47 | NDX tick=29232.49
  [36m┌─ CANDLE DIAGNOSTICS ──────────────────────────────────────────┐[0m
  [36m│  EMA-12   :   29196.04[0m
  [36m│  ATR-14   :      44.43 pts[0m
  [36m│  Slope    :     +0.013   [2m[36m[bullish >+0.200 | bearish <-0.300][0m  →  [37m[1mNEUTRAL[0m
  [36m│  Body     :      47.17 pts   [2m[36m(min 5.00 required)[0m
  [36m│  Bounce   :      62.20 pts   [2m[36m= 1.4 × 44.43 ATR[0m
  [36m│  H−EMA  :     +26.89 pts   [2m[36m(candle high vs EMA; negative = high below EMA)[0m
  [36m│  EMA−L  :     +25.25 pts   [2m[36m(EMA vs candle low;  negative = low above EMA)[0m
  [36m│  SL base  :      26.66 pts   [2m[36m= 0.6 × 44.43 ATR[0m
  [36m│  Risk cap :      60.00 pts[0m
  [36m└────────────────────────────────────────────────────────────────┘[0m

[HEARTBEAT 12:30:06] NDX=29239.38  trades=0/2  position=FLAT  pending=NONE

[12:30:08] BAR CLOSED 2026-05-15 12:25:00 | O=29220.44  H=29236.15  L=29216.66  C=29228.64 | NDX tick=29239.52
  [36m┌─ CANDLE DIAGNOSTICS ──────────────────────────────────────────┐[0m
  [36m│  EMA-12   :   29201.05[0m
  [36m│  ATR-14   :      42.77 pts[0m
  [36m│  Slope    :     +0.120   [2m[36m[bullish >+0.200 | bearish <-0.300][0m  →  [37m[1mNEUTRAL[0m
  [36m│  Body     :       8.20 pts   [2m[36m(min 5.00 required)[0m
  [36m│  Bounce   :      59.87 pts   [2m[36m= 1.4 × 42.77 ATR[0m
  [36m│  H−EMA  :     +35.10 pts   [2m[36m(candle high vs EMA; negative = high below EMA)[0m
  [36m│  EMA−L  :     -15.61 pts   [2m[36m(EMA vs candle low;  negative = low above EMA)[0m
  [36m│  SL base  :      25.66 pts   [2m[36m= 0.6 × 42.77 ATR[0m
  [36m│  Risk cap :      60.00 pts[0m
  [36m└────────────────────────────────────────────────────────────────┘[0m

[HEARTBEAT 12:35:06] NDX=29235.89  trades=0/2  position=FLAT  pending=NONE

[12:35:07] BAR CLOSED 2026-05-15 12:30:00 | O=29235.03  H=29249.88  L=29227.28  C=29245.43 | NDX tick=29235.89
  [36m┌─ CANDLE DIAGNOSTICS ──────────────────────────────────────────┐[0m
  [36m│  EMA-12   :   29207.88[0m
  [36m│  ATR-14   :      40.88 pts[0m
  [36m│  Slope    :     +0.316   [2m[36m[bullish >+0.200 | bearish <-0.300][0m  →  [32m[1mBULLISH[0m
  [36m│  Body     :      10.40 pts   [2m[36m(min 5.00 required)[0m
  [36m│  Bounce   :      57.23 pts   [2m[36m= 1.4 × 40.88 ATR[0m
  [36m│  H−EMA  :     +42.00 pts   [2m[36m(candle high vs EMA; negative = high below EMA)[0m
  [36m│  EMA−L  :     -19.40 pts   [2m[36m(EMA vs candle low;  negative = low above EMA)[0m
  [36m│  SL base  :      24.53 pts   [2m[36m= 0.6 × 40.88 ATR[0m
  [36m│  Risk cap :      60.00 pts[0m
  [36m└────────────────────────────────────────────────────────────────┘[0m

[HEARTBEAT 12:40:07] NDX=29231.97  trades=0/2  position=FLAT  pending=NONE

[12:40:37] BAR CLOSED 2026-05-15 12:35:00 | O=29245.01  H=29245.32  L=29222.07  C=29235.81 | NDX tick=29233.98
  [36m┌─ CANDLE DIAGNOSTICS ✔──────────────────────────────────────────┐[0m
  [36m│  EMA-12   :   29212.18[0m
  [36m│  ATR-14   :      39.72 pts[0m
  [36m│  Slope    :     +0.518   [2m[36m[bullish >+0.200 | bearish <-0.300][0m  →  [32m[1mBULLISH[0m
  [36m│  Body     :       9.20 pts   [2m[36m(min 5.00 required)[0m
  [36m│  Bounce   :      55.60 pts   [2m[36m= 1.4 × 39.72 ATR[0m
  [36m│  H−EMA  :     +33.14 pts   [2m[36m(candle high vs EMA; negative = high below EMA)[0m
  [36m│  EMA−L  :      -9.89 pts   [2m[36m(EMA vs candle low;  negative = low above EMA)[0m
  [36m│  SL base  :      23.83 pts   [2m[36m= 0.6 × 39.72 ATR[0m
  [36m│  Risk cap :      60.00 pts[0m
  [36m└────────────────────────────────────────────────────────────────┘[0m
  SIGNAL LONG | entry=29249.32  sl=29212.18  target=29435.02  risk=37.14 pts  qty=2
  TELEGRAM: sent to chat_id=631306695

[33m[1m[12:45:01] ENTRY TRIGGERED | LONG | NDX=29249.33 | level=29249.32[0m
  ORDER → NinjaTrader | ENTRY|LONG|2 | MNQ 06-26 | 127.0.0.1:5555
  ENTRY ORDER response: {'success': True, 'message': 'OK: ENTRY LONG 2 MNQ JUN26', 'data': {}}
  NINJA FILL (ENTRY): not captured within window
  TELEGRAM: sent to chat_id=631306695

[HEARTBEAT 12:45:07] NDX=29251.15  trades=1/2  position=LONG entry=29249.33 sl=29212.18 target=29435.02 step=0 qty=2  pending=NONE

[12:45:08] BAR CLOSED 2026-05-15 12:40:00 | O=29237.22  H=29248.16  L=29226.16  C=29247.80 | NDX tick=29252.33
  [36m┌─ CANDLE DIAGNOSTICS ──────────────────────────────────────────┐[0m
  [36m│  EMA-12   :   29217.66[0m
  [36m│  ATR-14   :      38.28 pts[0m
  [36m│  Slope    :     +0.565   [2m[36m[bullish >+0.200 | bearish <-0.300][0m  →  [32m[1mBULLISH[0m
  [36m│  Body     :      10.59 pts   [2m[36m(min 5.00 required)[0m
  [36m│  Bounce   :      53.60 pts   [2m[36m= 1.4 × 38.28 ATR[0m
  [36m│  H−EMA  :     +30.51 pts   [2m[36m(candle high vs EMA; negative = high below EMA)[0m
  [36m│  EMA−L  :      -8.50 pts   [2m[36m(EMA vs candle low;  negative = low above EMA)[0m
  [36m│  SL base  :      22.97 pts   [2m[36m= 0.6 × 38.28 ATR[0m
  [36m│  Risk cap :      60.00 pts[0m
  [36m└────────────────────────────────────────────────────────────────┘[0m

[HEARTBEAT 12:50:07] NDX=29245.19  trades=1/2  position=LONG entry=29249.33 sl=29212.18 target=29435.02 step=0 qty=2  pending=NONE

[12:50:07] BAR CLOSED 2026-05-15 12:45:00 | O=29248.06  H=29252.93  L=29234.22  C=29240.61 | NDX tick=29245.19
  [36m┌─ CANDLE DIAGNOSTICS ✔──────────────────────────────────────────┐[0m
  [36m│  EMA-12   :   29221.19[0m
  [36m│  ATR-14   :      36.57 pts[0m
  [36m│  Slope    :     +0.551   [2m[36m[bullish >+0.200 | bearish <-0.300][0m  →  [32m[1mBULLISH[0m
  [36m│  Body     :       7.45 pts   [2m[36m(min 5.00 required)[0m
  [36m│  Bounce   :      51.20 pts   [2m[36m= 1.4 × 36.57 ATR[0m
  [36m│  H−EMA  :     +31.74 pts   [2m[36m(candle high vs EMA; negative = high below EMA)[0m
  [36m│  EMA−L  :     -13.03 pts   [2m[36m(EMA vs candle low;  negative = low above EMA)[0m
  [36m│  SL base  :      21.94 pts   [2m[36m= 0.6 × 36.57 ATR[0m
  [36m│  Risk cap :      60.00 pts[0m
  [36m└────────────────────────────────────────────────────────────────┘[0m
[33m  Signal suppressed — position already open[0m

[31m[1m[12:53:04] EXIT | SL | LONG | NDX=29211.53 | level=29212.18 | PnL=-37.15 pts[0m
  ORDER → NinjaTrader | EXIT|LONG|2 | MNQ 06-26 | 127.0.0.1:5555
  EXIT ORDER response: {'success': True, 'message': 'OK: EXIT LONG 2 MNQ JUN26', 'data': {}}
  NINJA FILL (EXIT): not captured within window
  TELEGRAM: sent to chat_id=631306695

[HEARTBEAT 12:55:07] NDX=29196.63  trades=1/2  position=FLAT  pending=NONE

[12:55:08] BAR CLOSED 2026-05-15 12:50:00 | O=29240.29  H=29250.39  L=29187.06  C=29188.55 | NDX tick=29196.89
  [36m┌─ CANDLE DIAGNOSTICS ──────────────────────────────────────────┐[0m
  [36m│  EMA-12   :   29216.17[0m
  [36m│  ATR-14   :      36.20 pts[0m
  [36m│  Slope    :     +0.229   [2m[36m[bullish >+0.200 | bearish <-0.300][0m  →  [32m[1mBULLISH[0m
  [36m│  Body     :      51.74 pts   [2m[36m(min 5.00 required)[0m
  [36m│  Bounce   :      50.68 pts   [2m[36m= 1.4 × 36.20 ATR[0m
  [36m│  H−EMA  :     +34.22 pts   [2m[36m(candle high vs EMA; negative = high below EMA)[0m
  [36m│  EMA−L  :     +29.11 pts   [2m[36m(EMA vs candle low;  negative = low above EMA)[0m
  [36m│  SL base  :      21.72 pts   [2m[36m= 0.6 × 36.20 ATR[0m
  [36m│  Risk cap :      60.00 pts[0m
  [36m└────────────────────────────────────────────────────────────────┘[0m

[33m[1m[Q] Quit requested — exiting WITHOUT squaring off position.{Style.RESET_ALL}
