
[36mBroker: NINJATRADER  |  127.0.0.1:5555  |  MNQ 06-26[0m
  Orders enabled: True   Dry run: False
[32m  ✔ NinjaTrader connected | 127.0.0.1:5555 instrument=MNQ 06-26[0m
Startup: STARTUP_FLATTEN=false — skipping auto-flatten

[36mConnecting to Interactive Brokers TWS...[0m
  Connecting to IBKR | 127.0.0.1:4001  clientId=99 ...
[32m  ✔ IBKR connected | 127.0.0.1:4001[0m
  NDX contract qualified: NDX NASDAQ USD
  Fetching EMA/ATR warmup bars (2 days)...
[32m  ✔ Warmup bars loaded: 156 bars — EMA/ATR ready[0m
  Pausing 5s before live stream subscription (IBKR pacing)...
  Starting live 5-min bar stream (Error 162 below is normal)...
  Live bar stream active: 48 recent bars
[32m  ✔ Real-time NDX tick subscription active[0m

[36m════════════════════════════════════════════════════════[0m
  Mode         : [31m[1mLIVE ORDERS[0m
  Signal window: 09:30 – 16:00 NY
  Trade window : 10:01 – 16:00 NY
  EOD flatten  : 15:30 NY
  Max trades   : 2/day
[36m════════════════════════════════════════════════════════[0m


[36mNew trading day: 2026-05-08 | trade count reset[0m

[HEARTBEAT 09:20:11] NDX=28563.95  trades=0/2  position=FLAT  pending=NONE

[09:20:11] BAR CLOSED 2026-05-07 15:55:00 | O=28541.98  H=28571.28  L=28540.11  C=28563.60 | NDX tick=28563.95
  [36m┌─ CANDLE DIAGNOSTICS ──────────────────────────────────────────┐[0m
  [36m│  EMA-14   :   28536.34[0m
  [36m│  ATR-14   :      34.91 pts[0m
  [36m│  Slope    :     +0.514   [2m[36m[bullish >+0.200 | bearish <-0.300][0m  →  [32m[1mBULLISH[0m
  [36m│  Body     :      21.62 pts   [2m[36m(min 5.00 required)[0m
  [36m│  Bounce   :      48.87 pts   [2m[36m= 1.4 × 34.91 ATR[0m
  [36m│  H−EMA  :     +34.94 pts   [2m[36m(candle high vs EMA; negative = high below EMA)[0m
  [36m│  EMA−L  :      -3.77 pts   [2m[36m(EMA vs candle low;  negative = low above EMA)[0m
  [36m│  SL base  :      20.95 pts   [2m[36m= 0.6 × 34.91 ATR[0m
  [36m│  Risk cap :      60.00 pts[0m
  [36m└────────────────────────────────────────────────────────────────┘[0m

[HEARTBEAT 09:25:11] NDX=28563.95  trades=0/2  position=FLAT  pending=NONE

[HEARTBEAT 09:30:12] NDX=28563.95  trades=0/2  position=FLAT  pending=NONE

[09:30:17] BAR CLOSED 2026-05-07 15:55:00 | O=28541.98  H=28571.28  L=28540.11  C=28563.60 | NDX tick=28762.19
  [36m┌─ CANDLE DIAGNOSTICS ──────────────────────────────────────────┐[0m
  [36m│  EMA-14   :   28536.34[0m
  [36m│  ATR-14   :      34.91 pts[0m
  [36m│  Slope    :     +0.514   [2m[36m[bullish >+0.200 | bearish <-0.300][0m  →  [32m[1mBULLISH[0m
  [36m│  Body     :      21.62 pts   [2m[36m(min 5.00 required)[0m
  [36m│  Bounce   :      48.87 pts   [2m[36m= 1.4 × 34.91 ATR[0m
  [36m│  H−EMA  :     +34.94 pts   [2m[36m(candle high vs EMA; negative = high below EMA)[0m
  [36m│  EMA−L  :      -3.77 pts   [2m[36m(EMA vs candle low;  negative = low above EMA)[0m
  [36m│  SL base  :      20.95 pts   [2m[36m= 0.6 × 34.91 ATR[0m
  [36m│  Risk cap :      60.00 pts[0m
  [36m└────────────────────────────────────────────────────────────────┘[0m

[09:35:02] BAR CLOSED 2026-05-08 09:30:00 | O=28768.12  H=28859.89  L=28751.21  C=28850.93 | NDX tick=28854.27
  [36m┌─ CANDLE DIAGNOSTICS ──────────────────────────────────────────┐[0m
  [36m│  EMA-14   :   28584.74[0m
  [36m│  ATR-14   :      53.78 pts[0m
  [36m│  Slope    :     +1.115   [2m[36m[bullish >+0.200 | bearish <-0.300][0m  →  [32m[1mBULLISH[0m
  [36m│  Body     :      82.81 pts   [2m[36m(min 5.00 required)[0m
  [36m│  Bounce   :      75.29 pts   [2m[36m= 1.4 × 53.78 ATR[0m
  [36m│  H−EMA  :    +275.15 pts   [2m[36m(candle high vs EMA; negative = high below EMA)[0m
  [36m│  EMA−L  :    -166.47 pts   [2m[36m(EMA vs candle low;  negative = low above EMA)[0m
  [36m│  SL base  :      32.27 pts   [2m[36m= 0.6 × 53.78 ATR[0m
  [36m│  Risk cap :      60.00 pts[0m
  [36m└────────────────────────────────────────────────────────────────┘[0m

[HEARTBEAT 09:35:12] NDX=28860.98  trades=0/2  position=FLAT  pending=NONE

[09:40:02] BAR CLOSED 2026-05-08 09:35:00 | O=28853.71  H=28877.50  L=28842.08  C=28855.08 | NDX tick=28853.24
  [36m┌─ CANDLE DIAGNOSTICS ──────────────────────────────────────────┐[0m
  [36m│  EMA-14   :   28626.33[0m
  [36m│  ATR-14   :      52.67 pts[0m
  [36m│  Slope    :     +1.840   [2m[36m[bullish >+0.200 | bearish <-0.300][0m  →  [32m[1mBULLISH[0m
  [36m│  Body     :       1.37 pts   [2m[36m(min 5.00 required)[0m
  [36m│  Bounce   :      73.74 pts   [2m[36m= 1.4 × 52.67 ATR[0m
  [36m│  H−EMA  :    +251.17 pts   [2m[36m(candle high vs EMA; negative = high below EMA)[0m
  [36m│  EMA−L  :    -215.75 pts   [2m[36m(EMA vs candle low;  negative = low above EMA)[0m
  [36m│  SL base  :      31.60 pts   [2m[36m= 0.6 × 52.67 ATR[0m
  [36m│  Risk cap :      60.00 pts[0m
  [36m└────────────────────────────────────────────────────────────────┘[0m

[HEARTBEAT 09:40:12] NDX=28850.60  trades=0/2  position=FLAT  pending=NONE

[09:45:02] BAR CLOSED 2026-05-08 09:40:00 | O=28857.03  H=28888.70  L=28831.50  C=28877.84 | NDX tick=28908.37
  [36m┌─ CANDLE DIAGNOSTICS ──────────────────────────────────────────┐[0m
  [36m│  EMA-14   :   28665.02[0m
  [36m│  ATR-14   :      54.81 pts[0m
  [36m│  Slope    :     +2.438   [2m[36m[bullish >+0.200 | bearish <-0.300][0m  →  [32m[1mBULLISH[0m
  [36m│  Body     :      20.81 pts   [2m[36m(min 5.00 required)[0m
  [36m│  Bounce   :      76.73 pts   [2m[36m= 1.4 × 54.81 ATR[0m
  [36m│  H−EMA  :    +223.68 pts   [2m[36m(candle high vs EMA; negative = high below EMA)[0m
  [36m│  EMA−L  :    -166.48 pts   [2m[36m(EMA vs candle low;  negative = low above EMA)[0m
  [36m│  SL base  :      32.88 pts   [2m[36m= 0.6 × 54.81 ATR[0m
  [36m│  Risk cap :      60.00 pts[0m
  [36m└────────────────────────────────────────────────────────────────┘[0m

[HEARTBEAT 09:45:12] NDX=28903.85  trades=0/2  position=FLAT  pending=NONE

[09:50:02] BAR CLOSED 2026-05-08 09:45:00 | O=28883.09  H=28958.52  L=28883.08  C=28952.57 | NDX tick=28949.80
  [36m┌─ CANDLE DIAGNOSTICS ──────────────────────────────────────────┐[0m
  [36m│  EMA-14   :   28709.26[0m
  [36m│  ATR-14   :      58.93 pts[0m
  [36m│  Slope    :     +2.934   [2m[36m[bullish >+0.200 | bearish <-0.300][0m  →  [32m[1mBULLISH[0m
  [36m│  Body     :      69.48 pts   [2m[36m(min 5.00 required)[0m
  [36m│  Bounce   :      82.50 pts   [2m[36m= 1.4 × 58.93 ATR[0m
  [36m│  H−EMA  :    +249.26 pts   [2m[36m(candle high vs EMA; negative = high below EMA)[0m
  [36m│  EMA−L  :    -173.82 pts   [2m[36m(EMA vs candle low;  negative = low above EMA)[0m
  [36m│  SL base  :      35.36 pts   [2m[36m= 0.6 × 58.93 ATR[0m
  [36m│  Risk cap :      60.00 pts[0m
  [36m└────────────────────────────────────────────────────────────────┘[0m

[HEARTBEAT 09:50:12] NDX=28946.20  trades=0/2  position=FLAT  pending=NONE

[09:55:02] BAR CLOSED 2026-05-08 09:50:00 | O=28952.85  H=28971.49  L=28925.04  C=28946.60 | NDX tick=28947.58
  [36m┌─ CANDLE DIAGNOSTICS ──────────────────────────────────────────┐[0m
  [36m│  EMA-14   :   28745.77[0m
  [36m│  ATR-14   :      59.16 pts[0m
  [36m│  Slope    :     +2.722   [2m[36m[bullish >+0.200 | bearish <-0.300][0m  →  [32m[1mBULLISH[0m
  [36m│  Body     :       6.25 pts   [2m[36m(min 5.00 required)[0m
  [36m│  Bounce   :      82.83 pts   [2m[36m= 1.4 × 59.16 ATR[0m
  [36m│  H−EMA  :    +225.72 pts   [2m[36m(candle high vs EMA; negative = high below EMA)[0m
  [36m│  EMA−L  :    -179.27 pts   [2m[36m(EMA vs candle low;  negative = low above EMA)[0m
  [36m│  SL base  :      35.50 pts   [2m[36m= 0.6 × 59.16 ATR[0m
  [36m│  Risk cap :      60.00 pts[0m
  [36m└────────────────────────────────────────────────────────────────┘[0m

[HEARTBEAT 09:55:12] NDX=28943.13  trades=0/2  position=FLAT  pending=NONE

[10:00:02] BAR CLOSED 2026-05-08 09:55:00 | O=28947.55  H=28990.68  L=28932.41  C=28990.68 | NDX tick=29012.12
  [36m┌─ CANDLE DIAGNOSTICS ──────────────────────────────────────────┐[0m
  [36m│  EMA-14   :   28783.45[0m
  [36m│  ATR-14   :      59.84 pts[0m
  [36m│  Slope    :     +2.626   [2m[36m[bullish >+0.200 | bearish <-0.300][0m  →  [32m[1mBULLISH[0m
  [36m│  Body     :      43.13 pts   [2m[36m(min 5.00 required)[0m
  [36m│  Bounce   :      83.77 pts   [2m[36m= 1.4 × 59.84 ATR[0m
  [36m│  H−EMA  :    +207.23 pts   [2m[36m(candle high vs EMA; negative = high below EMA)[0m
  [36m│  EMA−L  :    -148.96 pts   [2m[36m(EMA vs candle low;  negative = low above EMA)[0m
  [36m│  SL base  :      35.90 pts   [2m[36m= 0.6 × 59.84 ATR[0m
  [36m│  Risk cap :      60.00 pts[0m
  [36m└────────────────────────────────────────────────────────────────┘[0m

[HEARTBEAT 10:00:12] NDX=28994.39  trades=0/2  position=FLAT  pending=NONE

[10:05:02] BAR CLOSED 2026-05-08 10:00:00 | O=28991.95  H=29013.72  L=28977.17  C=29001.42 | NDX tick=28993.50
  [36m┌─ CANDLE DIAGNOSTICS ──────────────────────────────────────────┐[0m
  [36m│  EMA-14   :   28816.99[0m
  [36m│  ATR-14   :      60.61 pts[0m
  [36m│  Slope    :     +2.507   [2m[36m[bullish >+0.200 | bearish <-0.300][0m  →  [32m[1mBULLISH[0m
  [36m│  Body     :       9.47 pts   [2m[36m(min 5.00 required)[0m
  [36m│  Bounce   :      84.85 pts   [2m[36m= 1.4 × 60.61 ATR[0m
  [36m│  H−EMA  :    +196.73 pts   [2m[36m(candle high vs EMA; negative = high below EMA)[0m
  [36m│  EMA−L  :    -160.18 pts   [2m[36m(EMA vs candle low;  negative = low above EMA)[0m
  [36m│  SL base  :      36.36 pts   [2m[36m= 0.6 × 60.61 ATR[0m
  [36m│  Risk cap :      60.00 pts[0m
  [36m└────────────────────────────────────────────────────────────────┘[0m

[HEARTBEAT 10:05:12] NDX=28995.01  trades=0/2  position=FLAT  pending=NONE

[10:10:02] BAR CLOSED 2026-05-08 10:05:00 | O=29000.61  H=29009.44  L=28980.36  C=28996.05 | NDX tick=28990.74
  [36m┌─ CANDLE DIAGNOSTICS ──────────────────────────────────────────┐[0m
  [36m│  EMA-14   :   28844.53[0m
  [36m│  ATR-14   :      60.33 pts[0m
  [36m│  Slope    :     +2.242   [2m[36m[bullish >+0.200 | bearish <-0.300][0m  →  [32m[1mBULLISH[0m
  [36m│  Body     :       4.56 pts   [2m[36m(min 5.00 required)[0m
  [36m│  Bounce   :      84.46 pts   [2m[36m= 1.4 × 60.33 ATR[0m
  [36m│  H−EMA  :    +164.91 pts   [2m[36m(candle high vs EMA; negative = high below EMA)[0m
  [36m│  EMA−L  :    -135.83 pts   [2m[36m(EMA vs candle low;  negative = low above EMA)[0m
  [36m│  SL base  :      36.20 pts   [2m[36m= 0.6 × 60.33 ATR[0m
  [36m│  Risk cap :      60.00 pts[0m
  [36m└────────────────────────────────────────────────────────────────┘[0m

[HEARTBEAT 10:10:12] NDX=28990.39  trades=0/2  position=FLAT  pending=NONE

[10:15:02] BAR CLOSED 2026-05-08 10:10:00 | O=28996.06  H=28998.11  L=28964.88  C=28987.19 | NDX tick=28980.91
  [36m┌─ CANDLE DIAGNOSTICS ──────────────────────────────────────────┐[0m
  [36m│  EMA-14   :   28866.48[0m
  [36m│  ATR-14   :      59.89 pts[0m
  [36m│  Slope    :     +2.016   [2m[36m[bullish >+0.200 | bearish <-0.300][0m  →  [32m[1mBULLISH[0m
  [36m│  Body     :       8.87 pts   [2m[36m(min 5.00 required)[0m
  [36m│  Bounce   :      83.84 pts   [2m[36m= 1.4 × 59.89 ATR[0m
  [36m│  H−EMA  :    +131.63 pts   [2m[36m(candle high vs EMA; negative = high below EMA)[0m
  [36m│  EMA−L  :     -98.40 pts   [2m[36m(EMA vs candle low;  negative = low above EMA)[0m
  [36m│  SL base  :      35.93 pts   [2m[36m= 0.6 × 59.89 ATR[0m
  [36m│  Risk cap :      60.00 pts[0m
  [36m└────────────────────────────────────────────────────────────────┘[0m

[HEARTBEAT 10:15:12] NDX=28985.26  trades=0/2  position=FLAT  pending=NONE

[10:20:02] BAR CLOSED 2026-05-08 10:15:00 | O=28986.94  H=29004.34  L=28975.09  C=29001.28 | NDX tick=28999.92
  [36m┌─ CANDLE DIAGNOSTICS ──────────────────────────────────────────┐[0m
  [36m│  EMA-14   :   28887.22[0m
  [36m│  ATR-14   :      59.41 pts[0m
  [36m│  Slope    :     +1.747   [2m[36m[bullish >+0.200 | bearish <-0.300][0m  →  [32m[1mBULLISH[0m
  [36m│  Body     :      14.34 pts   [2m[36m(min 5.00 required)[0m
  [36m│  Bounce   :      83.17 pts   [2m[36m= 1.4 × 59.41 ATR[0m
  [36m│  H−EMA  :    +117.12 pts   [2m[36m(candle high vs EMA; negative = high below EMA)[0m
  [36m│  EMA−L  :     -87.87 pts   [2m[36m(EMA vs candle low;  negative = low above EMA)[0m
  [36m│  SL base  :      35.64 pts   [2m[36m= 0.6 × 59.41 ATR[0m
  [36m│  Risk cap :      60.00 pts[0m
  [36m└────────────────────────────────────────────────────────────────┘[0m

[HEARTBEAT 10:20:12] NDX=28998.08  trades=0/2  position=FLAT  pending=NONE

[10:25:02] BAR CLOSED 2026-05-08 10:20:00 | O=29001.92  H=29035.42  L=28996.93  C=29033.32 | NDX tick=29036.13
  [36m┌─ CANDLE DIAGNOSTICS ──────────────────────────────────────────┐[0m
  [36m│  EMA-14   :   28909.70[0m
  [36m│  ATR-14   :      60.61 pts[0m
  [36m│  Slope    :     +1.530   [2m[36m[bullish >+0.200 | bearish <-0.300][0m  →  [32m[1mBULLISH[0m
  [36m│  Body     :      31.40 pts   [2m[36m(min 5.00 required)[0m
  [36m│  Bounce   :      84.85 pts   [2m[36m= 1.4 × 60.61 ATR[0m
  [36m│  H−EMA  :    +125.72 pts   [2m[36m(candle high vs EMA; negative = high below EMA)[0m
  [36m│  EMA−L  :     -87.23 pts   [2m[36m(EMA vs candle low;  negative = low above EMA)[0m
  [36m│  SL base  :      36.37 pts   [2m[36m= 0.6 × 60.61 ATR[0m
  [36m│  Risk cap :      60.00 pts[0m
  [36m└────────────────────────────────────────────────────────────────┘[0m

[HEARTBEAT 10:25:12] NDX=29035.10  trades=0/2  position=FLAT  pending=NONE
[2026-05-08 10:25:00] LONG signal rejected: risk 129.59 pts outside allowed range (0, 60.00]

[10:30:02] BAR CLOSED 2026-05-08 10:25:00 | O=29034.43  H=29047.89  L=28988.22  C=28991.61 | NDX tick=28997.84
  [36m┌─ CANDLE DIAGNOSTICS ──────────────────────────────────────────┐[0m
  [36m│  EMA-14   :   28922.30[0m
  [36m│  ATR-14   :      63.28 pts[0m
  [36m│  Slope    :     +1.229   [2m[36m[bullish >+0.200 | bearish <-0.300][0m  →  [32m[1mBULLISH[0m
  [36m│  Body     :      42.82 pts   [2m[36m(min 5.00 required)[0m
  [36m│  Bounce   :      88.59 pts   [2m[36m= 1.4 × 63.28 ATR[0m
  [36m│  H−EMA  :    +125.59 pts   [2m[36m(candle high vs EMA; negative = high below EMA)[0m
  [36m│  EMA−L  :     -65.92 pts   [2m[36m(EMA vs candle low;  negative = low above EMA)[0m
  [36m│  SL base  :      37.97 pts   [2m[36m= 0.6 × 63.28 ATR[0m
  [36m│  Risk cap :      60.00 pts[0m
  [36m└────────────────────────────────────────────────────────────────┘[0m

[HEARTBEAT 10:30:12] NDX=28987.83  trades=0/2  position=FLAT  pending=NONE

[10:35:02] BAR CLOSED 2026-05-08 10:30:00 | O=28993.61  H=29008.64  L=28963.29  C=29006.16 | NDX tick=29003.82
  [36m┌─ CANDLE DIAGNOSTICS ──────────────────────────────────────────┐[0m
  [36m│  EMA-14   :   28935.20[0m
  [36m│  ATR-14   :      62.65 pts[0m
  [36m│  Slope    :     +1.097   [2m[36m[bullish >+0.200 | bearish <-0.300][0m  →  [32m[1mBULLISH[0m
  [36m│  Body     :      12.55 pts   [2m[36m(min 5.00 required)[0m
  [36m│  Bounce   :      87.71 pts   [2m[36m= 1.4 × 62.65 ATR[0m
  [36m│  H−EMA  :     +73.44 pts   [2m[36m(candle high vs EMA; negative = high below EMA)[0m
  [36m│  EMA−L  :     -28.09 pts   [2m[36m(EMA vs candle low;  negative = low above EMA)[0m
  [36m│  SL base  :      37.59 pts   [2m[36m= 0.6 × 62.65 ATR[0m
  [36m│  Risk cap :      60.00 pts[0m
  [36m└────────────────────────────────────────────────────────────────┘[0m

[HEARTBEAT 10:35:12] NDX=28995.65  trades=0/2  position=FLAT  pending=NONE

[10:40:02] BAR CLOSED 2026-05-08 10:35:00 | O=29005.73  H=29005.74  L=28957.75  C=29000.89 | NDX tick=28996.38
  [36m┌─ CANDLE DIAGNOSTICS ──────────────────────────────────────────┐[0m
  [36m│  EMA-14   :   28945.31[0m
  [36m│  ATR-14   :      63.88 pts[0m
  [36m│  Slope    :     +0.909   [2m[36m[bullish >+0.200 | bearish <-0.300][0m  →  [32m[1mBULLISH[0m
  [36m│  Body     :       4.84 pts   [2m[36m(min 5.00 required)[0m
  [36m│  Bounce   :      89.43 pts   [2m[36m= 1.4 × 63.88 ATR[0m
  [36m│  H−EMA  :     +60.43 pts   [2m[36m(candle high vs EMA; negative = high below EMA)[0m
  [36m│  EMA−L  :     -12.44 pts   [2m[36m(EMA vs candle low;  negative = low above EMA)[0m
  [36m│  SL base  :      38.33 pts   [2m[36m= 0.6 × 63.88 ATR[0m
  [36m│  Risk cap :      60.00 pts[0m
  [36m└────────────────────────────────────────────────────────────────┘[0m

[HEARTBEAT 10:40:12] NDX=29003.58  trades=0/2  position=FLAT  pending=NONE

[10:45:02] BAR CLOSED 2026-05-08 10:40:00 | O=29001.50  H=29024.76  L=28982.29  C=29024.76 | NDX tick=29024.02
  [36m┌─ CANDLE DIAGNOSTICS ──────────────────────────────────────────┐[0m
  [36m│  EMA-14   :   28957.53[0m
  [36m│  ATR-14   :      45.75 pts[0m
  [36m│  Slope    :     +1.046   [2m[36m[bullish >+0.200 | bearish <-0.300][0m  →  [32m[1mBULLISH[0m
  [36m│  Body     :      23.26 pts   [2m[36m(min 5.00 required)[0m
  [36m│  Bounce   :      64.05 pts   [2m[36m= 1.4 × 45.75 ATR[0m
  [36m│  H−EMA  :     +67.23 pts   [2m[36m(candle high vs EMA; negative = high below EMA)[0m
  [36m│  EMA−L  :     -24.76 pts   [2m[36m(EMA vs candle low;  negative = low above EMA)[0m
  [36m│  SL base  :      27.45 pts   [2m[36m= 0.6 × 45.75 ATR[0m
  [36m│  Risk cap :      60.00 pts[0m
  [36m└────────────────────────────────────────────────────────────────┘[0m

[HEARTBEAT 10:45:12] NDX=29022.24  trades=0/2  position=FLAT  pending=NONE

[10:50:02] BAR CLOSED 2026-05-08 10:45:00 | O=29024.79  H=29039.82  L=29010.85  C=29033.67 | NDX tick=29033.47
  [36m┌─ CANDLE DIAGNOSTICS ──────────────────────────────────────────┐[0m
  [36m│  EMA-14   :   28969.24[0m
  [36m│  ATR-14   :      45.29 pts[0m
  [36m│  Slope    :     +1.037   [2m[36m[bullish >+0.200 | bearish <-0.300][0m  →  [32m[1mBULLISH[0m
  [36m│  Body     :       8.88 pts   [2m[36m(min 5.00 required)[0m
  [36m│  Bounce   :      63.41 pts   [2m[36m= 1.4 × 45.29 ATR[0m
  [36m│  H−EMA  :     +70.58 pts   [2m[36m(candle high vs EMA; negative = high below EMA)[0m
  [36m│  EMA−L  :     -41.61 pts   [2m[36m(EMA vs candle low;  negative = low above EMA)[0m
  [36m│  SL base  :      27.17 pts   [2m[36m= 0.6 × 45.29 ATR[0m
  [36m│  Risk cap :      60.00 pts[0m
  [36m└────────────────────────────────────────────────────────────────┘[0m

[HEARTBEAT 10:50:12] NDX=29031.27  trades=0/2  position=FLAT  pending=NONE

[10:55:02] BAR CLOSED 2026-05-08 10:50:00 | O=29035.12  H=29042.72  L=29020.14  C=29042.71 | NDX tick=29042.66
  [36m┌─ CANDLE DIAGNOSTICS ──────────────────────────────────────────┐[0m
  [36m│  EMA-14   :   28980.55[0m
  [36m│  ATR-14   :      42.82 pts[0m
  [36m│  Slope    :     +1.059   [2m[36m[bullish >+0.200 | bearish <-0.300][0m  →  [32m[1mBULLISH[0m
  [36m│  Body     :       7.59 pts   [2m[36m(min 5.00 required)[0m
  [36m│  Bounce   :      59.94 pts   [2m[36m= 1.4 × 42.82 ATR[0m
  [36m│  H−EMA  :     +62.17 pts   [2m[36m(candle high vs EMA; negative = high below EMA)[0m
  [36m│  EMA−L  :     -39.59 pts   [2m[36m(EMA vs candle low;  negative = low above EMA)[0m
  [36m│  SL base  :      25.69 pts   [2m[36m= 0.6 × 42.82 ATR[0m
  [36m│  Risk cap :      60.00 pts[0m
  [36m└────────────────────────────────────────────────────────────────┘[0m

[HEARTBEAT 10:55:12] NDX=29050.09  trades=0/2  position=FLAT  pending=NONE

[11:00:02] BAR CLOSED 2026-05-08 10:55:00 | O=29041.78  H=29062.72  L=29041.28  C=29052.62 | NDX tick=29047.67
  [36m┌─ CANDLE DIAGNOSTICS ──────────────────────────────────────────┐[0m
  [36m│  EMA-14   :   28991.63[0m
  [36m│  ATR-14   :      38.59 pts[0m
  [36m│  Slope    :     +1.201   [2m[36m[bullish >+0.200 | bearish <-0.300][0m  →  [32m[1mBULLISH[0m
  [36m│  Body     :      10.84 pts   [2m[36m(min 5.00 required)[0m
  [36m│  Bounce   :      54.02 pts   [2m[36m= 1.4 × 38.59 ATR[0m
  [36m│  H−EMA  :     +71.09 pts   [2m[36m(candle high vs EMA; negative = high below EMA)[0m
  [36m│  EMA−L  :     -49.65 pts   [2m[36m(EMA vs candle low;  negative = low above EMA)[0m
  [36m│  SL base  :      23.15 pts   [2m[36m= 0.6 × 38.59 ATR[0m
  [36m│  Risk cap :      60.00 pts[0m
  [36m└────────────────────────────────────────────────────────────────┘[0m

[HEARTBEAT 11:00:12] NDX=29056.35  trades=0/2  position=FLAT  pending=NONE

[11:05:02] BAR CLOSED 2026-05-08 11:00:00 | O=29050.91  H=29069.28  L=29047.23  C=29056.76 | NDX tick=29059.89
  [36m┌─ CANDLE DIAGNOSTICS ──────────────────────────────────────────┐[0m
  [36m│  EMA-14   :   29001.65[0m
  [36m│  ATR-14   :      36.84 pts[0m
  [36m│  Slope    :     +1.198   [2m[36m[bullish >+0.200 | bearish <-0.300][0m  →  [32m[1mBULLISH[0m
  [36m│  Body     :       5.85 pts   [2m[36m(min 5.00 required)[0m
  [36m│  Bounce   :      51.58 pts   [2m[36m= 1.4 × 36.84 ATR[0m
  [36m│  H−EMA  :     +67.63 pts   [2m[36m(candle high vs EMA; negative = high below EMA)[0m
  [36m│  EMA−L  :     -45.58 pts   [2m[36m(EMA vs candle low;  negative = low above EMA)[0m
  [36m│  SL base  :      22.11 pts   [2m[36m= 0.6 × 36.84 ATR[0m
  [36m│  Risk cap :      60.00 pts[0m
  [36m└────────────────────────────────────────────────────────────────┘[0m

[HEARTBEAT 11:05:12] NDX=29059.39  trades=0/2  position=FLAT  pending=NONE
[2026-05-08 11:05:00] LONG signal rejected: risk 64.46 pts outside allowed range (0, 60.00]

[11:10:02] BAR CLOSED 2026-05-08 11:05:00 | O=29056.91  H=29069.54  L=29049.57  C=29049.92 | NDX tick=29049.52
  [36m┌─ CANDLE DIAGNOSTICS ──────────────────────────────────────────┐[0m
  [36m│  EMA-14   :   29009.08[0m
  [36m│  ATR-14   :      34.11 pts[0m
  [36m│  Slope    :     +1.168   [2m[36m[bullish >+0.200 | bearish <-0.300][0m  →  [32m[1mBULLISH[0m
  [36m│  Body     :       6.99 pts   [2m[36m(min 5.00 required)[0m
  [36m│  Bounce   :      47.75 pts   [2m[36m= 1.4 × 34.11 ATR[0m
  [36m│  H−EMA  :     +60.46 pts   [2m[36m(candle high vs EMA; negative = high below EMA)[0m
  [36m│  EMA−L  :     -40.49 pts   [2m[36m(EMA vs candle low;  negative = low above EMA)[0m
  [36m│  SL base  :      20.46 pts   [2m[36m= 0.6 × 34.11 ATR[0m
  [36m│  Risk cap :      60.00 pts[0m
  [36m└────────────────────────────────────────────────────────────────┘[0m

[HEARTBEAT 11:10:12] NDX=29054.00  trades=0/2  position=FLAT  pending=NONE

[11:15:02] BAR CLOSED 2026-05-08 11:10:00 | O=29050.19  H=29067.38  L=29032.80  C=29039.81 | NDX tick=29038.21
  [36m┌─ CANDLE DIAGNOSTICS ✔──────────────────────────────────────────┐[0m
  [36m│  EMA-14   :   29013.81[0m
  [36m│  ATR-14   :      33.97 pts[0m
  [36m│  Slope    :     +0.979   [2m[36m[bullish >+0.200 | bearish <-0.300][0m  →  [32m[1mBULLISH[0m
  [36m│  Body     :      10.38 pts   [2m[36m(min 5.00 required)[0m
  [36m│  Bounce   :      47.55 pts   [2m[36m= 1.4 × 33.97 ATR[0m
  [36m│  H−EMA  :     +53.57 pts   [2m[36m(candle high vs EMA; negative = high below EMA)[0m
  [36m│  EMA−L  :     -18.99 pts   [2m[36m(EMA vs candle low;  negative = low above EMA)[0m
  [36m│  SL base  :      20.38 pts   [2m[36m= 0.6 × 33.97 ATR[0m
  [36m│  Risk cap :      60.00 pts[0m
  [36m└────────────────────────────────────────────────────────────────┘[0m
  SIGNAL LONG | entry=29071.38  sl=29013.81  target=29359.24  risk=57.57 pts  qty=1
  TELEGRAM: sent to chat_id=1372083421
  TELEGRAM: sent to chat_id=-5036528161
  TELEGRAM: sent to chat_id=631306695

[HEARTBEAT 11:15:12] NDX=29039.66  trades=0/2  position=FLAT  pending=LONG entry=29071.38

[11:20:02] BAR CLOSED 2026-05-08 11:15:00 | O=29039.44  H=29041.13  L=29010.75  C=29031.28 | NDX tick=29032.37
  [36m┌─ CANDLE DIAGNOSTICS ✔──────────────────────────────────────────┐[0m
  [36m│  EMA-14   :   29016.50[0m
  [36m│  ATR-14   :      34.06 pts[0m
  [36m│  Slope    :     +0.730   [2m[36m[bullish >+0.200 | bearish <-0.300][0m  →  [32m[1mBULLISH[0m
  [36m│  Body     :       8.16 pts   [2m[36m(min 5.00 required)[0m
  [36m│  Bounce   :      47.68 pts   [2m[36m= 1.4 × 34.06 ATR[0m
  [36m│  H−EMA  :     +24.63 pts   [2m[36m(candle high vs EMA; negative = high below EMA)[0m
  [36m│  EMA−L  :      +5.75 pts   [2m[36m(EMA vs candle low;  negative = low above EMA)[0m
  [36m│  SL base  :      20.44 pts   [2m[36m= 0.6 × 34.06 ATR[0m
  [36m│  Risk cap :      60.00 pts[0m
  [36m└────────────────────────────────────────────────────────────────┘[0m
  SIGNAL LONG | entry=29045.13  sl=29016.50  target=29188.30  risk=28.63 pts  qty=2
  TELEGRAM: sent to chat_id=1372083421
  TELEGRAM: sent to chat_id=-5036528161
  TELEGRAM: sent to chat_id=631306695

[HEARTBEAT 11:20:12] NDX=29030.80  trades=0/2  position=FLAT  pending=LONG entry=29045.13

[33m[1m[11:20:49] ENTRY TRIGGERED | LONG | NDX=29045.27 | level=29045.13[0m
  ORDER → NinjaTrader | ENTRY|LONG|2 | MNQ 06-26 | 127.0.0.1:5555
  ENTRY ORDER response: {'success': True, 'message': 'OK: ENTRY LONG 2 MNQ JUN26', 'data': {}}
  NINJA FILL (ENTRY): not captured within window
  TELEGRAM: sent to chat_id=1372083421
  TELEGRAM: sent to chat_id=-5036528161
  TELEGRAM: sent to chat_id=631306695

[11:25:02] BAR CLOSED 2026-05-08 11:20:00 | O=29031.70  H=29069.24  L=29030.52  C=29052.70 | NDX tick=29051.35
  [36m┌─ CANDLE DIAGNOSTICS ──────────────────────────────────────────┐[0m
  [36m│  EMA-14   :   29022.07[0m
  [36m│  ATR-14   :      34.45 pts[0m
  [36m│  Slope    :     +0.592   [2m[36m[bullish >+0.200 | bearish <-0.300][0m  →  [32m[1mBULLISH[0m
  [36m│  Body     :      21.00 pts   [2m[36m(min 5.00 required)[0m
  [36m│  Bounce   :      48.23 pts   [2m[36m= 1.4 × 34.45 ATR[0m
  [36m│  H−EMA  :     +47.17 pts   [2m[36m(candle high vs EMA; negative = high below EMA)[0m
  [36m│  EMA−L  :      -8.45 pts   [2m[36m(EMA vs candle low;  negative = low above EMA)[0m
  [36m│  SL base  :      20.67 pts   [2m[36m= 0.6 × 34.45 ATR[0m
  [36m│  Risk cap :      60.00 pts[0m
  [36m└────────────────────────────────────────────────────────────────┘[0m

[HEARTBEAT 11:25:12] NDX=29054.25  trades=1/2  position=LONG entry=29045.27 sl=29016.50 target=29188.30 step=0 qty=2  pending=NONE

[11:30:02] BAR CLOSED 2026-05-08 11:25:00 | O=29052.72  H=29066.78  L=29051.34  C=29066.77 | NDX tick=29067.21
  [36m┌─ CANDLE DIAGNOSTICS ──────────────────────────────────────────┐[0m
  [36m│  EMA-14   :   29028.94[0m
  [36m│  ATR-14   :      33.47 pts[0m
  [36m│  Slope    :     +0.594   [2m[36m[bullish >+0.200 | bearish <-0.300][0m  →  [32m[1mBULLISH[0m
  [36m│  Body     :      14.05 pts   [2m[36m(min 5.00 required)[0m
  [36m│  Bounce   :      46.85 pts   [2m[36m= 1.4 × 33.47 ATR[0m
  [36m│  H−EMA  :     +37.84 pts   [2m[36m(candle high vs EMA; negative = high below EMA)[0m
  [36m│  EMA−L  :     -22.40 pts   [2m[36m(EMA vs candle low;  negative = low above EMA)[0m
  [36m│  SL base  :      20.08 pts   [2m[36m= 0.6 × 33.47 ATR[0m
  [36m│  Risk cap :      60.00 pts[0m
  [36m└────────────────────────────────────────────────────────────────┘[0m

[HEARTBEAT 11:30:12] NDX=29063.08  trades=1/2  position=LONG entry=29045.27 sl=29016.50 target=29188.30 step=0 qty=2  pending=NONE

[11:35:02] BAR CLOSED 2026-05-08 11:30:00 | O=29067.61  H=29071.91  L=29043.02  C=29068.44 | NDX tick=29071.02
  [36m┌─ CANDLE DIAGNOSTICS ──────────────────────────────────────────┐[0m
  [36m│  EMA-14   :   29035.02[0m
  [36m│  ATR-14   :      32.78 pts[0m
  [36m│  Slope    :     +0.647   [2m[36m[bullish >+0.200 | bearish <-0.300][0m  →  [32m[1mBULLISH[0m
  [36m│  Body     :       0.83 pts   [2m[36m(min 5.00 required)[0m
  [36m│  Bounce   :      45.89 pts   [2m[36m= 1.4 × 32.78 ATR[0m
  [36m│  H−EMA  :     +36.89 pts   [2m[36m(candle high vs EMA; negative = high below EMA)[0m
  [36m│  EMA−L  :      -8.00 pts   [2m[36m(EMA vs candle low;  negative = low above EMA)[0m
  [36m│  SL base  :      19.67 pts   [2m[36m= 0.6 × 32.78 ATR[0m
  [36m│  Risk cap :      60.00 pts[0m
  [36m└────────────────────────────────────────────────────────────────┘[0m

[HEARTBEAT 11:35:12] NDX=29077.28  trades=1/2  position=LONG entry=29045.27 sl=29016.50 target=29188.30 step=0 qty=2  pending=NONE

[11:40:02] BAR CLOSED 2026-05-08 11:35:00 | O=29071.66  H=29102.50  L=29071.02  C=29089.25 | NDX tick=29091.84
  [36m┌─ CANDLE DIAGNOSTICS ──────────────────────────────────────────┐[0m
  [36m│  EMA-14   :   29043.36[0m
  [36m│  ATR-14   :      30.95 pts[0m
  [36m│  Slope    :     +0.868   [2m[36m[bullish >+0.200 | bearish <-0.300][0m  →  [32m[1mBULLISH[0m
  [36m│  Body     :      17.59 pts   [2m[36m(min 5.00 required)[0m
  [36m│  Bounce   :      43.33 pts   [2m[36m= 1.4 × 30.95 ATR[0m
  [36m│  H−EMA  :     +59.14 pts   [2m[36m(candle high vs EMA; negative = high below EMA)[0m
  [36m│  EMA−L  :     -27.66 pts   [2m[36m(EMA vs candle low;  negative = low above EMA)[0m
  [36m│  SL base  :      18.57 pts   [2m[36m= 0.6 × 30.95 ATR[0m
  [36m│  Risk cap :      60.00 pts[0m
  [36m└────────────────────────────────────────────────────────────────┘[0m

[HEARTBEAT 11:40:12] NDX=29088.77  trades=1/2  position=LONG entry=29045.27 sl=29016.50 target=29188.30 step=0 qty=2  pending=NONE

[33m[1m[MANUAL EXIT] LONG qty=2 NDX=29072.38 PnL=+27.11 pts[0m
  MANUAL EXIT order response: {'success': True, 'message': 'OK: EXIT LONG 2 MNQ JUN26', 'data': {}}
  TELEGRAM: sent to chat_id=1372083421
  TELEGRAM: sent to chat_id=-5036528161
  TELEGRAM: sent to chat_id=631306695

[11:45:02] BAR CLOSED 2026-05-08 11:40:00 | O=29091.03  H=29096.28  L=29057.33  C=29069.28 | NDX tick=29071.42
  [36m┌─ CANDLE DIAGNOSTICS ✔──────────────────────────────────────────┐[0m
  [36m│  EMA-14   :   29047.35[0m
  [36m│  ATR-14   :      30.49 pts[0m
  [36m│  Slope    :     +0.829   [2m[36m[bullish >+0.200 | bearish <-0.300][0m  →  [32m[1mBULLISH[0m
  [36m│  Body     :      21.75 pts   [2m[36m(min 5.00 required)[0m
  [36m│  Bounce   :      42.69 pts   [2m[36m= 1.4 × 30.49 ATR[0m
  [36m│  H−EMA  :     +48.93 pts   [2m[36m(candle high vs EMA; negative = high below EMA)[0m
  [36m│  EMA−L  :      -9.98 pts   [2m[36m(EMA vs candle low;  negative = low above EMA)[0m
  [36m│  SL base  :      18.30 pts   [2m[36m= 0.6 × 30.49 ATR[0m
  [36m│  Risk cap :      60.00 pts[0m
  [36m└────────────────────────────────────────────────────────────────┘[0m
  SIGNAL LONG | entry=29100.28  sl=29047.35  target=29364.93  risk=52.93 pts  qty=1
  TELEGRAM: sent to chat_id=1372083421
  TELEGRAM: sent to chat_id=-5036528161
  TELEGRAM: sent to chat_id=631306695

[HEARTBEAT 11:45:12] NDX=29067.04  trades=1/2  position=FLAT  pending=LONG entry=29100.28

[33m[1m[11:47:34] ENTRY TRIGGERED | LONG | NDX=29101.00 | level=29100.28[0m
  ORDER → NinjaTrader | ENTRY|LONG|1 | MNQ 06-26 | 127.0.0.1:5555
  ENTRY ORDER response: {'success': True, 'message': 'OK: ENTRY LONG 1 MNQ JUN26', 'data': {}}
  NINJA FILL (ENTRY): not captured within window
  TELEGRAM: sent to chat_id=1372083421
  TELEGRAM: sent to chat_id=-5036528161
  TELEGRAM: sent to chat_id=631306695

[11:50:02] BAR CLOSED 2026-05-08 11:45:00 | O=29070.04  H=29102.17  L=29064.18  C=29090.11 | NDX tick=29089.52
  [36m┌─ CANDLE DIAGNOSTICS ──────────────────────────────────────────┐[0m
  [36m│  EMA-14   :   29053.93[0m
  [36m│  ATR-14   :      29.75 pts[0m
  [36m│  Slope    :     +0.840   [2m[36m[bullish >+0.200 | bearish <-0.300][0m  →  [32m[1mBULLISH[0m
  [36m│  Body     :      20.07 pts   [2m[36m(min 5.00 required)[0m
  [36m│  Bounce   :      41.65 pts   [2m[36m= 1.4 × 29.75 ATR[0m
  [36m│  H−EMA  :     +48.24 pts   [2m[36m(candle high vs EMA; negative = high below EMA)[0m
  [36m│  EMA−L  :     -10.25 pts   [2m[36m(EMA vs candle low;  negative = low above EMA)[0m
  [36m│  SL base  :      17.85 pts   [2m[36m= 0.6 × 29.75 ATR[0m
  [36m│  Risk cap :      60.00 pts[0m
  [36m└────────────────────────────────────────────────────────────────┘[0m

[HEARTBEAT 11:50:12] NDX=29089.18  trades=2/2  position=LONG entry=29101.00 sl=29047.35 target=29364.93 step=0 qty=1  pending=NONE

[11:55:02] BAR CLOSED 2026-05-08 11:50:00 | O=29089.63  H=29095.89  L=29074.33  C=29093.75 | NDX tick=29092.21
  [36m┌─ CANDLE DIAGNOSTICS ──────────────────────────────────────────┐[0m
  [36m│  EMA-14   :   29060.05[0m
  [36m│  ATR-14   :      28.26 pts[0m
  [36m│  Slope    :     +0.886   [2m[36m[bullish >+0.200 | bearish <-0.300][0m  →  [32m[1mBULLISH[0m
  [36m│  Body     :       4.12 pts   [2m[36m(min 5.00 required)[0m
  [36m│  Bounce   :      39.56 pts   [2m[36m= 1.4 × 28.26 ATR[0m
  [36m│  H−EMA  :     +35.84 pts   [2m[36m(candle high vs EMA; negative = high below EMA)[0m
  [36m│  EMA−L  :     -14.28 pts   [2m[36m(EMA vs candle low;  negative = low above EMA)[0m
  [36m│  SL base  :      16.95 pts   [2m[36m= 0.6 × 28.26 ATR[0m
  [36m│  Risk cap :      60.00 pts[0m
  [36m└────────────────────────────────────────────────────────────────┘[0m

[HEARTBEAT 11:55:12] NDX=29085.30  trades=2/2  position=LONG entry=29101.00 sl=29047.35 target=29364.93 step=0 qty=1  pending=NONE

[12:00:02] BAR CLOSED 2026-05-08 11:55:00 | O=29093.18  H=29096.06  L=29071.23  C=29073.67 | NDX tick=29077.13
  [36m┌─ CANDLE DIAGNOSTICS ✔──────────────────────────────────────────┐[0m
  [36m│  EMA-14   :   29062.15[0m
  [36m│  ATR-14   :      27.96 pts[0m
  [36m│  Slope    :     +0.672   [2m[36m[bullish >+0.200 | bearish <-0.300][0m  →  [32m[1mBULLISH[0m
  [36m│  Body     :      19.51 pts   [2m[36m(min 5.00 required)[0m
  [36m│  Bounce   :      39.14 pts   [2m[36m= 1.4 × 27.96 ATR[0m
  [36m│  H−EMA  :     +33.91 pts   [2m[36m(candle high vs EMA; negative = high below EMA)[0m
  [36m│  EMA−L  :      -9.08 pts   [2m[36m(EMA vs candle low;  negative = low above EMA)[0m
  [36m│  SL base  :      16.78 pts   [2m[36m= 0.6 × 27.96 ATR[0m
  [36m│  Risk cap :      60.00 pts[0m
  [36m└────────────────────────────────────────────────────────────────┘[0m
[33m  Signal suppressed — position already open[0m

[HEARTBEAT 12:00:12] NDX=29084.20  trades=2/2  position=LONG entry=29101.00 sl=29047.35 target=29364.93 step=0 qty=1  pending=NONE

[12:05:02] BAR CLOSED 2026-05-08 12:00:00 | O=29075.02  H=29095.43  L=29075.02  C=29085.22 | NDX tick=29087.58
  [36m┌─ CANDLE DIAGNOSTICS ──────────────────────────────────────────┐[0m
  [36m│  EMA-14   :   29065.70[0m
  [36m│  ATR-14   :      27.90 pts[0m
  [36m│  Slope    :     +0.658   [2m[36m[bullish >+0.200 | bearish <-0.300][0m  →  [32m[1mBULLISH[0m
  [36m│  Body     :      10.20 pts   [2m[36m(min 5.00 required)[0m
  [36m│  Bounce   :      39.06 pts   [2m[36m= 1.4 × 27.90 ATR[0m
  [36m│  H−EMA  :     +29.73 pts   [2m[36m(candle high vs EMA; negative = high below EMA)[0m
  [36m│  EMA−L  :      -9.32 pts   [2m[36m(EMA vs candle low;  negative = low above EMA)[0m
  [36m│  SL base  :      16.74 pts   [2m[36m= 0.6 × 27.90 ATR[0m
  [36m│  Risk cap :      60.00 pts[0m
  [36m└────────────────────────────────────────────────────────────────┘[0m

[HEARTBEAT 12:05:12] NDX=29089.26  trades=2/2  position=LONG entry=29101.00 sl=29047.35 target=29364.93 step=0 qty=1  pending=NONE

[12:10:02] BAR CLOSED 2026-05-08 12:05:00 | O=29084.61  H=29094.58  L=29080.41  C=29087.06 | NDX tick=29089.29
  [36m┌─ CANDLE DIAGNOSTICS ──────────────────────────────────────────┐[0m
  [36m│  EMA-14   :   29068.99[0m
  [36m│  ATR-14   :      27.38 pts[0m
  [36m│  Slope    :     +0.550   [2m[36m[bullish >+0.200 | bearish <-0.300][0m  →  [32m[1mBULLISH[0m
  [36m│  Body     :       2.45 pts   [2m[36m(min 5.00 required)[0m
  [36m│  Bounce   :      38.34 pts   [2m[36m= 1.4 × 27.38 ATR[0m
  [36m│  H−EMA  :     +25.59 pts   [2m[36m(candle high vs EMA; negative = high below EMA)[0m
  [36m│  EMA−L  :     -11.42 pts   [2m[36m(EMA vs candle low;  negative = low above EMA)[0m
  [36m│  SL base  :      16.43 pts   [2m[36m= 0.6 × 27.38 ATR[0m
  [36m│  Risk cap :      60.00 pts[0m
  [36m└────────────────────────────────────────────────────────────────┘[0m

[HEARTBEAT 12:10:12] NDX=29089.69  trades=2/2  position=LONG entry=29101.00 sl=29047.35 target=29364.93 step=0 qty=1  pending=NONE

[12:15:02] BAR CLOSED 2026-05-08 12:10:00 | O=29087.68  H=29109.63  L=29080.82  C=29104.37 | NDX tick=29105.05
  [36m┌─ CANDLE DIAGNOSTICS ──────────────────────────────────────────┐[0m
  [36m│  EMA-14   :   29074.43[0m
  [36m│  ATR-14   :      27.87 pts[0m
  [36m│  Slope    :     +0.516   [2m[36m[bullish >+0.200 | bearish <-0.300][0m  →  [32m[1mBULLISH[0m
  [36m│  Body     :      16.69 pts   [2m[36m(min 5.00 required)[0m
  [36m│  Bounce   :      39.01 pts   [2m[36m= 1.4 × 27.87 ATR[0m
  [36m│  H−EMA  :     +35.20 pts   [2m[36m(candle high vs EMA; negative = high below EMA)[0m
  [36m│  EMA−L  :      -6.39 pts   [2m[36m(EMA vs candle low;  negative = low above EMA)[0m
  [36m│  SL base  :      16.72 pts   [2m[36m= 0.6 × 27.87 ATR[0m
  [36m│  Risk cap :      60.00 pts[0m
  [36m└────────────────────────────────────────────────────────────────┘[0m

[HEARTBEAT 12:15:12] NDX=29106.30  trades=2/2  position=LONG entry=29101.00 sl=29047.35 target=29364.93 step=0 qty=1  pending=NONE

[12:20:02] BAR CLOSED 2026-05-08 12:15:00 | O=29104.41  H=29108.63  L=29094.95  C=29094.95 | NDX tick=29097.28
  [36m┌─ CANDLE DIAGNOSTICS ✔──────────────────────────────────────────┐[0m
  [36m│  EMA-14   :   29077.59[0m
  [36m│  ATR-14   :      27.42 pts[0m
  [36m│  Slope    :     +0.563   [2m[36m[bullish >+0.200 | bearish <-0.300][0m  →  [32m[1mBULLISH[0m
  [36m│  Body     :       9.46 pts   [2m[36m(min 5.00 required)[0m
  [36m│  Bounce   :      38.38 pts   [2m[36m= 1.4 × 27.42 ATR[0m
  [36m│  H−EMA  :     +31.04 pts   [2m[36m(candle high vs EMA; negative = high below EMA)[0m
  [36m│  EMA−L  :     -17.36 pts   [2m[36m(EMA vs candle low;  negative = low above EMA)[0m
  [36m│  SL base  :      16.45 pts   [2m[36m= 0.6 × 27.42 ATR[0m
  [36m│  Risk cap :      60.00 pts[0m
  [36m└────────────────────────────────────────────────────────────────┘[0m
[33m  Signal suppressed — position already open[0m

[HEARTBEAT 12:20:12] NDX=29098.30  trades=2/2  position=LONG entry=29101.00 sl=29047.35 target=29364.93 step=0 qty=1  pending=NONE

[12:25:02] BAR CLOSED 2026-05-08 12:20:00 | O=29094.62  H=29113.83  L=29094.61  C=29113.37 | NDX tick=29115.41
  [36m┌─ CANDLE DIAGNOSTICS ──────────────────────────────────────────┐[0m
  [36m│  EMA-14   :   29083.09[0m
  [36m│  ATR-14   :      26.32 pts[0m
  [36m│  Slope    :     +0.661   [2m[36m[bullish >+0.200 | bearish <-0.300][0m  →  [32m[1mBULLISH[0m
  [36m│  Body     :      18.75 pts   [2m[36m(min 5.00 required)[0m
  [36m│  Bounce   :      36.85 pts   [2m[36m= 1.4 × 26.32 ATR[0m
  [36m│  H−EMA  :     +30.74 pts   [2m[36m(candle high vs EMA; negative = high below EMA)[0m
  [36m│  EMA−L  :     -11.52 pts   [2m[36m(EMA vs candle low;  negative = low above EMA)[0m
  [36m│  SL base  :      15.79 pts   [2m[36m= 0.6 × 26.32 ATR[0m
  [36m│  Risk cap :      60.00 pts[0m
  [36m└────────────────────────────────────────────────────────────────┘[0m

[HEARTBEAT 12:25:12] NDX=29116.22  trades=2/2  position=LONG entry=29101.00 sl=29047.35 target=29364.93 step=0 qty=1  pending=NONE

[12:30:02] BAR CLOSED 2026-05-08 12:25:00 | O=29113.30  H=29132.86  L=29110.01  C=29128.05 | NDX tick=29127.65
  [36m┌─ CANDLE DIAGNOSTICS ──────────────────────────────────────────┐[0m
  [36m│  EMA-14   :   29090.01[0m
  [36m│  ATR-14   :      25.78 pts[0m
  [36m│  Slope    :     +0.815   [2m[36m[bullish >+0.200 | bearish <-0.300][0m  →  [32m[1mBULLISH[0m
  [36m│  Body     :      14.75 pts   [2m[36m(min 5.00 required)[0m
  [36m│  Bounce   :      36.09 pts   [2m[36m= 1.4 × 25.78 ATR[0m
  [36m│  H−EMA  :     +42.85 pts   [2m[36m(candle high vs EMA; negative = high below EMA)[0m
  [36m│  EMA−L  :     -20.00 pts   [2m[36m(EMA vs candle low;  negative = low above EMA)[0m
  [36m│  SL base  :      15.47 pts   [2m[36m= 0.6 × 25.78 ATR[0m
  [36m│  Risk cap :      60.00 pts[0m
  [36m└────────────────────────────────────────────────────────────────┘[0m

[HEARTBEAT 12:30:12] NDX=29127.45  trades=2/2  position=LONG entry=29101.00 sl=29047.35 target=29364.93 step=0 qty=1  pending=NONE

[33m[1m[MANUAL EXIT] LONG qty=1 NDX=29123.83 PnL=+22.83 pts[0m
  MANUAL EXIT order response: {'success': True, 'message': 'OK: EXIT LONG 1 MNQ JUN26', 'data': {}}
  TELEGRAM: sent to chat_id=1372083421
  TELEGRAM: sent to chat_id=-5036528161
  TELEGRAM: sent to chat_id=631306695

[12:35:02] BAR CLOSED 2026-05-08 12:30:00 | O=29128.37  H=29131.68  L=29119.18  C=29123.68 | NDX tick=29121.59
  [36m┌─ CANDLE DIAGNOSTICS ──────────────────────────────────────────┐[0m
  [36m│  EMA-14   :   29095.19[0m
  [36m│  ATR-14   :      23.91 pts[0m
  [36m│  Slope    :     +0.868   [2m[36m[bullish >+0.200 | bearish <-0.300][0m  →  [32m[1mBULLISH[0m
  [36m│  Body     :       4.69 pts   [2m[36m(min 5.00 required)[0m
  [36m│  Bounce   :      33.47 pts   [2m[36m= 1.4 × 23.91 ATR[0m
  [36m│  H−EMA  :     +36.49 pts   [2m[36m(candle high vs EMA; negative = high below EMA)[0m
  [36m│  EMA−L  :     -23.99 pts   [2m[36m(EMA vs candle low;  negative = low above EMA)[0m
  [36m│  SL base  :      14.34 pts   [2m[36m= 0.6 × 23.91 ATR[0m
  [36m│  Risk cap :      60.00 pts[0m
  [36m└────────────────────────────────────────────────────────────────┘[0m

[HEARTBEAT 12:35:12] NDX=29115.74  trades=2/2  position=FLAT  pending=NONE

[12:40:02] BAR CLOSED 2026-05-08 12:35:00 | O=29123.45  H=29123.77  L=29097.45  C=29120.90 | NDX tick=29120.19
  [36m┌─ CANDLE DIAGNOSTICS ──────────────────────────────────────────┐[0m
  [36m│  EMA-14   :   29099.14[0m
  [36m│  ATR-14   :      24.69 pts[0m
  [36m│  Slope    :     +0.873   [2m[36m[bullish >+0.200 | bearish <-0.300][0m  →  [32m[1mBULLISH[0m
  [36m│  Body     :       2.55 pts   [2m[36m(min 5.00 required)[0m
  [36m│  Bounce   :      34.56 pts   [2m[36m= 1.4 × 24.69 ATR[0m
  [36m│  H−EMA  :     +24.63 pts   [2m[36m(candle high vs EMA; negative = high below EMA)[0m
  [36m│  EMA−L  :      +1.69 pts   [2m[36m(EMA vs candle low;  negative = low above EMA)[0m
  [36m│  SL base  :      14.81 pts   [2m[36m= 0.6 × 24.69 ATR[0m
  [36m│  Risk cap :      60.00 pts[0m
  [36m└────────────────────────────────────────────────────────────────┘[0m

[HEARTBEAT 12:40:12] NDX=29122.27  trades=2/2  position=FLAT  pending=NONE

[12:45:02] BAR CLOSED 2026-05-08 12:40:00 | O=29121.05  H=29122.43  L=29079.41  C=29079.42 | NDX tick=29080.49
  [36m┌─ CANDLE DIAGNOSTICS ──────────────────────────────────────────┐[0m
  [36m│  EMA-14   :   29096.11[0m
  [36m│  ATR-14   :      25.69 pts[0m
  [36m│  Slope    :     +0.507   [2m[36m[bullish >+0.200 | bearish <-0.300][0m  →  [32m[1mBULLISH[0m
  [36m│  Body     :      41.63 pts   [2m[36m(min 5.00 required)[0m
  [36m│  Bounce   :      35.97 pts   [2m[36m= 1.4 × 25.69 ATR[0m
  [36m│  H−EMA  :     +26.32 pts   [2m[36m(candle high vs EMA; negative = high below EMA)[0m
  [36m│  EMA−L  :     +16.70 pts   [2m[36m(EMA vs candle low;  negative = low above EMA)[0m
  [36m│  SL base  :      15.42 pts   [2m[36m= 0.6 × 25.69 ATR[0m
  [36m│  Risk cap :      60.00 pts[0m
  [36m└────────────────────────────────────────────────────────────────┘[0m

[HEARTBEAT 12:45:12] NDX=29087.61  trades=2/2  position=FLAT  pending=NONE

[12:50:02] BAR CLOSED 2026-05-08 12:45:00 | O=29080.75  H=29126.80  L=29080.49  C=29126.80 | NDX tick=29125.55
  [36m┌─ CANDLE DIAGNOSTICS ──────────────────────────────────────────┐[0m
  [36m│  EMA-14   :   29100.83[0m
  [36m│  ATR-14   :      26.65 pts[0m
  [36m│  Slope    :     +0.406   [2m[36m[bullish >+0.200 | bearish <-0.300][0m  →  [32m[1mBULLISH[0m
  [36m│  Body     :      46.05 pts   [2m[36m(min 5.00 required)[0m
  [36m│  Bounce   :      37.30 pts   [2m[36m= 1.4 × 26.65 ATR[0m
  [36m│  H−EMA  :     +25.97 pts   [2m[36m(candle high vs EMA; negative = high below EMA)[0m
  [36m│  EMA−L  :     +20.34 pts   [2m[36m(EMA vs candle low;  negative = low above EMA)[0m
  [36m│  SL base  :      15.99 pts   [2m[36m= 0.6 × 26.65 ATR[0m
  [36m│  Risk cap :      60.00 pts[0m
  [36m└────────────────────────────────────────────────────────────────┘[0m

[33m[1m[Q] Quit requested — exiting WITHOUT squaring off position.{Style.RESET_ALL}
IBKR disconnected.
