
[36mBroker: NINJATRADER  |  127.0.0.1:5555  |  MNQ 06-26[0m
  Orders enabled: True   Dry run: False
[32m  ✔ NinjaTrader connected | 127.0.0.1:5555 instrument=MNQ 06-26[0m

[33mCRASH RECOVERY: saved state found → {'direction': 'LONG', 'entry_ndx': 27686.83, 'sl': 27637.723589202276, 'target': 27918.802053988617, 'risk': 46.846410797723365, 'qty': 1, 'trail_step': 0, 'entry_time': '2026-05-04T14:03:02.261764-04:00'}[0m
Startup: STARTUP_FLATTEN=false — skipping auto-flatten

[36mConnecting to Interactive Brokers TWS...[0m
  Connecting to IBKR | 127.0.0.1:4001  clientId=99 ...
[32m  ✔ IBKR connected | 127.0.0.1:4001[0m
  NDX contract qualified: NDX NASDAQ USD
  Fetching EMA/ATR warmup bars (2 days)...
[32m  ✔ Warmup bars loaded: 80 bars — EMA/ATR ready[0m
  Pausing 5s before live stream subscription (IBKR pacing)...
  Starting live 5-min bar stream (Error 162 below is normal)...
  Live bar stream active: 49 recent bars
[32m  ✔ Real-time NDX tick subscription active[0m

[36m════════════════════════════════════════════════════════[0m
  Mode         : [31m[1mLIVE ORDERS[0m
  Signal window: 09:30 – 16:00 NY
  Trade window : 10:01 – 16:00 NY
  EOD flatten  : 15:30 NY
  Max trades   : 2/day
[36m════════════════════════════════════════════════════════[0m


[36mNew trading day: 2026-05-05 | trade count reset[0m

[HEARTBEAT 09:36:45] NDX=27651.82  trades=0/2  position=FLAT  pending=NONE

[09:36:45] BAR CLOSED 2026-05-05 09:35:00 | O=27903.72  H=27925.46  L=27903.71  C=27925.46 | NDX tick=27651.82
  [36m┌─ CANDLE DIAGNOSTICS ──────────────────────────────────────────┐[0m
  [36m│  EMA-14   :   27727.19[0m
  [36m│  ATR-14   :      39.45 pts[0m
  [36m│  Slope    :     +1.816   [2m[36m[bullish >+0.200 | bearish <-0.300][0m  →  [32m[1mBULLISH[0m
  [36m│  Body     :      21.74 pts   [2m[36m(min 5.00 required)[0m
  [36m│  Bounce   :      55.23 pts   [2m[36m= 1.4 × 39.45 ATR[0m
  [36m│  H−EMA  :    +198.27 pts   [2m[36m(candle high vs EMA; negative = high below EMA)[0m
  [36m│  EMA−L  :    -176.52 pts   [2m[36m(EMA vs candle low;  negative = low above EMA)[0m
  [36m│  SL base  :      23.67 pts   [2m[36m= 0.6 × 39.45 ATR[0m
  [36m│  Risk cap :      60.00 pts[0m
  [36m└────────────────────────────────────────────────────────────────┘[0m

[09:40:05] BAR CLOSED 2026-05-05 09:35:00 | O=27903.72  H=27947.19  L=27903.71  C=27937.07 | NDX tick=27936.92
  [36m┌─ CANDLE DIAGNOSTICS ──────────────────────────────────────────┐[0m
  [36m│  EMA-14   :   27728.97[0m
  [36m│  ATR-14   :      41.00 pts[0m
  [36m│  Slope    :     +1.791   [2m[36m[bullish >+0.200 | bearish <-0.300][0m  →  [32m[1mBULLISH[0m
  [36m│  Body     :      33.35 pts   [2m[36m(min 5.00 required)[0m
  [36m│  Bounce   :      57.40 pts   [2m[36m= 1.4 × 41.00 ATR[0m
  [36m│  H−EMA  :    +218.22 pts   [2m[36m(candle high vs EMA; negative = high below EMA)[0m
  [36m│  EMA−L  :    -174.74 pts   [2m[36m(EMA vs candle low;  negative = low above EMA)[0m
  [36m│  SL base  :      24.60 pts   [2m[36m= 0.6 × 41.00 ATR[0m
  [36m│  Risk cap :      60.00 pts[0m
  [36m└────────────────────────────────────────────────────────────────┘[0m

[HEARTBEAT 09:41:45] NDX=27955.96  trades=0/2  position=FLAT  pending=NONE

[09:45:05] BAR CLOSED 2026-05-05 09:40:00 | O=27934.22  H=27962.03  L=27930.83  C=27959.04 | NDX tick=27968.04
  [36m┌─ CANDLE DIAGNOSTICS ──────────────────────────────────────────┐[0m
  [36m│  EMA-14   :   27764.37[0m
  [36m│  ATR-14   :      41.54 pts[0m
  [36m│  Slope    :     +2.688   [2m[36m[bullish >+0.200 | bearish <-0.300][0m  →  [32m[1mBULLISH[0m
  [36m│  Body     :      24.82 pts   [2m[36m(min 5.00 required)[0m
  [36m│  Bounce   :      58.15 pts   [2m[36m= 1.4 × 41.54 ATR[0m
  [36m│  H−EMA  :    +197.66 pts   [2m[36m(candle high vs EMA; negative = high below EMA)[0m
  [36m│  EMA−L  :    -166.46 pts   [2m[36m(EMA vs candle low;  negative = low above EMA)[0m
  [36m│  SL base  :      24.92 pts   [2m[36m= 0.6 × 41.54 ATR[0m
  [36m│  Risk cap :      60.00 pts[0m
  [36m└────────────────────────────────────────────────────────────────┘[0m

[HEARTBEAT 09:46:45] NDX=27966.80  trades=0/2  position=FLAT  pending=NONE

[09:50:05] BAR CLOSED 2026-05-05 09:45:00 | O=27962.26  H=27985.79  L=27947.66  C=27957.48 | NDX tick=27957.32
  [36m┌─ CANDLE DIAGNOSTICS ──────────────────────────────────────────┐[0m
  [36m│  EMA-14   :   27794.08[0m
  [36m│  ATR-14   :      41.51 pts[0m
  [36m│  Slope    :     +3.397   [2m[36m[bullish >+0.200 | bearish <-0.300][0m  →  [32m[1mBULLISH[0m
  [36m│  Body     :       4.78 pts   [2m[36m(min 5.00 required)[0m
  [36m│  Bounce   :      58.11 pts   [2m[36m= 1.4 × 41.51 ATR[0m
  [36m│  H−EMA  :    +191.71 pts   [2m[36m(candle high vs EMA; negative = high below EMA)[0m
  [36m│  EMA−L  :    -153.58 pts   [2m[36m(EMA vs candle low;  negative = low above EMA)[0m
  [36m│  SL base  :      24.91 pts   [2m[36m= 0.6 × 41.51 ATR[0m
  [36m│  Risk cap :      60.00 pts[0m
  [36m└────────────────────────────────────────────────────────────────┘[0m

[HEARTBEAT 09:51:45] NDX=27991.81  trades=0/2  position=FLAT  pending=NONE

[09:55:05] BAR CLOSED 2026-05-05 09:50:00 | O=27954.93  H=27994.55  L=27948.28  C=27948.29 | NDX tick=27945.83
  [36m┌─ CANDLE DIAGNOSTICS ──────────────────────────────────────────┐[0m
  [36m│  EMA-14   :   27817.80[0m
  [36m│  ATR-14   :      44.11 pts[0m
  [36m│  Slope    :     +2.872   [2m[36m[bullish >+0.200 | bearish <-0.300][0m  →  [32m[1mBULLISH[0m
  [36m│  Body     :       6.64 pts   [2m[36m(min 5.00 required)[0m
  [36m│  Bounce   :      61.75 pts   [2m[36m= 1.4 × 44.11 ATR[0m
  [36m│  H−EMA  :    +176.75 pts   [2m[36m(candle high vs EMA; negative = high below EMA)[0m
  [36m│  EMA−L  :    -130.48 pts   [2m[36m(EMA vs candle low;  negative = low above EMA)[0m
  [36m│  SL base  :      26.47 pts   [2m[36m= 0.6 × 44.11 ATR[0m
  [36m│  Risk cap :      60.00 pts[0m
  [36m└────────────────────────────────────────────────────────────────┘[0m

[HEARTBEAT 09:56:45] NDX=27956.06  trades=0/2  position=FLAT  pending=NONE

[10:00:05] BAR CLOSED 2026-05-05 09:55:00 | O=27943.50  H=27974.21  L=27942.86  C=27957.05 | NDX tick=27955.21
  [36m┌─ CANDLE DIAGNOSTICS ──────────────────────────────────────────┐[0m
  [36m│  EMA-14   :   27839.22[0m
  [36m│  ATR-14   :      45.33 pts[0m
  [36m│  Slope    :     +2.432   [2m[36m[bullish >+0.200 | bearish <-0.300][0m  →  [32m[1mBULLISH[0m
  [36m│  Body     :      13.55 pts   [2m[36m(min 5.00 required)[0m
  [36m│  Bounce   :      63.46 pts   [2m[36m= 1.4 × 45.33 ATR[0m
  [36m│  H−EMA  :    +134.99 pts   [2m[36m(candle high vs EMA; negative = high below EMA)[0m
  [36m│  EMA−L  :    -103.64 pts   [2m[36m(EMA vs candle low;  negative = low above EMA)[0m
  [36m│  SL base  :      27.20 pts   [2m[36m= 0.6 × 45.33 ATR[0m
  [36m│  Risk cap :      60.00 pts[0m
  [36m└────────────────────────────────────────────────────────────────┘[0m

[HEARTBEAT 10:01:45] NDX=27958.99  trades=0/2  position=FLAT  pending=NONE

[10:05:05] BAR CLOSED 2026-05-05 10:00:00 | O=27959.42  H=27981.11  L=27936.67  C=27977.60 | NDX tick=27976.25
  [36m┌─ CANDLE DIAGNOSTICS ──────────────────────────────────────────┐[0m
  [36m│  EMA-14   :   27860.51[0m
  [36m│  ATR-14   :      47.54 pts[0m
  [36m│  Slope    :     +2.022   [2m[36m[bullish >+0.200 | bearish <-0.300][0m  →  [32m[1mBULLISH[0m
  [36m│  Body     :      18.18 pts   [2m[36m(min 5.00 required)[0m
  [36m│  Bounce   :      66.56 pts   [2m[36m= 1.4 × 47.54 ATR[0m
  [36m│  H−EMA  :    +120.60 pts   [2m[36m(candle high vs EMA; negative = high below EMA)[0m
  [36m│  EMA−L  :     -76.16 pts   [2m[36m(EMA vs candle low;  negative = low above EMA)[0m
  [36m│  SL base  :      28.52 pts   [2m[36m= 0.6 × 47.54 ATR[0m
  [36m│  Risk cap :      60.00 pts[0m
  [36m└────────────────────────────────────────────────────────────────┘[0m

[HEARTBEAT 10:06:45] NDX=27982.48  trades=0/2  position=FLAT  pending=NONE

[10:10:05] BAR CLOSED 2026-05-05 10:05:00 | O=27978.63  H=27984.72  L=27968.58  C=27981.67 | NDX tick=27979.87
  [36m┌─ CANDLE DIAGNOSTICS ──────────────────────────────────────────┐[0m
  [36m│  EMA-14   :   27879.15[0m
  [36m│  ATR-14   :      46.29 pts[0m
  [36m│  Slope    :     +1.838   [2m[36m[bullish >+0.200 | bearish <-0.300][0m  →  [32m[1mBULLISH[0m
  [36m│  Body     :       3.04 pts   [2m[36m(min 5.00 required)[0m
  [36m│  Bounce   :      64.81 pts   [2m[36m= 1.4 × 46.29 ATR[0m
  [36m│  H−EMA  :    +105.57 pts   [2m[36m(candle high vs EMA; negative = high below EMA)[0m
  [36m│  EMA−L  :     -89.43 pts   [2m[36m(EMA vs candle low;  negative = low above EMA)[0m
  [36m│  SL base  :      27.78 pts   [2m[36m= 0.6 × 46.29 ATR[0m
  [36m│  Risk cap :      60.00 pts[0m
  [36m└────────────────────────────────────────────────────────────────┘[0m

[HEARTBEAT 10:11:45] NDX=27963.15  trades=0/2  position=FLAT  pending=NONE
[2026-05-05 10:10:00] LONG signal rejected: risk 105.84 pts outside allowed range (0, 60.00]

[10:15:05] BAR CLOSED 2026-05-05 10:10:00 | O=27980.42  H=27989.29  L=27925.38  C=27933.10 | NDX tick=27919.53
  [36m┌─ CANDLE DIAGNOSTICS ──────────────────────────────────────────┐[0m
  [36m│  EMA-14   :   27887.45[0m
  [36m│  ATR-14   :      49.65 pts[0m
  [36m│  Slope    :     +1.403   [2m[36m[bullish >+0.200 | bearish <-0.300][0m  →  [32m[1mBULLISH[0m
  [36m│  Body     :      47.32 pts   [2m[36m(min 5.00 required)[0m
  [36m│  Bounce   :      69.51 pts   [2m[36m= 1.4 × 49.65 ATR[0m
  [36m│  H−EMA  :    +101.84 pts   [2m[36m(candle high vs EMA; negative = high below EMA)[0m
  [36m│  EMA−L  :     -37.93 pts   [2m[36m(EMA vs candle low;  negative = low above EMA)[0m
  [36m│  SL base  :      29.79 pts   [2m[36m= 0.6 × 49.65 ATR[0m
  [36m│  Risk cap :      60.00 pts[0m
  [36m└────────────────────────────────────────────────────────────────┘[0m

[HEARTBEAT 10:16:45] NDX=27930.09  trades=0/2  position=FLAT  pending=NONE

[10:20:05] BAR CLOSED 2026-05-05 10:15:00 | O=27933.05  H=27964.87  L=27910.68  C=27929.03 | NDX tick=27927.70
  [36m┌─ CANDLE DIAGNOSTICS ──────────────────────────────────────────┐[0m
  [36m│  EMA-14   :   27893.85[0m
  [36m│  ATR-14   :      52.47 pts[0m
  [36m│  Slope    :     +1.041   [2m[36m[bullish >+0.200 | bearish <-0.300][0m  →  [32m[1mBULLISH[0m
  [36m│  Body     :       4.02 pts   [2m[36m(min 5.00 required)[0m
  [36m│  Bounce   :      73.46 pts   [2m[36m= 1.4 × 52.47 ATR[0m
  [36m│  H−EMA  :     +71.02 pts   [2m[36m(candle high vs EMA; negative = high below EMA)[0m
  [36m│  EMA−L  :     -16.83 pts   [2m[36m(EMA vs candle low;  negative = low above EMA)[0m
  [36m│  SL base  :      31.48 pts   [2m[36m= 0.6 × 52.47 ATR[0m
  [36m│  Risk cap :      60.00 pts[0m
  [36m└────────────────────────────────────────────────────────────────┘[0m

[HEARTBEAT 10:21:45] NDX=27945.68  trades=0/2  position=FLAT  pending=NONE

[10:25:05] BAR CLOSED 2026-05-05 10:20:00 | O=27929.11  H=27994.58  L=27925.62  C=27994.57 | NDX tick=28009.19
  [36m┌─ CANDLE DIAGNOSTICS ──────────────────────────────────────────┐[0m
  [36m│  EMA-14   :   27909.34[0m
  [36m│  ATR-14   :      56.49 pts[0m
  [36m│  Slope    :     +0.864   [2m[36m[bullish >+0.200 | bearish <-0.300][0m  →  [32m[1mBULLISH[0m
  [36m│  Body     :      65.46 pts   [2m[36m(min 5.00 required)[0m
  [36m│  Bounce   :      79.09 pts   [2m[36m= 1.4 × 56.49 ATR[0m
  [36m│  H−EMA  :     +85.24 pts   [2m[36m(candle high vs EMA; negative = high below EMA)[0m
  [36m│  EMA−L  :     -16.28 pts   [2m[36m(EMA vs candle low;  negative = low above EMA)[0m
  [36m│  SL base  :      33.90 pts   [2m[36m= 0.6 × 56.49 ATR[0m
  [36m│  Risk cap :      60.00 pts[0m
  [36m└────────────────────────────────────────────────────────────────┘[0m

[HEARTBEAT 10:26:45] NDX=28015.13  trades=0/2  position=FLAT  pending=NONE

[10:30:05] BAR CLOSED 2026-05-05 10:25:00 | O=27992.38  H=28015.13  L=27992.38  C=28001.43 | NDX tick=28004.62
  [36m┌─ CANDLE DIAGNOSTICS ──────────────────────────────────────────┐[0m
  [36m│  EMA-14   :   27923.51[0m
  [36m│  ATR-14   :      56.24 pts[0m
  [36m│  Slope    :     +0.789   [2m[36m[bullish >+0.200 | bearish <-0.300][0m  →  [32m[1mBULLISH[0m
  [36m│  Body     :       9.05 pts   [2m[36m(min 5.00 required)[0m
  [36m│  Bounce   :      78.73 pts   [2m[36m= 1.4 × 56.24 ATR[0m
  [36m│  H−EMA  :     +91.62 pts   [2m[36m(candle high vs EMA; negative = high below EMA)[0m
  [36m│  EMA−L  :     -68.87 pts   [2m[36m(EMA vs candle low;  negative = low above EMA)[0m
  [36m│  SL base  :      33.74 pts   [2m[36m= 0.6 × 56.24 ATR[0m
  [36m│  Risk cap :      60.00 pts[0m
  [36m└────────────────────────────────────────────────────────────────┘[0m

[HEARTBEAT 10:31:45] NDX=28003.56  trades=0/2  position=FLAT  pending=NONE

[10:35:05] BAR CLOSED 2026-05-05 10:30:00 | O=28001.10  H=28014.95  L=27994.38  C=28008.10 | NDX tick=28004.87
  [36m┌─ CANDLE DIAGNOSTICS ──────────────────────────────────────────┐[0m
  [36m│  EMA-14   :   27936.52[0m
  [36m│  ATR-14   :      54.99 pts[0m
  [36m│  Slope    :     +0.892   [2m[36m[bullish >+0.200 | bearish <-0.300][0m  →  [32m[1mBULLISH[0m
  [36m│  Body     :       7.00 pts   [2m[36m(min 5.00 required)[0m
  [36m│  Bounce   :      76.98 pts   [2m[36m= 1.4 × 54.99 ATR[0m
  [36m│  H−EMA  :     +78.43 pts   [2m[36m(candle high vs EMA; negative = high below EMA)[0m
  [36m│  EMA−L  :     -57.86 pts   [2m[36m(EMA vs candle low;  negative = low above EMA)[0m
  [36m│  SL base  :      32.99 pts   [2m[36m= 0.6 × 54.99 ATR[0m
  [36m│  Risk cap :      60.00 pts[0m
  [36m└────────────────────────────────────────────────────────────────┘[0m

[HEARTBEAT 10:36:45] NDX=28003.23  trades=0/2  position=FLAT  pending=NONE
[2026-05-05 10:35:00] LONG signal rejected: risk 78.38 pts outside allowed range (0, 60.00]

[10:40:05] BAR CLOSED 2026-05-05 10:35:00 | O=28007.92  H=28016.62  L=27970.24  C=27973.69 | NDX tick=27972.25
  [36m┌─ CANDLE DIAGNOSTICS ──────────────────────────────────────────┐[0m
  [36m│  EMA-14   :   27942.24[0m
  [36m│  ATR-14   :      56.27 pts[0m
  [36m│  Slope    :     +0.860   [2m[36m[bullish >+0.200 | bearish <-0.300][0m  →  [32m[1mBULLISH[0m
  [36m│  Body     :      34.23 pts   [2m[36m(min 5.00 required)[0m
  [36m│  Bounce   :      78.78 pts   [2m[36m= 1.4 × 56.27 ATR[0m
  [36m│  H−EMA  :     +74.38 pts   [2m[36m(candle high vs EMA; negative = high below EMA)[0m
  [36m│  EMA−L  :     -28.00 pts   [2m[36m(EMA vs candle low;  negative = low above EMA)[0m
  [36m│  SL base  :      33.76 pts   [2m[36m= 0.6 × 56.27 ATR[0m
  [36m│  Risk cap :      60.00 pts[0m
  [36m└────────────────────────────────────────────────────────────────┘[0m

[HEARTBEAT 10:41:45] NDX=27981.89  trades=0/2  position=FLAT  pending=NONE

[10:45:05] BAR CLOSED 2026-05-05 10:40:00 | O=27973.05  H=27997.07  L=27965.63  C=27966.29 | NDX tick=27965.28
  [36m┌─ CANDLE DIAGNOSTICS ✔──────────────────────────────────────────┐[0m
  [36m│  EMA-14   :   27945.94[0m
  [36m│  ATR-14   :      40.17 pts[0m
  [36m│  Slope    :     +0.911   [2m[36m[bullish >+0.200 | bearish <-0.300][0m  →  [32m[1mBULLISH[0m
  [36m│  Body     :       6.76 pts   [2m[36m(min 5.00 required)[0m
  [36m│  Bounce   :      56.23 pts   [2m[36m= 1.4 × 40.17 ATR[0m
  [36m│  H−EMA  :     +51.13 pts   [2m[36m(candle high vs EMA; negative = high below EMA)[0m
  [36m│  EMA−L  :     -19.69 pts   [2m[36m(EMA vs candle low;  negative = low above EMA)[0m
  [36m│  SL base  :      24.10 pts   [2m[36m= 0.6 × 40.17 ATR[0m
  [36m│  Risk cap :      60.00 pts[0m
  [36m└────────────────────────────────────────────────────────────────┘[0m
  SIGNAL LONG | entry=28001.07  sl=27945.94  target=28276.71  risk=55.13 pts  qty=1
  TELEGRAM: sent to chat_id=1372083421
  TELEGRAM: sent to chat_id=-5036528161
  TELEGRAM: sent to chat_id=631306695

[HEARTBEAT 10:46:45] NDX=27971.60  trades=0/2  position=FLAT  pending=LONG entry=28001.07

[10:50:05] BAR CLOSED 2026-05-05 10:45:00 | O=27967.03  H=27983.23  L=27957.71  C=27980.05 | NDX tick=27974.74
  [36m┌─ CANDLE DIAGNOSTICS ──────────────────────────────────────────┐[0m
  [36m│  EMA-14   :   27951.19[0m
  [36m│  ATR-14   :      38.66 pts[0m
  [36m│  Slope    :     +0.716   [2m[36m[bullish >+0.200 | bearish <-0.300][0m  →  [32m[1mBULLISH[0m
  [36m│  Body     :      13.02 pts   [2m[36m(min 5.00 required)[0m
  [36m│  Bounce   :      54.12 pts   [2m[36m= 1.4 × 38.66 ATR[0m
  [36m│  H−EMA  :     +32.04 pts   [2m[36m(candle high vs EMA; negative = high below EMA)[0m
  [36m│  EMA−L  :      -6.52 pts   [2m[36m(EMA vs candle low;  negative = low above EMA)[0m
  [36m│  SL base  :      23.20 pts   [2m[36m= 0.6 × 38.66 ATR[0m
  [36m│  Risk cap :      60.00 pts[0m
  [36m└────────────────────────────────────────────────────────────────┘[0m

[HEARTBEAT 10:51:45] NDX=27961.28  trades=0/2  position=FLAT  pending=LONG entry=28001.07

[10:55:05] BAR CLOSED 2026-05-05 10:50:00 | O=27979.65  H=27987.87  L=27961.22  C=27987.87 | NDX tick=27989.78
  [36m┌─ CANDLE DIAGNOSTICS ──────────────────────────────────────────┐[0m
  [36m│  EMA-14   :   27956.83[0m
  [36m│  ATR-14   :      38.34 pts[0m
  [36m│  Slope    :     +0.530   [2m[36m[bullish >+0.200 | bearish <-0.300][0m  →  [32m[1mBULLISH[0m
  [36m│  Body     :       8.22 pts   [2m[36m(min 5.00 required)[0m
  [36m│  Bounce   :      53.67 pts   [2m[36m= 1.4 × 38.34 ATR[0m
  [36m│  H−EMA  :     +31.04 pts   [2m[36m(candle high vs EMA; negative = high below EMA)[0m
  [36m│  EMA−L  :      -4.39 pts   [2m[36m(EMA vs candle low;  negative = low above EMA)[0m
  [36m│  SL base  :      23.00 pts   [2m[36m= 0.6 × 38.34 ATR[0m
  [36m│  Risk cap :      60.00 pts[0m
  [36m└────────────────────────────────────────────────────────────────┘[0m

[HEARTBEAT 10:56:45] NDX=27989.40  trades=0/2  position=FLAT  pending=LONG entry=28001.07

[11:00:05] BAR CLOSED 2026-05-05 10:55:00 | O=27988.21  H=27993.34  L=27975.95  C=27975.95 | NDX tick=27973.24
  [36m┌─ CANDLE DIAGNOSTICS ✔──────────────────────────────────────────┐[0m
  [36m│  EMA-14   :   27959.77[0m
  [36m│  ATR-14   :      36.85 pts[0m
  [36m│  Slope    :     +0.476   [2m[36m[bullish >+0.200 | bearish <-0.300][0m  →  [32m[1mBULLISH[0m
  [36m│  Body     :      12.26 pts   [2m[36m(min 5.00 required)[0m
  [36m│  Bounce   :      51.60 pts   [2m[36m= 1.4 × 36.85 ATR[0m
  [36m│  H−EMA  :     +33.57 pts   [2m[36m(candle high vs EMA; negative = high below EMA)[0m
  [36m│  EMA−L  :     -16.18 pts   [2m[36m(EMA vs candle low;  negative = low above EMA)[0m
  [36m│  SL base  :      22.11 pts   [2m[36m= 0.6 × 36.85 ATR[0m
  [36m│  Risk cap :      60.00 pts[0m
  [36m└────────────────────────────────────────────────────────────────┘[0m
  SIGNAL LONG | entry=27997.34  sl=27959.77  target=28185.17  risk=37.57 pts  qty=1
  TELEGRAM: sent to chat_id=1372083421
  TELEGRAM: sent to chat_id=-5036528161
  TELEGRAM: sent to chat_id=631306695

[HEARTBEAT 11:01:45] NDX=27975.91  trades=0/2  position=FLAT  pending=LONG entry=27997.34

[33m[1m[11:04:40] ENTRY TRIGGERED | LONG | NDX=27997.59 | level=27997.34[0m
  ORDER → NinjaTrader | ENTRY|LONG|1 | MNQ 06-26 | 127.0.0.1:5555
  ENTRY ORDER response: {'success': True, 'message': 'OK: ENTRY LONG 1 MNQ JUN26', 'data': {}}
  NINJA FILL (ENTRY): not captured within window
  TELEGRAM: sent to chat_id=1372083421
  TELEGRAM: sent to chat_id=-5036528161
  TELEGRAM: sent to chat_id=631306695

[11:05:05] BAR CLOSED 2026-05-05 11:00:00 | O=27974.17  H=28001.11  L=27967.22  C=28000.97 | NDX tick=28002.00
  [36m┌─ CANDLE DIAGNOSTICS ──────────────────────────────────────────┐[0m
  [36m│  EMA-14   :   27966.11[0m
  [36m│  ATR-14   :      35.97 pts[0m
  [36m│  Slope    :     +0.561   [2m[36m[bullish >+0.200 | bearish <-0.300][0m  →  [32m[1mBULLISH[0m
  [36m│  Body     :      26.80 pts   [2m[36m(min 5.00 required)[0m
  [36m│  Bounce   :      50.36 pts   [2m[36m= 1.4 × 35.97 ATR[0m
  [36m│  H−EMA  :     +35.00 pts   [2m[36m(candle high vs EMA; negative = high below EMA)[0m
  [36m│  EMA−L  :      -1.11 pts   [2m[36m(EMA vs candle low;  negative = low above EMA)[0m
  [36m│  SL base  :      21.58 pts   [2m[36m= 0.6 × 35.97 ATR[0m
  [36m│  Risk cap :      60.00 pts[0m
  [36m└────────────────────────────────────────────────────────────────┘[0m

[11:06:07] FATAL ERROR: Invalid format specifier '.2f if live_price else '—'' for object of type 'float'
Emergency flatten attempt...
  FLATTEN response: {'success': True, 'message': 'OK: FLATTEN MNQ JUN26', 'data': {}}
IBKR disconnected.

[36mBroker: NINJATRADER  |  127.0.0.1:5555  |  MNQ 06-26[0m
  Orders enabled: True   Dry run: False
[31m[1m  ✖ NinjaTrader ping failed: TCP error: [WinError 1225] The remote computer refused the network connection[0m

[31m[1m╔══ NINJATRADER CONNECTION FAILED ═══════════════════════╗
║                                                        ║
║  Cannot reach PythonOrderServer on TCP socket.         ║
║                                                        ║
║  To fix:                                               ║
║  1. Open NinjaTrader 8                                 ║
║  2. Enable the PythonOrderServer AddOn                 ║
║  3. Confirm it is listening on                         ║
║     127.0.0.1:5555  (config.yaml → ninjatrader.port)     ║
║  4. Restart this script                                ║
║                                                        ║
╚════════════════════════════════════════════════════════╝[0m
  Aborting: NinjaTrader connection is required for order execution.

[36mBroker: NINJATRADER  |  127.0.0.1:5555  |  MNQ 06-26[0m
  Orders enabled: True   Dry run: False
[32m  ✔ NinjaTrader connected | 127.0.0.1:5555 instrument=MNQ 06-26[0m
Startup: STARTUP_FLATTEN=false — skipping auto-flatten

[36mConnecting to Interactive Brokers TWS...[0m
  Connecting to IBKR | 127.0.0.1:4001  clientId=99 ...
[32m  ✔ IBKR connected | 127.0.0.1:4001[0m
  NDX contract qualified: NDX NASDAQ USD
  Fetching EMA/ATR warmup bars (2 days)...
[32m  ✔ Warmup bars loaded: 98 bars — EMA/ATR ready[0m
  Pausing 5s before live stream subscription (IBKR pacing)...
  Starting live 5-min bar stream (Error 162 below is normal)...
  Live bar stream active: 48 recent bars
[32m  ✔ Real-time NDX tick subscription active[0m

[36m════════════════════════════════════════════════════════[0m
  Mode         : [31m[1mLIVE ORDERS[0m
  Signal window: 09:30 – 16:00 NY
  Trade window : 10:01 – 16:00 NY
  EOD flatten  : 15:30 NY
  Max trades   : 2/day
[36m════════════════════════════════════════════════════════[0m


[36mNew trading day: 2026-05-05 | trade count reset[0m

[HEARTBEAT 11:10:10] NDX=27997.83  trades=0/2  position=FLAT  pending=NONE

[11:10:10] BAR CLOSED 2026-05-05 11:05:00 | O=28003.01  H=28010.74  L=27988.29  C=27995.37 | NDX tick=27997.83
  [36m┌─ CANDLE DIAGNOSTICS ✔──────────────────────────────────────────┐[0m
  [36m│  EMA-14   :   27970.61[0m
  [36m│  ATR-14   :      35.33 pts[0m
  [36m│  Slope    :     +0.550   [2m[36m[bullish >+0.200 | bearish <-0.300][0m  →  [32m[1mBULLISH[0m
  [36m│  Body     :       7.64 pts   [2m[36m(min 5.00 required)[0m
  [36m│  Bounce   :      49.47 pts   [2m[36m= 1.4 × 35.33 ATR[0m
  [36m│  H−EMA  :     +40.13 pts   [2m[36m(candle high vs EMA; negative = high below EMA)[0m
  [36m│  EMA−L  :     -17.68 pts   [2m[36m(EMA vs candle low;  negative = low above EMA)[0m
  [36m│  SL base  :      21.20 pts   [2m[36m= 0.6 × 35.33 ATR[0m
  [36m│  Risk cap :      60.00 pts[0m
  [36m└────────────────────────────────────────────────────────────────┘[0m
  SIGNAL LONG | entry=28014.74  sl=27970.61  target=28235.37  risk=44.13 pts  qty=1
  TELEGRAM: sent to chat_id=1372083421
  TELEGRAM: sent to chat_id=-5036528161
  TELEGRAM: sent to chat_id=631306695

[33m[1m[11:14:55] ENTRY TRIGGERED | LONG | NDX=28014.96 | level=28014.74[0m
  ORDER → NinjaTrader | ENTRY|LONG|1 | MNQ 06-26 | 127.0.0.1:5555
  ENTRY ORDER response: {'success': True, 'message': 'OK: ENTRY LONG 1 MNQ JUN26', 'data': {}}
  NINJA FILL (ENTRY): not captured within window
  TELEGRAM: sent to chat_id=1372083421
  TELEGRAM: sent to chat_id=-5036528161
  TELEGRAM: sent to chat_id=631306695

[11:15:05] BAR CLOSED 2026-05-05 11:10:00 | O=27995.95  H=28016.04  L=27995.23  C=28016.04 | NDX tick=28015.25
  [36m┌─ CANDLE DIAGNOSTICS ──────────────────────────────────────────┐[0m
  [36m│  EMA-14   :   27977.60[0m
  [36m│  ATR-14   :      33.65 pts[0m
  [36m│  Slope    :     +0.617   [2m[36m[bullish >+0.200 | bearish <-0.300][0m  →  [32m[1mBULLISH[0m
  [36m│  Body     :      20.09 pts   [2m[36m(min 5.00 required)[0m
  [36m│  Bounce   :      47.10 pts   [2m[36m= 1.4 × 33.65 ATR[0m
  [36m│  H−EMA  :     +38.44 pts   [2m[36m(candle high vs EMA; negative = high below EMA)[0m
  [36m│  EMA−L  :     -17.63 pts   [2m[36m(EMA vs candle low;  negative = low above EMA)[0m
  [36m│  SL base  :      20.19 pts   [2m[36m= 0.6 × 33.65 ATR[0m
  [36m│  Risk cap :      60.00 pts[0m
  [36m└────────────────────────────────────────────────────────────────┘[0m

[HEARTBEAT 11:15:10] NDX=28018.47  trades=1/2  position=LONG entry=28014.96 sl=27970.61 target=28235.37 step=0 qty=1  pending=NONE

[11:20:05] BAR CLOSED 2026-05-05 11:15:00 | O=28014.97  H=28018.56  L=28002.11  C=28006.72 | NDX tick=28004.04
  [36m┌─ CANDLE DIAGNOSTICS ✔──────────────────────────────────────────┐[0m
  [36m│  EMA-14   :   27982.08[0m
  [36m│  ATR-14   :      33.67 pts[0m
  [36m│  Slope    :     +0.663   [2m[36m[bullish >+0.200 | bearish <-0.300][0m  →  [32m[1mBULLISH[0m
  [36m│  Body     :       8.25 pts   [2m[36m(min 5.00 required)[0m
  [36m│  Bounce   :      47.14 pts   [2m[36m= 1.4 × 33.67 ATR[0m
  [36m│  H−EMA  :     +36.48 pts   [2m[36m(candle high vs EMA; negative = high below EMA)[0m
  [36m│  EMA−L  :     -20.03 pts   [2m[36m(EMA vs candle low;  negative = low above EMA)[0m
  [36m│  SL base  :      20.20 pts   [2m[36m= 0.6 × 33.67 ATR[0m
  [36m│  Risk cap :      60.00 pts[0m
  [36m└────────────────────────────────────────────────────────────────┘[0m
[33m  Signal suppressed — position already open[0m

[HEARTBEAT 11:20:10] NDX=28003.87  trades=1/2  position=LONG entry=28014.96 sl=27970.61 target=28235.37 step=0 qty=1  pending=NONE

[11:25:05] BAR CLOSED 2026-05-05 11:20:00 | O=28006.41  H=28018.12  L=28000.58  C=28004.28 | NDX tick=28001.61
  [36m┌─ CANDLE DIAGNOSTICS ──────────────────────────────────────────┐[0m
  [36m│  EMA-14   :   27985.50[0m
  [36m│  ATR-14   :      30.36 pts[0m
  [36m│  Slope    :     +0.639   [2m[36m[bullish >+0.200 | bearish <-0.300][0m  →  [32m[1mBULLISH[0m
  [36m│  Body     :       2.13 pts   [2m[36m(min 5.00 required)[0m
  [36m│  Bounce   :      42.50 pts   [2m[36m= 1.4 × 30.36 ATR[0m
  [36m│  H−EMA  :     +32.62 pts   [2m[36m(candle high vs EMA; negative = high below EMA)[0m
  [36m│  EMA−L  :     -15.08 pts   [2m[36m(EMA vs candle low;  negative = low above EMA)[0m
  [36m│  SL base  :      18.21 pts   [2m[36m= 0.6 × 30.36 ATR[0m
  [36m│  Risk cap :      60.00 pts[0m
  [36m└────────────────────────────────────────────────────────────────┘[0m

[HEARTBEAT 11:25:10] NDX=28002.61  trades=1/2  position=LONG entry=28014.96 sl=27970.61 target=28235.37 step=0 qty=1  pending=NONE

[11:30:05] BAR CLOSED 2026-05-05 11:25:00 | O=28002.88  H=28015.59  L=27996.82  C=28008.21 | NDX tick=28009.78
  [36m┌─ CANDLE DIAGNOSTICS ──────────────────────────────────────────┐[0m
  [36m│  EMA-14   :   27988.99[0m
  [36m│  ATR-14   :      27.83 pts[0m
  [36m│  Slope    :     +0.660   [2m[36m[bullish >+0.200 | bearish <-0.300][0m  →  [32m[1mBULLISH[0m
  [36m│  Body     :       5.33 pts   [2m[36m(min 5.00 required)[0m
  [36m│  Bounce   :      38.96 pts   [2m[36m= 1.4 × 27.83 ATR[0m
  [36m│  H−EMA  :     +26.60 pts   [2m[36m(candle high vs EMA; negative = high below EMA)[0m
  [36m│  EMA−L  :      -7.83 pts   [2m[36m(EMA vs candle low;  negative = low above EMA)[0m
  [36m│  SL base  :      16.70 pts   [2m[36m= 0.6 × 27.83 ATR[0m
  [36m│  Risk cap :      60.00 pts[0m
  [36m└────────────────────────────────────────────────────────────────┘[0m

[HEARTBEAT 11:30:10] NDX=28007.35  trades=1/2  position=LONG entry=28014.96 sl=27970.61 target=28235.37 step=0 qty=1  pending=NONE

[11:35:05] BAR CLOSED 2026-05-05 11:30:00 | O=28010.83  H=28013.03  L=27992.66  C=28001.14 | NDX tick=28003.90
  [36m┌─ CANDLE DIAGNOSTICS ✔──────────────────────────────────────────┐[0m
  [36m│  EMA-14   :   27990.86[0m
  [36m│  ATR-14   :      24.36 pts[0m
  [36m│  Slope    :     +0.544   [2m[36m[bullish >+0.200 | bearish <-0.300][0m  →  [32m[1mBULLISH[0m
  [36m│  Body     :       9.69 pts   [2m[36m(min 5.00 required)[0m
  [36m│  Bounce   :      34.10 pts   [2m[36m= 1.4 × 24.36 ATR[0m
  [36m│  H−EMA  :     +22.17 pts   [2m[36m(candle high vs EMA; negative = high below EMA)[0m
  [36m│  EMA−L  :      -1.80 pts   [2m[36m(EMA vs candle low;  negative = low above EMA)[0m
  [36m│  SL base  :      14.61 pts   [2m[36m= 0.6 × 24.36 ATR[0m
  [36m│  Risk cap :      60.00 pts[0m
  [36m└────────────────────────────────────────────────────────────────┘[0m
[33m  Signal suppressed — position already open[0m

[HEARTBEAT 11:35:10] NDX=28003.39  trades=1/2  position=LONG entry=28014.96 sl=27970.61 target=28235.37 step=0 qty=1  pending=NONE

[11:40:05] BAR CLOSED 2026-05-05 11:35:00 | O=28001.84  H=28022.47  L=28001.83  C=28013.09 | NDX tick=28018.60
  [36m┌─ CANDLE DIAGNOSTICS ──────────────────────────────────────────┐[0m
  [36m│  EMA-14   :   27994.28[0m
  [36m│  ATR-14   :      24.25 pts[0m
  [36m│  Slope    :     +0.503   [2m[36m[bullish >+0.200 | bearish <-0.300][0m  →  [32m[1mBULLISH[0m
  [36m│  Body     :      11.25 pts   [2m[36m(min 5.00 required)[0m
  [36m│  Bounce   :      33.96 pts   [2m[36m= 1.4 × 24.25 ATR[0m
  [36m│  H−EMA  :     +28.19 pts   [2m[36m(candle high vs EMA; negative = high below EMA)[0m
  [36m│  EMA−L  :      -7.55 pts   [2m[36m(EMA vs candle low;  negative = low above EMA)[0m
  [36m│  SL base  :      14.55 pts   [2m[36m= 0.6 × 24.25 ATR[0m
  [36m│  Risk cap :      60.00 pts[0m
  [36m└────────────────────────────────────────────────────────────────┘[0m

[HEARTBEAT 11:40:10] NDX=28016.93  trades=1/2  position=LONG entry=28014.96 sl=27970.61 target=28235.37 step=0 qty=1  pending=NONE

[11:45:05] BAR CLOSED 2026-05-05 11:40:00 | O=28015.06  H=28020.04  L=28012.17  C=28017.05 | NDX tick=28017.81
  [36m┌─ CANDLE DIAGNOSTICS ──────────────────────────────────────────┐[0m
  [36m│  EMA-14   :   27997.78[0m
  [36m│  ATR-14   :      23.35 pts[0m
  [36m│  Slope    :     +0.526   [2m[36m[bullish >+0.200 | bearish <-0.300][0m  →  [32m[1mBULLISH[0m
  [36m│  Body     :       1.99 pts   [2m[36m(min 5.00 required)[0m
  [36m│  Bounce   :      32.69 pts   [2m[36m= 1.4 × 23.35 ATR[0m
  [36m│  H−EMA  :     +22.26 pts   [2m[36m(candle high vs EMA; negative = high below EMA)[0m
  [36m│  EMA−L  :     -14.39 pts   [2m[36m(EMA vs candle low;  negative = low above EMA)[0m
  [36m│  SL base  :      14.01 pts   [2m[36m= 0.6 × 23.35 ATR[0m
  [36m│  Risk cap :      60.00 pts[0m
  [36m└────────────────────────────────────────────────────────────────┘[0m

[HEARTBEAT 11:45:10] NDX=28016.37  trades=1/2  position=LONG entry=28014.96 sl=27970.61 target=28235.37 step=0 qty=1  pending=NONE

[11:50:05] BAR CLOSED 2026-05-05 11:45:00 | O=28017.15  H=28027.98  L=28016.05  C=28022.69 | NDX tick=28024.58
  [36m┌─ CANDLE DIAGNOSTICS ──────────────────────────────────────────┐[0m
  [36m│  EMA-14   :   28001.61[0m
  [36m│  ATR-14   :      20.89 pts[0m
  [36m│  Slope    :     +0.604   [2m[36m[bullish >+0.200 | bearish <-0.300][0m  →  [32m[1mBULLISH[0m
  [36m│  Body     :       5.54 pts   [2m[36m(min 5.00 required)[0m
  [36m│  Bounce   :      29.24 pts   [2m[36m= 1.4 × 20.89 ATR[0m
  [36m│  H−EMA  :     +26.37 pts   [2m[36m(candle high vs EMA; negative = high below EMA)[0m
  [36m│  EMA−L  :     -14.44 pts   [2m[36m(EMA vs candle low;  negative = low above EMA)[0m
  [36m│  SL base  :      12.53 pts   [2m[36m= 0.6 × 20.89 ATR[0m
  [36m│  Risk cap :      60.00 pts[0m
  [36m└────────────────────────────────────────────────────────────────┘[0m

[HEARTBEAT 11:50:10] NDX=28024.50  trades=1/2  position=LONG entry=28014.96 sl=27970.61 target=28235.37 step=0 qty=1  pending=NONE

[11:55:05] BAR CLOSED 2026-05-05 11:50:00 | O=28022.47  H=28027.00  L=28014.24  C=28019.55 | NDX tick=28015.06
  [36m┌─ CANDLE DIAGNOSTICS ──────────────────────────────────────────┐[0m
  [36m│  EMA-14   :   28004.37[0m
  [36m│  ATR-14   :      19.55 pts[0m
  [36m│  Slope    :     +0.691   [2m[36m[bullish >+0.200 | bearish <-0.300][0m  →  [32m[1mBULLISH[0m
  [36m│  Body     :       2.92 pts   [2m[36m(min 5.00 required)[0m
  [36m│  Bounce   :      27.37 pts   [2m[36m= 1.4 × 19.55 ATR[0m
  [36m│  H−EMA  :     +22.63 pts   [2m[36m(candle high vs EMA; negative = high below EMA)[0m
  [36m│  EMA−L  :      -9.87 pts   [2m[36m(EMA vs candle low;  negative = low above EMA)[0m
  [36m│  SL base  :      11.73 pts   [2m[36m= 0.6 × 19.55 ATR[0m
  [36m│  Risk cap :      60.00 pts[0m
  [36m└────────────────────────────────────────────────────────────────┘[0m

[HEARTBEAT 11:55:10] NDX=28016.13  trades=1/2  position=LONG entry=28014.96 sl=27970.61 target=28235.37 step=0 qty=1  pending=NONE

[12:00:05] BAR CLOSED 2026-05-05 11:55:00 | O=28018.75  H=28019.32  L=28000.75  C=28006.03 | NDX tick=28012.07
  [36m┌─ CANDLE DIAGNOSTICS ✔──────────────────────────────────────────┐[0m
  [36m│  EMA-14   :   28004.63[0m
  [36m│  ATR-14   :      19.07 pts[0m
  [36m│  Slope    :     +0.543   [2m[36m[bullish >+0.200 | bearish <-0.300][0m  →  [32m[1mBULLISH[0m
  [36m│  Body     :      12.72 pts   [2m[36m(min 5.00 required)[0m
  [36m│  Bounce   :      26.70 pts   [2m[36m= 1.4 × 19.07 ATR[0m
  [36m│  H−EMA  :     +14.69 pts   [2m[36m(candle high vs EMA; negative = high below EMA)[0m
  [36m│  EMA−L  :      +3.88 pts   [2m[36m(EMA vs candle low;  negative = low above EMA)[0m
  [36m│  SL base  :      11.44 pts   [2m[36m= 0.6 × 19.07 ATR[0m
  [36m│  Risk cap :      60.00 pts[0m
  [36m└────────────────────────────────────────────────────────────────┘[0m
[33m  Signal suppressed — position already open[0m

[HEARTBEAT 12:00:10] NDX=28010.49  trades=1/2  position=LONG entry=28014.96 sl=27970.61 target=28235.37 step=0 qty=1  pending=NONE

[12:05:05] BAR CLOSED 2026-05-05 12:00:00 | O=28007.08  H=28017.23  L=28000.39  C=28016.74 | NDX tick=28020.20
  [36m┌─ CANDLE DIAGNOSTICS ──────────────────────────────────────────┐[0m
  [36m│  EMA-14   :   28006.49[0m
  [36m│  ATR-14   :      18.37 pts[0m
  [36m│  Slope    :     +0.474   [2m[36m[bullish >+0.200 | bearish <-0.300][0m  →  [32m[1mBULLISH[0m
  [36m│  Body     :       9.66 pts   [2m[36m(min 5.00 required)[0m
  [36m│  Bounce   :      25.72 pts   [2m[36m= 1.4 × 18.37 ATR[0m
  [36m│  H−EMA  :     +10.74 pts   [2m[36m(candle high vs EMA; negative = high below EMA)[0m
  [36m│  EMA−L  :      +6.10 pts   [2m[36m(EMA vs candle low;  negative = low above EMA)[0m
  [36m│  SL base  :      11.02 pts   [2m[36m= 0.6 × 18.37 ATR[0m
  [36m│  Risk cap :      60.00 pts[0m
  [36m└────────────────────────────────────────────────────────────────┘[0m

[HEARTBEAT 12:05:10] NDX=28019.12  trades=1/2  position=LONG entry=28014.96 sl=27970.61 target=28235.37 step=0 qty=1  pending=NONE

[12:10:05] BAR CLOSED 2026-05-05 12:05:00 | O=28016.65  H=28027.15  L=28015.12  C=28023.69 | NDX tick=28026.38
  [36m┌─ CANDLE DIAGNOSTICS ──────────────────────────────────────────┐[0m
  [36m│  EMA-14   :   28009.14[0m
  [36m│  ATR-14   :      17.99 pts[0m
  [36m│  Slope    :     +0.418   [2m[36m[bullish >+0.200 | bearish <-0.300][0m  →  [32m[1mBULLISH[0m
  [36m│  Body     :       7.04 pts   [2m[36m(min 5.00 required)[0m
  [36m│  Bounce   :      25.18 pts   [2m[36m= 1.4 × 17.99 ATR[0m
  [36m│  H−EMA  :     +18.01 pts   [2m[36m(candle high vs EMA; negative = high below EMA)[0m
  [36m│  EMA−L  :      -5.98 pts   [2m[36m(EMA vs candle low;  negative = low above EMA)[0m
  [36m│  SL base  :      10.79 pts   [2m[36m= 0.6 × 17.99 ATR[0m
  [36m│  Risk cap :      60.00 pts[0m
  [36m└────────────────────────────────────────────────────────────────┘[0m

[HEARTBEAT 12:10:10] NDX=28025.03  trades=1/2  position=LONG entry=28014.96 sl=27970.61 target=28235.37 step=0 qty=1  pending=NONE

[12:15:05] BAR CLOSED 2026-05-05 12:10:00 | O=28024.33  H=28034.88  L=28024.00  C=28030.19 | NDX tick=28031.82
  [36m┌─ CANDLE DIAGNOSTICS ──────────────────────────────────────────┐[0m
  [36m│  EMA-14   :   28012.38[0m
  [36m│  ATR-14   :      16.37 pts[0m
  [36m│  Slope    :     +0.489   [2m[36m[bullish >+0.200 | bearish <-0.300][0m  →  [32m[1mBULLISH[0m
  [36m│  Body     :       5.86 pts   [2m[36m(min 5.00 required)[0m
  [36m│  Bounce   :      22.91 pts   [2m[36m= 1.4 × 16.37 ATR[0m
  [36m│  H−EMA  :     +22.50 pts   [2m[36m(candle high vs EMA; negative = high below EMA)[0m
  [36m│  EMA−L  :     -11.62 pts   [2m[36m(EMA vs candle low;  negative = low above EMA)[0m
  [36m│  SL base  :       9.82 pts   [2m[36m= 0.6 × 16.37 ATR[0m
  [36m│  Risk cap :      60.00 pts[0m
  [36m└────────────────────────────────────────────────────────────────┘[0m

[HEARTBEAT 12:15:10] NDX=28030.22  trades=1/2  position=LONG entry=28014.96 sl=27970.61 target=28235.37 step=0 qty=1  pending=NONE

[12:20:05] BAR CLOSED 2026-05-05 12:15:00 | O=28030.03  H=28032.06  L=28010.72  C=28019.87 | NDX tick=28023.27
  [36m┌─ CANDLE DIAGNOSTICS ✔──────────────────────────────────────────┐[0m
  [36m│  EMA-14   :   28013.53[0m
  [36m│  ATR-14   :      16.29 pts[0m
  [36m│  Slope    :     +0.546   [2m[36m[bullish >+0.200 | bearish <-0.300][0m  →  [32m[1mBULLISH[0m
  [36m│  Body     :      10.16 pts   [2m[36m(min 5.00 required)[0m
  [36m│  Bounce   :      22.80 pts   [2m[36m= 1.4 × 16.29 ATR[0m
  [36m│  H−EMA  :     +18.53 pts   [2m[36m(candle high vs EMA; negative = high below EMA)[0m
  [36m│  EMA−L  :      +2.81 pts   [2m[36m(EMA vs candle low;  negative = low above EMA)[0m
  [36m│  SL base  :       9.77 pts   [2m[36m= 0.6 × 16.29 ATR[0m
  [36m│  Risk cap :      60.00 pts[0m
  [36m└────────────────────────────────────────────────────────────────┘[0m
[33m  Signal suppressed — position already open[0m

[HEARTBEAT 12:20:10] NDX=28023.14  trades=1/2  position=LONG entry=28014.96 sl=27970.61 target=28235.37 step=0 qty=1  pending=NONE

[12:25:05] BAR CLOSED 2026-05-05 12:20:00 | O=28020.11  H=28031.35  L=28017.22  C=28018.31 | NDX tick=28016.63
  [36m┌─ CANDLE DIAGNOSTICS ──────────────────────────────────────────┐[0m
  [36m│  EMA-14   :   28014.27[0m
  [36m│  ATR-14   :      15.81 pts[0m
  [36m│  Slope    :     +0.492   [2m[36m[bullish >+0.200 | bearish <-0.300][0m  →  [32m[1mBULLISH[0m
  [36m│  Body     :       1.80 pts   [2m[36m(min 5.00 required)[0m
  [36m│  Bounce   :      22.14 pts   [2m[36m= 1.4 × 15.81 ATR[0m
  [36m│  H−EMA  :     +17.08 pts   [2m[36m(candle high vs EMA; negative = high below EMA)[0m
  [36m│  EMA−L  :      -2.95 pts   [2m[36m(EMA vs candle low;  negative = low above EMA)[0m
  [36m│  SL base  :       9.49 pts   [2m[36m= 0.6 × 15.81 ATR[0m
  [36m│  Risk cap :      60.00 pts[0m
  [36m└────────────────────────────────────────────────────────────────┘[0m

[HEARTBEAT 12:25:10] NDX=28015.71  trades=1/2  position=LONG entry=28014.96 sl=27970.61 target=28235.37 step=0 qty=1  pending=NONE

[31m[1m[12:28:08] EXIT | SL | LONG | NDX=27967.47 | level=27970.61 | PnL=-44.35 pts[0m
  ORDER → NinjaTrader | EXIT|LONG|1 | MNQ 06-26 | 127.0.0.1:5555
  EXIT ORDER response: {'success': True, 'message': 'OK: EXIT LONG 1 MNQ JUN26', 'data': {}}
  NINJA FILL (EXIT): not captured within window
  TELEGRAM: sent to chat_id=1372083421
  TELEGRAM: sent to chat_id=-5036528161
  TELEGRAM: sent to chat_id=631306695

[12:30:05] BAR CLOSED 2026-05-05 12:25:00 | O=28017.89  H=28018.73  L=27967.46  C=27994.34 | NDX tick=27992.82
  [36m┌─ CANDLE DIAGNOSTICS ──────────────────────────────────────────┐[0m
  [36m│  EMA-14   :   28011.20[0m
  [36m│  ATR-14   :      18.30 pts[0m
  [36m│  Slope    :     +0.113   [2m[36m[bullish >+0.200 | bearish <-0.300][0m  →  [37m[1mNEUTRAL[0m
  [36m│  Body     :      23.55 pts   [2m[36m(min 5.00 required)[0m
  [36m│  Bounce   :      25.62 pts   [2m[36m= 1.4 × 18.30 ATR[0m
  [36m│  H−EMA  :      +7.53 pts   [2m[36m(candle high vs EMA; negative = high below EMA)[0m
  [36m│  EMA−L  :     +43.74 pts   [2m[36m(EMA vs candle low;  negative = low above EMA)[0m
  [36m│  SL base  :      10.98 pts   [2m[36m= 0.6 × 18.30 ATR[0m
  [36m│  Risk cap :      60.00 pts[0m
  [36m└────────────────────────────────────────────────────────────────┘[0m

[HEARTBEAT 12:30:10] NDX=27990.02  trades=1/2  position=FLAT  pending=NONE

[12:35:05] BAR CLOSED 2026-05-05 12:30:00 | O=27993.87  H=27998.69  L=27979.80  C=27989.13 | NDX tick=27989.21
  [36m┌─ CANDLE DIAGNOSTICS ──────────────────────────────────────────┐[0m
  [36m│  EMA-14   :   28007.80[0m
  [36m│  ATR-14   :      18.39 pts[0m
  [36m│  Slope    :     -0.249   [2m[36m[bullish >+0.200 | bearish <-0.300][0m  →  [37m[1mNEUTRAL[0m
  [36m│  Body     :       4.74 pts   [2m[36m(min 5.00 required)[0m
  [36m│  Bounce   :      25.75 pts   [2m[36m= 1.4 × 18.39 ATR[0m
  [36m│  H−EMA  :      -9.11 pts   [2m[36m(candle high vs EMA; negative = high below EMA)[0m
  [36m│  EMA−L  :     +28.00 pts   [2m[36m(EMA vs candle low;  negative = low above EMA)[0m
  [36m│  SL base  :      11.04 pts   [2m[36m= 0.6 × 18.39 ATR[0m
  [36m│  Risk cap :      60.00 pts[0m
  [36m└────────────────────────────────────────────────────────────────┘[0m

[HEARTBEAT 12:35:10] NDX=27989.74  trades=1/2  position=FLAT  pending=NONE

[12:40:05] BAR CLOSED 2026-05-05 12:35:00 | O=27989.51  H=28007.60  L=27975.38  C=27977.37 | NDX tick=27974.40
  [36m┌─ CANDLE DIAGNOSTICS ──────────────────────────────────────────┐[0m
  [36m│  EMA-14   :   28003.12[0m
  [36m│  ATR-14   :      19.36 pts[0m
  [36m│  Slope    :     -0.538   [2m[36m[bullish >+0.200 | bearish <-0.300][0m  →  [31m[1mBEARISH[0m
  [36m│  Body     :      12.14 pts   [2m[36m(min 5.00 required)[0m
  [36m│  Bounce   :      27.10 pts   [2m[36m= 1.4 × 19.36 ATR[0m
  [36m│  H−EMA  :      +4.48 pts   [2m[36m(candle high vs EMA; negative = high below EMA)[0m
  [36m│  EMA−L  :     +27.74 pts   [2m[36m(EMA vs candle low;  negative = low above EMA)[0m
  [36m│  SL base  :      11.61 pts   [2m[36m= 0.6 × 19.36 ATR[0m
  [36m│  Risk cap :      60.00 pts[0m
  [36m└────────────────────────────────────────────────────────────────┘[0m

[HEARTBEAT 12:40:10] NDX=27972.65  trades=1/2  position=FLAT  pending=NONE

[12:45:05] BAR CLOSED 2026-05-05 12:40:00 | O=27976.30  H=27989.71  L=27969.55  C=27988.53 | NDX tick=27983.20
  [36m┌─ CANDLE DIAGNOSTICS ✔──────────────────────────────────────────┐[0m
  [36m│  EMA-14   :   28000.88[0m
  [36m│  ATR-14   :      19.34 pts[0m
  [36m│  Slope    :     -0.692   [2m[36m[bullish >+0.200 | bearish <-0.300][0m  →  [31m[1mBEARISH[0m
  [36m│  Body     :      12.23 pts   [2m[36m(min 5.00 required)[0m
  [36m│  Bounce   :      27.08 pts   [2m[36m= 1.4 × 19.34 ATR[0m
  [36m│  H−EMA  :     -11.17 pts   [2m[36m(candle high vs EMA; negative = high below EMA)[0m
  [36m│  EMA−L  :     +31.33 pts   [2m[36m(EMA vs candle low;  negative = low above EMA)[0m
  [36m│  SL base  :      11.60 pts   [2m[36m= 0.6 × 19.34 ATR[0m
  [36m│  Risk cap :      60.00 pts[0m
  [36m└────────────────────────────────────────────────────────────────┘[0m
  SIGNAL SHORT | entry=27965.55  sl=28000.88  target=27788.91  risk=35.33 pts  qty=1
  TELEGRAM: sent to chat_id=1372083421
  TELEGRAM: sent to chat_id=-5036528161
  TELEGRAM: sent to chat_id=631306695

[HEARTBEAT 12:45:10] NDX=27985.42  trades=1/2  position=FLAT  pending=SHORT entry=27965.55

[12:50:05] BAR CLOSED 2026-05-05 12:45:00 | O=27988.44  H=28010.32  L=27983.20  C=28002.96 | NDX tick=28001.85
  [36m┌─ CANDLE DIAGNOSTICS ──────────────────────────────────────────┐[0m
  [36m│  EMA-14   :   28001.20[0m
  [36m│  ATR-14   :      19.75 pts[0m
  [36m│  Slope    :     -0.506   [2m[36m[bullish >+0.200 | bearish <-0.300][0m  →  [31m[1mBEARISH[0m
  [36m│  Body     :      14.52 pts   [2m[36m(min 5.00 required)[0m
  [36m│  Bounce   :      27.65 pts   [2m[36m= 1.4 × 19.75 ATR[0m
  [36m│  H−EMA  :      +9.12 pts   [2m[36m(candle high vs EMA; negative = high below EMA)[0m
  [36m│  EMA−L  :     +18.00 pts   [2m[36m(EMA vs candle low;  negative = low above EMA)[0m
  [36m│  SL base  :      11.85 pts   [2m[36m= 0.6 × 19.75 ATR[0m
  [36m│  Risk cap :      60.00 pts[0m
  [36m└────────────────────────────────────────────────────────────────┘[0m

[HEARTBEAT 12:50:10] NDX=28002.95  trades=1/2  position=FLAT  pending=SHORT entry=27965.55

[12:55:05] BAR CLOSED 2026-05-05 12:50:00 | O=28003.20  H=28005.18  L=27993.13  C=28004.42 | NDX tick=28004.65
  [36m┌─ CANDLE DIAGNOSTICS ──────────────────────────────────────────┐[0m
  [36m│  EMA-14   :   28001.69[0m
  [36m│  ATR-14   :      20.05 pts[0m
  [36m│  Slope    :     -0.305   [2m[36m[bullish >+0.200 | bearish <-0.300][0m  →  [31m[1mBEARISH[0m
  [36m│  Body     :       1.22 pts   [2m[36m(min 5.00 required)[0m
  [36m│  Bounce   :      28.07 pts   [2m[36m= 1.4 × 20.05 ATR[0m
  [36m│  H−EMA  :      +3.49 pts   [2m[36m(candle high vs EMA; negative = high below EMA)[0m
  [36m│  EMA−L  :      +8.56 pts   [2m[36m(EMA vs candle low;  negative = low above EMA)[0m
  [36m│  SL base  :      12.03 pts   [2m[36m= 0.6 × 20.05 ATR[0m
  [36m│  Risk cap :      60.00 pts[0m
  [36m└────────────────────────────────────────────────────────────────┘[0m

[HEARTBEAT 12:55:11] NDX=28005.51  trades=1/2  position=FLAT  pending=SHORT entry=27965.55

[13:00:05] BAR CLOSED 2026-05-05 12:55:00 | O=28004.82  H=28015.88  L=28004.32  C=28004.99 | NDX tick=28005.31
  [36m┌─ CANDLE DIAGNOSTICS ──────────────────────────────────────────┐[0m
  [36m│  EMA-14   :   28002.20[0m
  [36m│  ATR-14   :      20.03 pts[0m
  [36m│  Slope    :     -0.046   [2m[36m[bullish >+0.200 | bearish <-0.300][0m  →  [37m[1mNEUTRAL[0m
  [36m│  Body     :       0.17 pts   [2m[36m(min 5.00 required)[0m
  [36m│  Bounce   :      28.04 pts   [2m[36m= 1.4 × 20.03 ATR[0m
  [36m│  H−EMA  :     +13.68 pts   [2m[36m(candle high vs EMA; negative = high below EMA)[0m
  [36m│  EMA−L  :      -2.12 pts   [2m[36m(EMA vs candle low;  negative = low above EMA)[0m
  [36m│  SL base  :      12.02 pts   [2m[36m= 0.6 × 20.03 ATR[0m
  [36m│  Risk cap :      60.00 pts[0m
  [36m└────────────────────────────────────────────────────────────────┘[0m

[HEARTBEAT 13:00:11] NDX=28003.56  trades=1/2  position=FLAT  pending=SHORT entry=27965.55

[13:05:05] BAR CLOSED 2026-05-05 13:00:00 | O=28005.40  H=28014.81  L=27999.09  C=28010.97 | NDX tick=28009.71
  [36m┌─ CANDLE DIAGNOSTICS ──────────────────────────────────────────┐[0m
  [36m│  EMA-14   :   28003.55[0m
  [36m│  ATR-14   :      20.24 pts[0m
  [36m│  Slope    :     +0.132   [2m[36m[bullish >+0.200 | bearish <-0.300][0m  →  [37m[1mNEUTRAL[0m
  [36m│  Body     :       5.57 pts   [2m[36m(min 5.00 required)[0m
  [36m│  Bounce   :      28.33 pts   [2m[36m= 1.4 × 20.24 ATR[0m
  [36m│  H−EMA  :     +11.26 pts   [2m[36m(candle high vs EMA; negative = high below EMA)[0m
  [36m│  EMA−L  :      +4.46 pts   [2m[36m(EMA vs candle low;  negative = low above EMA)[0m
  [36m│  SL base  :      12.14 pts   [2m[36m= 0.6 × 20.24 ATR[0m
  [36m│  Risk cap :      60.00 pts[0m
  [36m└────────────────────────────────────────────────────────────────┘[0m

[HEARTBEAT 13:05:11] NDX=28009.88  trades=1/2  position=FLAT  pending=SHORT entry=27965.55

[13:10:05] BAR CLOSED 2026-05-05 13:05:00 | O=28009.75  H=28011.76  L=27994.20  C=27995.85 | NDX tick=27993.32
  [36m┌─ CANDLE DIAGNOSTICS ──────────────────────────────────────────┐[0m
  [36m│  EMA-14   :   28002.37[0m
  [36m│  ATR-14   :      20.15 pts[0m
  [36m│  Slope    :     +0.058   [2m[36m[bullish >+0.200 | bearish <-0.300][0m  →  [37m[1mNEUTRAL[0m
  [36m│  Body     :      13.90 pts   [2m[36m(min 5.00 required)[0m
  [36m│  Bounce   :      28.21 pts   [2m[36m= 1.4 × 20.15 ATR[0m
  [36m│  H−EMA  :      +9.39 pts   [2m[36m(candle high vs EMA; negative = high below EMA)[0m
  [36m│  EMA−L  :      +8.17 pts   [2m[36m(EMA vs candle low;  negative = low above EMA)[0m
  [36m│  SL base  :      12.09 pts   [2m[36m= 0.6 × 20.15 ATR[0m
  [36m│  Risk cap :      60.00 pts[0m
  [36m└────────────────────────────────────────────────────────────────┘[0m

[HEARTBEAT 13:10:11] NDX=27991.14  trades=1/2  position=FLAT  pending=SHORT entry=27965.55

[13:15:05] BAR CLOSED 2026-05-05 13:10:00 | O=27995.63  H=28001.72  L=27988.91  C=28001.13 | NDX tick=28003.57
  [36m┌─ CANDLE DIAGNOSTICS ──────────────────────────────────────────┐[0m
  [36m│  EMA-14   :   28002.18[0m
  [36m│  ATR-14   :      19.86 pts[0m
  [36m│  Slope    :     +0.024   [2m[36m[bullish >+0.200 | bearish <-0.300][0m  →  [37m[1mNEUTRAL[0m
  [36m│  Body     :       5.50 pts   [2m[36m(min 5.00 required)[0m
  [36m│  Bounce   :      27.80 pts   [2m[36m= 1.4 × 19.86 ATR[0m
  [36m│  H−EMA  :      -0.46 pts   [2m[36m(candle high vs EMA; negative = high below EMA)[0m
  [36m│  EMA−L  :     +13.27 pts   [2m[36m(EMA vs candle low;  negative = low above EMA)[0m
  [36m│  SL base  :      11.92 pts   [2m[36m= 0.6 × 19.86 ATR[0m
  [36m│  Risk cap :      60.00 pts[0m
  [36m└────────────────────────────────────────────────────────────────┘[0m

[HEARTBEAT 13:15:11] NDX=28005.89  trades=1/2  position=FLAT  pending=SHORT entry=27965.55

[13:20:05] BAR CLOSED 2026-05-05 13:15:00 | O=28001.35  H=28018.79  L=28001.34  C=28017.67 | NDX tick=28019.62
  [36m┌─ CANDLE DIAGNOSTICS ──────────────────────────────────────────┐[0m
  [36m│  EMA-14   :   28004.56[0m
  [36m│  ATR-14   :      20.26 pts[0m
  [36m│  Slope    :     +0.116   [2m[36m[bullish >+0.200 | bearish <-0.300][0m  →  [37m[1mNEUTRAL[0m
  [36m│  Body     :      16.32 pts   [2m[36m(min 5.00 required)[0m
  [36m│  Bounce   :      28.37 pts   [2m[36m= 1.4 × 20.26 ATR[0m
  [36m│  H−EMA  :     +14.23 pts   [2m[36m(candle high vs EMA; negative = high below EMA)[0m
  [36m│  EMA−L  :      +3.22 pts   [2m[36m(EMA vs candle low;  negative = low above EMA)[0m
  [36m│  SL base  :      12.16 pts   [2m[36m= 0.6 × 20.26 ATR[0m
  [36m│  Risk cap :      60.00 pts[0m
  [36m└────────────────────────────────────────────────────────────────┘[0m

[HEARTBEAT 13:20:11] NDX=28017.30  trades=1/2  position=FLAT  pending=SHORT entry=27965.55

[13:25:05] BAR CLOSED 2026-05-05 13:20:00 | O=28017.33  H=28020.86  L=28005.43  C=28012.08 | NDX tick=28012.33
  [36m┌─ CANDLE DIAGNOSTICS ──────────────────────────────────────────┐[0m
  [36m│  EMA-14   :   28005.72[0m
  [36m│  ATR-14   :      20.57 pts[0m
  [36m│  Slope    :     +0.105   [2m[36m[bullish >+0.200 | bearish <-0.300][0m  →  [37m[1mNEUTRAL[0m
  [36m│  Body     :       5.25 pts   [2m[36m(min 5.00 required)[0m
  [36m│  Bounce   :      28.79 pts   [2m[36m= 1.4 × 20.57 ATR[0m
  [36m│  H−EMA  :     +15.14 pts   [2m[36m(candle high vs EMA; negative = high below EMA)[0m
  [36m│  EMA−L  :      +0.29 pts   [2m[36m(EMA vs candle low;  negative = low above EMA)[0m
  [36m│  SL base  :      12.34 pts   [2m[36m= 0.6 × 20.57 ATR[0m
  [36m│  Risk cap :      60.00 pts[0m
  [36m└────────────────────────────────────────────────────────────────┘[0m

[HEARTBEAT 13:25:11] NDX=28012.69  trades=1/2  position=FLAT  pending=SHORT entry=27965.55

[13:30:05] BAR CLOSED 2026-05-05 13:25:00 | O=28012.35  H=28026.63  L=28012.12  C=28025.64 | NDX tick=28025.68
  [36m┌─ CANDLE DIAGNOSTICS ──────────────────────────────────────────┐[0m
  [36m│  EMA-14   :   28008.78[0m
  [36m│  ATR-14   :      20.08 pts[0m
  [36m│  Slope    :     +0.320   [2m[36m[bullish >+0.200 | bearish <-0.300][0m  →  [32m[1mBULLISH[0m
  [36m│  Body     :      13.29 pts   [2m[36m(min 5.00 required)[0m
  [36m│  Bounce   :      28.11 pts   [2m[36m= 1.4 × 20.08 ATR[0m
  [36m│  H−EMA  :     +17.85 pts   [2m[36m(candle high vs EMA; negative = high below EMA)[0m
  [36m│  EMA−L  :      -3.34 pts   [2m[36m(EMA vs candle low;  negative = low above EMA)[0m
  [36m│  SL base  :      12.05 pts   [2m[36m= 0.6 × 20.08 ATR[0m
  [36m│  Risk cap :      60.00 pts[0m
  [36m└────────────────────────────────────────────────────────────────┘[0m

[HEARTBEAT 13:30:11] NDX=28024.57  trades=1/2  position=FLAT  pending=SHORT entry=27965.55

[13:35:05] BAR CLOSED 2026-05-05 13:30:00 | O=28025.78  H=28028.80  L=28015.22  C=28015.99 | NDX tick=28015.54
  [36m┌─ CANDLE DIAGNOSTICS ✔──────────────────────────────────────────┐[0m
  [36m│  EMA-14   :   28009.89[0m
  [36m│  ATR-14   :      20.04 pts[0m
  [36m│  Slope    :     +0.385   [2m[36m[bullish >+0.200 | bearish <-0.300][0m  →  [32m[1mBULLISH[0m
  [36m│  Body     :       9.79 pts   [2m[36m(min 5.00 required)[0m
  [36m│  Bounce   :      28.06 pts   [2m[36m= 1.4 × 20.04 ATR[0m
  [36m│  H−EMA  :     +18.91 pts   [2m[36m(candle high vs EMA; negative = high below EMA)[0m
  [36m│  EMA−L  :      -5.33 pts   [2m[36m(EMA vs candle low;  negative = low above EMA)[0m
  [36m│  SL base  :      12.02 pts   [2m[36m= 0.6 × 20.04 ATR[0m
  [36m│  Risk cap :      60.00 pts[0m
  [36m└────────────────────────────────────────────────────────────────┘[0m
  SIGNAL LONG | entry=28032.80  sl=28009.89  target=28147.35  risk=22.91 pts  qty=2
  TELEGRAM: sent to chat_id=1372083421
  TELEGRAM: sent to chat_id=-5036528161
  TELEGRAM: sent to chat_id=631306695

[HEARTBEAT 13:35:11] NDX=28016.56  trades=1/2  position=FLAT  pending=LONG entry=28032.80

[13:40:05] BAR CLOSED 2026-05-05 13:35:00 | O=28015.77  H=28032.35  L=28014.83  C=28020.14 | NDX tick=28016.71
  [36m┌─ CANDLE DIAGNOSTICS ──────────────────────────────────────────┐[0m
  [36m│  EMA-14   :   28011.47[0m
  [36m│  ATR-14   :      17.63 pts[0m
  [36m│  Slope    :     +0.392   [2m[36m[bullish >+0.200 | bearish <-0.300][0m  →  [32m[1mBULLISH[0m
  [36m│  Body     :       4.37 pts   [2m[36m(min 5.00 required)[0m
  [36m│  Bounce   :      24.68 pts   [2m[36m= 1.4 × 17.63 ATR[0m
  [36m│  H−EMA  :     +20.88 pts   [2m[36m(candle high vs EMA; negative = high below EMA)[0m
  [36m│  EMA−L  :      -3.36 pts   [2m[36m(EMA vs candle low;  negative = low above EMA)[0m
  [36m│  SL base  :      10.58 pts   [2m[36m= 0.6 × 17.63 ATR[0m
  [36m│  Risk cap :      60.00 pts[0m
  [36m└────────────────────────────────────────────────────────────────┘[0m

[HEARTBEAT 13:40:11] NDX=28016.87  trades=1/2  position=FLAT  pending=LONG entry=28032.80

[33m[1m[13:43:21] ENTRY TRIGGERED | LONG | NDX=28032.86 | level=28032.80[0m
  ORDER → NinjaTrader | ENTRY|LONG|2 | MNQ 06-26 | 127.0.0.1:5555
  ENTRY ORDER response: {'success': True, 'message': 'OK: ENTRY LONG 2 MNQ JUN26', 'data': {}}
  NINJA FILL (ENTRY): not captured within window
  TELEGRAM: sent to chat_id=1372083421
  TELEGRAM: sent to chat_id=-5036528161
  TELEGRAM: sent to chat_id=631306695

[13:45:05] BAR CLOSED 2026-05-05 13:40:00 | O=28020.05  H=28033.58  L=28016.38  C=28028.47 | NDX tick=28030.46
  [36m┌─ CANDLE DIAGNOSTICS ──────────────────────────────────────────┐[0m
  [36m│  EMA-14   :   28014.08[0m
  [36m│  ATR-14   :      17.51 pts[0m
  [36m│  Slope    :     +0.478   [2m[36m[bullish >+0.200 | bearish <-0.300][0m  →  [32m[1mBULLISH[0m
  [36m│  Body     :       8.42 pts   [2m[36m(min 5.00 required)[0m
  [36m│  Bounce   :      24.51 pts   [2m[36m= 1.4 × 17.51 ATR[0m
  [36m│  H−EMA  :     +19.50 pts   [2m[36m(candle high vs EMA; negative = high below EMA)[0m
  [36m│  EMA−L  :      -2.30 pts   [2m[36m(EMA vs candle low;  negative = low above EMA)[0m
  [36m│  SL base  :      10.51 pts   [2m[36m= 0.6 × 17.51 ATR[0m
  [36m│  Risk cap :      60.00 pts[0m
  [36m└────────────────────────────────────────────────────────────────┘[0m

[HEARTBEAT 13:45:11] NDX=28032.12  trades=2/2  position=LONG entry=28032.86 sl=28009.89 target=28147.35 step=0 qty=2  pending=NONE

[13:50:05] BAR CLOSED 2026-05-05 13:45:00 | O=28029.52  H=28034.84  L=28027.01  C=28031.87 | NDX tick=28029.17
  [36m┌─ CANDLE DIAGNOSTICS ──────────────────────────────────────────┐[0m
  [36m│  EMA-14   :   28016.82[0m
  [36m│  ATR-14   :      15.77 pts[0m
  [36m│  Slope    :     +0.510   [2m[36m[bullish >+0.200 | bearish <-0.300][0m  →  [32m[1mBULLISH[0m
  [36m│  Body     :       2.35 pts   [2m[36m(min 5.00 required)[0m
  [36m│  Bounce   :      22.07 pts   [2m[36m= 1.4 × 15.77 ATR[0m
  [36m│  H−EMA  :     +18.02 pts   [2m[36m(candle high vs EMA; negative = high below EMA)[0m
  [36m│  EMA−L  :     -10.19 pts   [2m[36m(EMA vs candle low;  negative = low above EMA)[0m
  [36m│  SL base  :       9.46 pts   [2m[36m= 0.6 × 15.77 ATR[0m
  [36m│  Risk cap :      60.00 pts[0m
  [36m└────────────────────────────────────────────────────────────────┘[0m

[HEARTBEAT 13:50:11] NDX=28029.36  trades=2/2  position=LONG entry=28032.86 sl=28009.89 target=28147.35 step=0 qty=2  pending=NONE

[13:55:05] BAR CLOSED 2026-05-05 13:50:00 | O=28032.02  H=28045.21  L=28028.11  C=28040.51 | NDX tick=28038.60
  [36m┌─ CANDLE DIAGNOSTICS ──────────────────────────────────────────┐[0m
  [36m│  EMA-14   :   28020.46[0m
  [36m│  ATR-14   :      15.55 pts[0m
  [36m│  Slope    :     +0.680   [2m[36m[bullish >+0.200 | bearish <-0.300][0m  →  [32m[1mBULLISH[0m
  [36m│  Body     :       8.49 pts   [2m[36m(min 5.00 required)[0m
  [36m│  Bounce   :      21.77 pts   [2m[36m= 1.4 × 15.55 ATR[0m
  [36m│  H−EMA  :     +24.75 pts   [2m[36m(candle high vs EMA; negative = high below EMA)[0m
  [36m│  EMA−L  :      -7.65 pts   [2m[36m(EMA vs candle low;  negative = low above EMA)[0m
  [36m│  SL base  :       9.33 pts   [2m[36m= 0.6 × 15.55 ATR[0m
  [36m│  Risk cap :      60.00 pts[0m
  [36m└────────────────────────────────────────────────────────────────┘[0m

[HEARTBEAT 13:55:11] NDX=28035.99  trades=2/2  position=LONG entry=28032.86 sl=28009.89 target=28147.35 step=0 qty=2  pending=NONE

[14:00:05] BAR CLOSED 2026-05-05 13:55:00 | O=28040.39  H=28046.23  L=28035.81  C=28037.33 | NDX tick=28036.51
  [36m┌─ CANDLE DIAGNOSTICS ──────────────────────────────────────────┐[0m
  [36m│  EMA-14   :   28023.06[0m
  [36m│  ATR-14   :      14.36 pts[0m
  [36m│  Slope    :     +0.807   [2m[36m[bullish >+0.200 | bearish <-0.300][0m  →  [32m[1mBULLISH[0m
  [36m│  Body     :       3.06 pts   [2m[36m(min 5.00 required)[0m
  [36m│  Bounce   :      20.10 pts   [2m[36m= 1.4 × 14.36 ATR[0m
  [36m│  H−EMA  :     +23.17 pts   [2m[36m(candle high vs EMA; negative = high below EMA)[0m
  [36m│  EMA−L  :     -12.75 pts   [2m[36m(EMA vs candle low;  negative = low above EMA)[0m
  [36m│  SL base  :       8.61 pts   [2m[36m= 0.6 × 14.36 ATR[0m
  [36m│  Risk cap :      60.00 pts[0m
  [36m└────────────────────────────────────────────────────────────────┘[0m

[HEARTBEAT 14:00:11] NDX=28035.51  trades=2/2  position=LONG entry=28032.86 sl=28009.89 target=28147.35 step=0 qty=2  pending=NONE

[14:05:05] BAR CLOSED 2026-05-05 14:00:00 | O=28037.15  H=28053.46  L=28034.54  C=28053.12 | NDX tick=28055.44
  [36m┌─ CANDLE DIAGNOSTICS ──────────────────────────────────────────┐[0m
  [36m│  EMA-14   :   28027.68[0m
  [36m│  ATR-14   :      14.85 pts[0m
  [36m│  Slope    :     +0.916   [2m[36m[bullish >+0.200 | bearish <-0.300][0m  →  [32m[1mBULLISH[0m
  [36m│  Body     :      15.97 pts   [2m[36m(min 5.00 required)[0m
  [36m│  Bounce   :      20.79 pts   [2m[36m= 1.4 × 14.85 ATR[0m
  [36m│  H−EMA  :     +25.78 pts   [2m[36m(candle high vs EMA; negative = high below EMA)[0m
  [36m│  EMA−L  :      -6.86 pts   [2m[36m(EMA vs candle low;  negative = low above EMA)[0m
  [36m│  SL base  :       8.91 pts   [2m[36m= 0.6 × 14.85 ATR[0m
  [36m│  Risk cap :      60.00 pts[0m
  [36m└────────────────────────────────────────────────────────────────┘[0m

[HEARTBEAT 14:05:11] NDX=28056.34  trades=2/2  position=LONG entry=28032.86 sl=28009.89 target=28147.35 step=0 qty=2  pending=NONE

[14:10:05] BAR CLOSED 2026-05-05 14:05:00 | O=28052.65  H=28056.75  L=28048.76  C=28050.52 | NDX tick=28048.63
  [36m┌─ CANDLE DIAGNOSTICS ──────────────────────────────────────────┐[0m
  [36m│  EMA-14   :   28031.20[0m
  [36m│  ATR-14   :      14.59 pts[0m
  [36m│  Slope    :     +0.985   [2m[36m[bullish >+0.200 | bearish <-0.300][0m  →  [32m[1mBULLISH[0m
  [36m│  Body     :       2.13 pts   [2m[36m(min 5.00 required)[0m
  [36m│  Bounce   :      20.43 pts   [2m[36m= 1.4 × 14.59 ATR[0m
  [36m│  H−EMA  :     +25.55 pts   [2m[36m(candle high vs EMA; negative = high below EMA)[0m
  [36m│  EMA−L  :     -17.56 pts   [2m[36m(EMA vs candle low;  negative = low above EMA)[0m
  [36m│  SL base  :       8.76 pts   [2m[36m= 0.6 × 14.59 ATR[0m
  [36m│  Risk cap :      60.00 pts[0m
  [36m└────────────────────────────────────────────────────────────────┘[0m

[HEARTBEAT 14:10:11] NDX=28049.38  trades=2/2  position=LONG entry=28032.86 sl=28009.89 target=28147.35 step=0 qty=2  pending=NONE

[14:15:05] BAR CLOSED 2026-05-05 14:10:00 | O=28050.62  H=28063.00  L=28048.53  C=28061.33 | NDX tick=28060.25
  [36m┌─ CANDLE DIAGNOSTICS ──────────────────────────────────────────┐[0m
  [36m│  EMA-14   :   28035.83[0m
  [36m│  ATR-14   :      14.50 pts[0m
  [36m│  Slope    :     +1.060   [2m[36m[bullish >+0.200 | bearish <-0.300][0m  →  [32m[1mBULLISH[0m
  [36m│  Body     :      10.71 pts   [2m[36m(min 5.00 required)[0m
  [36m│  Bounce   :      20.30 pts   [2m[36m= 1.4 × 14.50 ATR[0m
  [36m│  H−EMA  :     +27.17 pts   [2m[36m(candle high vs EMA; negative = high below EMA)[0m
  [36m│  EMA−L  :     -12.70 pts   [2m[36m(EMA vs candle low;  negative = low above EMA)[0m
  [36m│  SL base  :       8.70 pts   [2m[36m= 0.6 × 14.50 ATR[0m
  [36m│  Risk cap :      60.00 pts[0m
  [36m└────────────────────────────────────────────────────────────────┘[0m

[HEARTBEAT 14:15:11] NDX=28059.87  trades=2/2  position=LONG entry=28032.86 sl=28009.89 target=28147.35 step=0 qty=2  pending=NONE

[14:20:05] BAR CLOSED 2026-05-05 14:15:00 | O=28061.17  H=28063.24  L=28053.97  C=28059.17 | NDX tick=28060.12
  [36m┌─ CANDLE DIAGNOSTICS ──────────────────────────────────────────┐[0m
  [36m│  EMA-14   :   28039.42[0m
  [36m│  ATR-14   :      13.91 pts[0m
  [36m│  Slope    :     +1.176   [2m[36m[bullish >+0.200 | bearish <-0.300][0m  →  [32m[1mBULLISH[0m
  [36m│  Body     :       2.00 pts   [2m[36m(min 5.00 required)[0m
  [36m│  Bounce   :      19.47 pts   [2m[36m= 1.4 × 13.91 ATR[0m
  [36m│  H−EMA  :     +23.82 pts   [2m[36m(candle high vs EMA; negative = high below EMA)[0m
  [36m│  EMA−L  :     -14.55 pts   [2m[36m(EMA vs candle low;  negative = low above EMA)[0m
  [36m│  SL base  :       8.35 pts   [2m[36m= 0.6 × 13.91 ATR[0m
  [36m│  Risk cap :      60.00 pts[0m
  [36m└────────────────────────────────────────────────────────────────┘[0m

[HEARTBEAT 14:20:11] NDX=28059.61  trades=2/2  position=LONG entry=28032.86 sl=28009.89 target=28147.35 step=0 qty=2  pending=NONE

[14:25:05] BAR CLOSED 2026-05-05 14:20:00 | O=28059.53  H=28065.64  L=28050.07  C=28050.20 | NDX tick=28050.10
  [36m┌─ CANDLE DIAGNOSTICS ✔──────────────────────────────────────────┐[0m
  [36m│  EMA-14   :   28041.08[0m
  [36m│  ATR-14   :      14.11 pts[0m
  [36m│  Slope    :     +0.950   [2m[36m[bullish >+0.200 | bearish <-0.300][0m  →  [32m[1mBULLISH[0m
  [36m│  Body     :       9.33 pts   [2m[36m(min 5.00 required)[0m
  [36m│  Bounce   :      19.75 pts   [2m[36m= 1.4 × 14.11 ATR[0m
  [36m│  H−EMA  :     +24.56 pts   [2m[36m(candle high vs EMA; negative = high below EMA)[0m
  [36m│  EMA−L  :      -8.99 pts   [2m[36m(EMA vs candle low;  negative = low above EMA)[0m
  [36m│  SL base  :       8.46 pts   [2m[36m= 0.6 × 14.11 ATR[0m
  [36m│  Risk cap :      60.00 pts[0m
  [36m└────────────────────────────────────────────────────────────────┘[0m
[33m  Signal suppressed — position already open[0m

[HEARTBEAT 14:25:11] NDX=28048.18  trades=2/2  position=LONG entry=28032.86 sl=28009.89 target=28147.35 step=0 qty=2  pending=NONE

[14:30:05] BAR CLOSED 2026-05-05 14:25:00 | O=28050.35  H=28061.96  L=28047.58  C=28056.97 | NDX tick=28057.65
  [36m┌─ CANDLE DIAGNOSTICS ──────────────────────────────────────────┐[0m
  [36m│  EMA-14   :   28043.53[0m
  [36m│  ATR-14   :      13.87 pts[0m
  [36m│  Slope    :     +0.889   [2m[36m[bullish >+0.200 | bearish <-0.300][0m  →  [32m[1mBULLISH[0m
  [36m│  Body     :       6.62 pts   [2m[36m(min 5.00 required)[0m
  [36m│  Bounce   :      19.42 pts   [2m[36m= 1.4 × 13.87 ATR[0m
  [36m│  H−EMA  :     +18.43 pts   [2m[36m(candle high vs EMA; negative = high below EMA)[0m
  [36m│  EMA−L  :      -4.05 pts   [2m[36m(EMA vs candle low;  negative = low above EMA)[0m
  [36m│  SL base  :       8.32 pts   [2m[36m= 0.6 × 13.87 ATR[0m
  [36m│  Risk cap :      60.00 pts[0m
  [36m└────────────────────────────────────────────────────────────────┘[0m

[HEARTBEAT 14:30:11] NDX=28057.64  trades=2/2  position=LONG entry=28032.86 sl=28009.89 target=28147.35 step=0 qty=2  pending=NONE

[14:35:05] BAR CLOSED 2026-05-05 14:30:00 | O=28056.42  H=28062.36  L=28050.71  C=28052.81 | NDX tick=28052.13
  [36m┌─ CANDLE DIAGNOSTICS ──────────────────────────────────────────┐[0m
  [36m│  EMA-14   :   28044.95[0m
  [36m│  ATR-14   :      13.60 pts[0m
  [36m│  Slope    :     +0.670   [2m[36m[bullish >+0.200 | bearish <-0.300][0m  →  [32m[1mBULLISH[0m
  [36m│  Body     :       3.61 pts   [2m[36m(min 5.00 required)[0m
  [36m│  Bounce   :      19.04 pts   [2m[36m= 1.4 × 13.60 ATR[0m
  [36m│  H−EMA  :     +17.41 pts   [2m[36m(candle high vs EMA; negative = high below EMA)[0m
  [36m│  EMA−L  :      -5.76 pts   [2m[36m(EMA vs candle low;  negative = low above EMA)[0m
  [36m│  SL base  :       8.16 pts   [2m[36m= 0.6 × 13.60 ATR[0m
  [36m│  Risk cap :      60.00 pts[0m
  [36m└────────────────────────────────────────────────────────────────┘[0m

[HEARTBEAT 14:35:11] NDX=28052.47  trades=2/2  position=LONG entry=28032.86 sl=28009.89 target=28147.35 step=0 qty=2  pending=NONE

[14:40:05] BAR CLOSED 2026-05-05 14:35:00 | O=28052.71  H=28060.64  L=28051.29  C=28051.81 | NDX tick=28051.21
  [36m┌─ CANDLE DIAGNOSTICS ──────────────────────────────────────────┐[0m
  [36m│  EMA-14   :   28046.01[0m
  [36m│  ATR-14   :      13.23 pts[0m
  [36m│  Slope    :     +0.498   [2m[36m[bullish >+0.200 | bearish <-0.300][0m  →  [32m[1mBULLISH[0m
  [36m│  Body     :       0.90 pts   [2m[36m(min 5.00 required)[0m
  [36m│  Bounce   :      18.52 pts   [2m[36m= 1.4 × 13.23 ATR[0m
  [36m│  H−EMA  :     +14.63 pts   [2m[36m(candle high vs EMA; negative = high below EMA)[0m
  [36m│  EMA−L  :      -5.28 pts   [2m[36m(EMA vs candle low;  negative = low above EMA)[0m
  [36m│  SL base  :       7.94 pts   [2m[36m= 0.6 × 13.23 ATR[0m
  [36m│  Risk cap :      60.00 pts[0m
  [36m└────────────────────────────────────────────────────────────────┘[0m

[HEARTBEAT 14:40:11] NDX=28053.32  trades=2/2  position=LONG entry=28032.86 sl=28009.89 target=28147.35 step=0 qty=2  pending=NONE

[14:45:05] BAR CLOSED 2026-05-05 14:40:00 | O=28051.88  H=28059.24  L=28050.73  C=28056.25 | NDX tick=28055.62
  [36m┌─ CANDLE DIAGNOSTICS ──────────────────────────────────────────┐[0m
  [36m│  EMA-14   :   28047.58[0m
  [36m│  ATR-14   :      12.87 pts[0m
  [36m│  Slope    :     +0.505   [2m[36m[bullish >+0.200 | bearish <-0.300][0m  →  [32m[1mBULLISH[0m
  [36m│  Body     :       4.37 pts   [2m[36m(min 5.00 required)[0m
  [36m│  Bounce   :      18.02 pts   [2m[36m= 1.4 × 12.87 ATR[0m
  [36m│  H−EMA  :     +11.66 pts   [2m[36m(candle high vs EMA; negative = high below EMA)[0m
  [36m│  EMA−L  :      -3.15 pts   [2m[36m(EMA vs candle low;  negative = low above EMA)[0m
  [36m│  SL base  :       7.72 pts   [2m[36m= 0.6 × 12.87 ATR[0m
  [36m│  Risk cap :      60.00 pts[0m
  [36m└────────────────────────────────────────────────────────────────┘[0m

[HEARTBEAT 14:45:11] NDX=28056.96  trades=2/2  position=LONG entry=28032.86 sl=28009.89 target=28147.35 step=0 qty=2  pending=NONE

[14:50:05] BAR CLOSED 2026-05-05 14:45:00 | O=28055.90  H=28060.68  L=28050.28  C=28052.90 | NDX tick=28052.03
  [36m┌─ CANDLE DIAGNOSTICS ──────────────────────────────────────────┐[0m
  [36m│  EMA-14   :   28048.40[0m
  [36m│  ATR-14   :      12.36 pts[0m
  [36m│  Slope    :     +0.394   [2m[36m[bullish >+0.200 | bearish <-0.300][0m  →  [32m[1mBULLISH[0m
  [36m│  Body     :       3.00 pts   [2m[36m(min 5.00 required)[0m
  [36m│  Bounce   :      17.31 pts   [2m[36m= 1.4 × 12.36 ATR[0m
  [36m│  H−EMA  :     +12.28 pts   [2m[36m(candle high vs EMA; negative = high below EMA)[0m
  [36m│  EMA−L  :      -1.88 pts   [2m[36m(EMA vs candle low;  negative = low above EMA)[0m
  [36m│  SL base  :       7.42 pts   [2m[36m= 0.6 × 12.36 ATR[0m
  [36m│  Risk cap :      60.00 pts[0m
  [36m└────────────────────────────────────────────────────────────────┘[0m

[HEARTBEAT 14:50:11] NDX=28051.69  trades=2/2  position=LONG entry=28032.86 sl=28009.89 target=28147.35 step=0 qty=2  pending=NONE

[14:55:05] BAR CLOSED 2026-05-05 14:50:00 | O=28052.92  H=28055.92  L=28029.64  C=28037.98 | NDX tick=28038.48
  [36m┌─ CANDLE DIAGNOSTICS ──────────────────────────────────────────┐[0m
  [36m│  EMA-14   :   28046.80[0m
  [36m│  ATR-14   :      13.01 pts[0m
  [36m│  Slope    :     +0.142   [2m[36m[bullish >+0.200 | bearish <-0.300][0m  →  [37m[1mNEUTRAL[0m
  [36m│  Body     :      14.94 pts   [2m[36m(min 5.00 required)[0m
  [36m│  Bounce   :      18.21 pts   [2m[36m= 1.4 × 13.01 ATR[0m
  [36m│  H−EMA  :      +9.12 pts   [2m[36m(candle high vs EMA; negative = high below EMA)[0m
  [36m│  EMA−L  :     +17.16 pts   [2m[36m(EMA vs candle low;  negative = low above EMA)[0m
  [36m│  SL base  :       7.81 pts   [2m[36m= 0.6 × 13.01 ATR[0m
  [36m│  Risk cap :      60.00 pts[0m
  [36m└────────────────────────────────────────────────────────────────┘[0m

[HEARTBEAT 14:55:11] NDX=28038.65  trades=2/2  position=LONG entry=28032.86 sl=28009.89 target=28147.35 step=0 qty=2  pending=NONE

[15:00:05] BAR CLOSED 2026-05-05 14:55:00 | O=28038.29  H=28050.91  L=28037.47  C=28046.68 | NDX tick=28047.83
  [36m┌─ CANDLE DIAGNOSTICS ──────────────────────────────────────────┐[0m
  [36m│  EMA-14   :   28046.78[0m
  [36m│  ATR-14   :      13.41 pts[0m
  [36m│  Slope    :     +0.058   [2m[36m[bullish >+0.200 | bearish <-0.300][0m  →  [37m[1mNEUTRAL[0m
  [36m│  Body     :       8.39 pts   [2m[36m(min 5.00 required)[0m
  [36m│  Bounce   :      18.77 pts   [2m[36m= 1.4 × 13.41 ATR[0m
  [36m│  H−EMA  :      +4.13 pts   [2m[36m(candle high vs EMA; negative = high below EMA)[0m
  [36m│  EMA−L  :      +9.31 pts   [2m[36m(EMA vs candle low;  negative = low above EMA)[0m
  [36m│  SL base  :       8.05 pts   [2m[36m= 0.6 × 13.41 ATR[0m
  [36m│  Risk cap :      60.00 pts[0m
  [36m└────────────────────────────────────────────────────────────────┘[0m

[HEARTBEAT 15:00:11] NDX=28049.00  trades=2/2  position=LONG entry=28032.86 sl=28009.89 target=28147.35 step=0 qty=2  pending=NONE

[15:05:05] BAR CLOSED 2026-05-05 15:00:00 | O=28047.74  H=28050.06  L=28039.27  C=28042.34 | NDX tick=28041.20
  [36m┌─ CANDLE DIAGNOSTICS ──────────────────────────────────────────┐[0m
  [36m│  EMA-14   :   28046.10[0m
  [36m│  ATR-14   :      12.96 pts[0m
  [36m│  Slope    :     -0.115   [2m[36m[bullish >+0.200 | bearish <-0.300][0m  →  [37m[1mNEUTRAL[0m
  [36m│  Body     :       5.40 pts   [2m[36m(min 5.00 required)[0m
  [36m│  Bounce   :      18.14 pts   [2m[36m= 1.4 × 12.96 ATR[0m
  [36m│  H−EMA  :      +3.96 pts   [2m[36m(candle high vs EMA; negative = high below EMA)[0m
  [36m│  EMA−L  :      +6.83 pts   [2m[36m(EMA vs candle low;  negative = low above EMA)[0m
  [36m│  SL base  :       7.78 pts   [2m[36m= 0.6 × 12.96 ATR[0m
  [36m│  Risk cap :      60.00 pts[0m
  [36m└────────────────────────────────────────────────────────────────┘[0m

[HEARTBEAT 15:05:11] NDX=28041.94  trades=2/2  position=LONG entry=28032.86 sl=28009.89 target=28147.35 step=0 qty=2  pending=NONE

[15:10:05] BAR CLOSED 2026-05-05 15:05:00 | O=28042.56  H=28055.27  L=28041.19  C=28055.27 | NDX tick=28053.47
  [36m┌─ CANDLE DIAGNOSTICS ──────────────────────────────────────────┐[0m
  [36m│  EMA-14   :   28047.51[0m
  [36m│  ATR-14   :      13.22 pts[0m
  [36m│  Slope    :     -0.068   [2m[36m[bullish >+0.200 | bearish <-0.300][0m  →  [37m[1mNEUTRAL[0m
  [36m│  Body     :      12.71 pts   [2m[36m(min 5.00 required)[0m
  [36m│  Bounce   :      18.51 pts   [2m[36m= 1.4 × 13.22 ATR[0m
  [36m│  H−EMA  :      +7.76 pts   [2m[36m(candle high vs EMA; negative = high below EMA)[0m
  [36m│  EMA−L  :      +6.32 pts   [2m[36m(EMA vs candle low;  negative = low above EMA)[0m
  [36m│  SL base  :       7.93 pts   [2m[36m= 0.6 × 13.22 ATR[0m
  [36m│  Risk cap :      60.00 pts[0m
  [36m└────────────────────────────────────────────────────────────────┘[0m

[HEARTBEAT 15:10:11] NDX=28055.02  trades=2/2  position=LONG entry=28032.86 sl=28009.89 target=28147.35 step=0 qty=2  pending=NONE

[15:15:05] BAR CLOSED 2026-05-05 15:10:00 | O=28055.18  H=28065.15  L=28049.28  C=28050.35 | NDX tick=28049.48
  [36m┌─ CANDLE DIAGNOSTICS ──────────────────────────────────────────┐[0m
  [36m│  EMA-14   :   28047.95[0m
  [36m│  ATR-14   :      13.00 pts[0m
  [36m│  Slope    :     +0.088   [2m[36m[bullish >+0.200 | bearish <-0.300][0m  →  [37m[1mNEUTRAL[0m
  [36m│  Body     :       4.83 pts   [2m[36m(min 5.00 required)[0m
  [36m│  Bounce   :      18.21 pts   [2m[36m= 1.4 × 13.00 ATR[0m
  [36m│  H−EMA  :     +17.20 pts   [2m[36m(candle high vs EMA; negative = high below EMA)[0m
  [36m│  EMA−L  :      -1.33 pts   [2m[36m(EMA vs candle low;  negative = low above EMA)[0m
  [36m│  SL base  :       7.80 pts   [2m[36m= 0.6 × 13.00 ATR[0m
  [36m│  Risk cap :      60.00 pts[0m
  [36m└────────────────────────────────────────────────────────────────┘[0m

[HEARTBEAT 15:15:11] NDX=28050.15  trades=2/2  position=LONG entry=28032.86 sl=28009.89 target=28147.35 step=0 qty=2  pending=NONE

[15:20:05] BAR CLOSED 2026-05-05 15:15:00 | O=28050.49  H=28056.86  L=28041.81  C=28051.75 | NDX tick=28053.67
  [36m┌─ CANDLE DIAGNOSTICS ──────────────────────────────────────────┐[0m
  [36m│  EMA-14   :   28048.53[0m
  [36m│  ATR-14   :      13.51 pts[0m
  [36m│  Slope    :     +0.130   [2m[36m[bullish >+0.200 | bearish <-0.300][0m  →  [37m[1mNEUTRAL[0m
  [36m│  Body     :       1.26 pts   [2m[36m(min 5.00 required)[0m
  [36m│  Bounce   :      18.91 pts   [2m[36m= 1.4 × 13.51 ATR[0m
  [36m│  H−EMA  :      +8.33 pts   [2m[36m(candle high vs EMA; negative = high below EMA)[0m
  [36m│  EMA−L  :      +6.72 pts   [2m[36m(EMA vs candle low;  negative = low above EMA)[0m
  [36m│  SL base  :       8.10 pts   [2m[36m= 0.6 × 13.51 ATR[0m
  [36m│  Risk cap :      60.00 pts[0m
  [36m└────────────────────────────────────────────────────────────────┘[0m

[HEARTBEAT 15:20:11] NDX=28050.49  trades=2/2  position=LONG entry=28032.86 sl=28009.89 target=28147.35 step=0 qty=2  pending=NONE

[15:25:05] BAR CLOSED 2026-05-05 15:20:00 | O=28051.63  H=28054.10  L=28037.13  C=28051.79 | NDX tick=28051.34
  [36m┌─ CANDLE DIAGNOSTICS ──────────────────────────────────────────┐[0m
  [36m│  EMA-14   :   28049.03[0m
  [36m│  ATR-14   :      13.69 pts[0m
  [36m│  Slope    :     +0.214   [2m[36m[bullish >+0.200 | bearish <-0.300][0m  →  [32m[1mBULLISH[0m
  [36m│  Body     :       0.16 pts   [2m[36m(min 5.00 required)[0m
  [36m│  Bounce   :      19.16 pts   [2m[36m= 1.4 × 13.69 ATR[0m
  [36m│  H−EMA  :      +5.07 pts   [2m[36m(candle high vs EMA; negative = high below EMA)[0m
  [36m│  EMA−L  :     +11.90 pts   [2m[36m(EMA vs candle low;  negative = low above EMA)[0m
  [36m│  SL base  :       8.21 pts   [2m[36m= 0.6 × 13.69 ATR[0m
  [36m│  Risk cap :      60.00 pts[0m
  [36m└────────────────────────────────────────────────────────────────┘[0m

[HEARTBEAT 15:25:11] NDX=28052.11  trades=2/2  position=LONG entry=28032.86 sl=28009.89 target=28147.35 step=0 qty=2  pending=NONE

[33m[1mEOD 15:30 — flattening all...[0m
  FLATTEN response: {'success': True, 'message': 'OK: FLATTEN MNQ JUN26', 'data': {}}
[33mEOD complete.[0m

[15:30:05] BAR CLOSED 2026-05-05 15:25:00 | O=28051.35  H=28054.07  L=28042.65  C=28046.10 | NDX tick=28042.05
  [36m┌─ CANDLE DIAGNOSTICS ──────────────────────────────────────────┐[0m
  [36m│  EMA-14   :   28048.58[0m
  [36m│  ATR-14   :      13.84 pts[0m
  [36m│  Slope    :     +0.078   [2m[36m[bullish >+0.200 | bearish <-0.300][0m  →  [37m[1mNEUTRAL[0m
  [36m│  Body     :       5.25 pts   [2m[36m(min 5.00 required)[0m
  [36m│  Bounce   :      19.38 pts   [2m[36m= 1.4 × 13.84 ATR[0m
  [36m│  H−EMA  :      +5.49 pts   [2m[36m(candle high vs EMA; negative = high below EMA)[0m
  [36m│  EMA−L  :      +5.93 pts   [2m[36m(EMA vs candle low;  negative = low above EMA)[0m
  [36m│  SL base  :       8.30 pts   [2m[36m= 0.6 × 13.84 ATR[0m
  [36m│  Risk cap :      60.00 pts[0m
  [36m└────────────────────────────────────────────────────────────────┘[0m

[HEARTBEAT 15:30:11] NDX=28037.69  trades=2/2  position=FLAT  pending=NONE

[15:35:05] BAR CLOSED 2026-05-05 15:30:00 | O=28044.88  H=28047.59  L=28037.25  C=28040.80 | NDX tick=28039.40
  [36m┌─ CANDLE DIAGNOSTICS ──────────────────────────────────────────┐[0m
  [36m│  EMA-14   :   28047.38[0m
  [36m│  ATR-14   :      13.47 pts[0m
  [36m│  Slope    :     -0.042   [2m[36m[bullish >+0.200 | bearish <-0.300][0m  →  [37m[1mNEUTRAL[0m
  [36m│  Body     :       4.08 pts   [2m[36m(min 5.00 required)[0m
  [36m│  Bounce   :      18.85 pts   [2m[36m= 1.4 × 13.47 ATR[0m
  [36m│  H−EMA  :      +0.21 pts   [2m[36m(candle high vs EMA; negative = high below EMA)[0m
  [36m│  EMA−L  :     +10.13 pts   [2m[36m(EMA vs candle low;  negative = low above EMA)[0m
  [36m│  SL base  :       8.08 pts   [2m[36m= 0.6 × 13.47 ATR[0m
  [36m│  Risk cap :      60.00 pts[0m
  [36m└────────────────────────────────────────────────────────────────┘[0m

[HEARTBEAT 15:35:11] NDX=28039.24  trades=2/2  position=FLAT  pending=NONE

[15:40:05] BAR CLOSED 2026-05-05 15:35:00 | O=28040.83  H=28044.75  L=28032.01  C=28041.81 | NDX tick=28043.96
  [36m┌─ CANDLE DIAGNOSTICS ──────────────────────────────────────────┐[0m
  [36m│  EMA-14   :   28046.53[0m
  [36m│  ATR-14   :      13.35 pts[0m
  [36m│  Slope    :     -0.150   [2m[36m[bullish >+0.200 | bearish <-0.300][0m  →  [37m[1mNEUTRAL[0m
  [36m│  Body     :       0.98 pts   [2m[36m(min 5.00 required)[0m
  [36m│  Bounce   :      18.69 pts   [2m[36m= 1.4 × 13.35 ATR[0m
  [36m│  H−EMA  :      -1.78 pts   [2m[36m(candle high vs EMA; negative = high below EMA)[0m
  [36m│  EMA−L  :     +14.52 pts   [2m[36m(EMA vs candle low;  negative = low above EMA)[0m
  [36m│  SL base  :       8.01 pts   [2m[36m= 0.6 × 13.35 ATR[0m
  [36m│  Risk cap :      60.00 pts[0m
  [36m└────────────────────────────────────────────────────────────────┘[0m

[HEARTBEAT 15:40:11] NDX=28044.02  trades=2/2  position=FLAT  pending=NONE

[15:45:05] BAR CLOSED 2026-05-05 15:40:00 | O=28041.90  H=28046.41  L=28028.67  C=28037.50 | NDX tick=28036.82
  [36m┌─ CANDLE DIAGNOSTICS ──────────────────────────────────────────┐[0m
  [36m│  EMA-14   :   28045.14[0m
  [36m│  ATR-14   :      13.78 pts[0m
  [36m│  Slope    :     -0.283   [2m[36m[bullish >+0.200 | bearish <-0.300][0m  →  [37m[1mNEUTRAL[0m
  [36m│  Body     :       4.40 pts   [2m[36m(min 5.00 required)[0m
  [36m│  Bounce   :      19.30 pts   [2m[36m= 1.4 × 13.78 ATR[0m
  [36m│  H−EMA  :      +1.27 pts   [2m[36m(candle high vs EMA; negative = high below EMA)[0m
  [36m│  EMA−L  :     +16.47 pts   [2m[36m(EMA vs candle low;  negative = low above EMA)[0m
  [36m│  SL base  :       8.27 pts   [2m[36m= 0.6 × 13.78 ATR[0m
  [36m│  Risk cap :      60.00 pts[0m
  [36m└────────────────────────────────────────────────────────────────┘[0m

[HEARTBEAT 15:45:11] NDX=28036.72  trades=2/2  position=FLAT  pending=NONE

[15:50:05] BAR CLOSED 2026-05-05 15:45:00 | O=28036.94  H=28038.01  L=28026.00  C=28027.45 | NDX tick=28023.43
  [36m┌─ CANDLE DIAGNOSTICS ──────────────────────────────────────────┐[0m
  [36m│  EMA-14   :   28042.42[0m
  [36m│  ATR-14   :      13.97 pts[0m
  [36m│  Slope    :     -0.441   [2m[36m[bullish >+0.200 | bearish <-0.300][0m  →  [31m[1mBEARISH[0m
  [36m│  Body     :       9.49 pts   [2m[36m(min 5.00 required)[0m
  [36m│  Bounce   :      19.56 pts   [2m[36m= 1.4 × 13.97 ATR[0m
  [36m│  H−EMA  :      -4.41 pts   [2m[36m(candle high vs EMA; negative = high below EMA)[0m
  [36m│  EMA−L  :     +16.42 pts   [2m[36m(EMA vs candle low;  negative = low above EMA)[0m
  [36m│  SL base  :       8.38 pts   [2m[36m= 0.6 × 13.97 ATR[0m
  [36m│  Risk cap :      60.00 pts[0m
  [36m└────────────────────────────────────────────────────────────────┘[0m

[HEARTBEAT 15:50:11] NDX=28019.27  trades=2/2  position=FLAT  pending=NONE

[15:55:05] BAR CLOSED 2026-05-05 15:50:00 | O=28015.60  H=28025.03  L=27988.72  C=27995.04 | NDX tick=27993.55
  [36m┌─ CANDLE DIAGNOSTICS ──────────────────────────────────────────┐[0m
  [36m│  EMA-14   :   28035.13[0m
  [36m│  ATR-14   :      16.13 pts[0m
  [36m│  Slope    :     -0.760   [2m[36m[bullish >+0.200 | bearish <-0.300][0m  →  [31m[1mBEARISH[0m
  [36m│  Body     :      20.56 pts   [2m[36m(min 5.00 required)[0m
  [36m│  Bounce   :      22.59 pts   [2m[36m= 1.4 × 16.13 ATR[0m
  [36m│  H−EMA  :     -10.10 pts   [2m[36m(candle high vs EMA; negative = high below EMA)[0m
  [36m│  EMA−L  :     +46.41 pts   [2m[36m(EMA vs candle low;  negative = low above EMA)[0m
  [36m│  SL base  :       9.68 pts   [2m[36m= 0.6 × 16.13 ATR[0m
  [36m│  Risk cap :      60.00 pts[0m
  [36m└────────────────────────────────────────────────────────────────┘[0m

[HEARTBEAT 15:55:11] NDX=27989.29  trades=2/2  position=FLAT  pending=NONE

[HEARTBEAT 16:00:11] NDX=28015.06  trades=2/2  position=FLAT  pending=NONE

[HEARTBEAT 16:05:11] NDX=28015.06  trades=2/2  position=FLAT  pending=NONE

[HEARTBEAT 16:10:11] NDX=28015.06  trades=2/2  position=FLAT  pending=NONE

[HEARTBEAT 16:15:11] NDX=28015.06  trades=2/2  position=FLAT  pending=NONE

[HEARTBEAT 16:20:11] NDX=28015.06  trades=2/2  position=FLAT  pending=NONE

[HEARTBEAT 16:25:11] NDX=28015.06  trades=2/2  position=FLAT  pending=NONE

[HEARTBEAT 16:30:11] NDX=28015.06  trades=2/2  position=FLAT  pending=NONE

[HEARTBEAT 16:35:11] NDX=28015.06  trades=2/2  position=FLAT  pending=NONE

[HEARTBEAT 16:40:11] NDX=28015.06  trades=2/2  position=FLAT  pending=NONE

[HEARTBEAT 16:45:11] NDX=28015.06  trades=2/2  position=FLAT  pending=NONE

[HEARTBEAT 16:50:11] NDX=28015.06  trades=2/2  position=FLAT  pending=NONE

[HEARTBEAT 16:55:11] NDX=28015.06  trades=2/2  position=FLAT  pending=NONE

[HEARTBEAT 17:00:11] NDX=28015.06  trades=2/2  position=FLAT  pending=NONE

[HEARTBEAT 17:05:11] NDX=28015.06  trades=2/2  position=FLAT  pending=NONE

[HEARTBEAT 17:10:11] NDX=28015.06  trades=2/2  position=FLAT  pending=NONE

[HEARTBEAT 17:15:11] NDX=28015.06  trades=2/2  position=FLAT  pending=NONE

[HEARTBEAT 17:20:11] NDX=28015.06  trades=2/2  position=FLAT  pending=NONE

[HEARTBEAT 17:25:11] NDX=28015.06  trades=2/2  position=FLAT  pending=NONE

[HEARTBEAT 17:30:11] NDX=28015.06  trades=2/2  position=FLAT  pending=NONE

[HEARTBEAT 17:35:11] NDX=28015.06  trades=2/2  position=FLAT  pending=NONE

[HEARTBEAT 17:40:11] NDX=28015.06  trades=2/2  position=FLAT  pending=NONE

[HEARTBEAT 17:45:11] NDX=28015.06  trades=2/2  position=FLAT  pending=NONE

[HEARTBEAT 17:50:11] NDX=28015.06  trades=2/2  position=FLAT  pending=NONE

[HEARTBEAT 17:55:11] NDX=28015.06  trades=2/2  position=FLAT  pending=NONE

[HEARTBEAT 18:00:11] NDX=28015.06  trades=2/2  position=FLAT  pending=NONE

[HEARTBEAT 18:05:11] NDX=28015.06  trades=2/2  position=FLAT  pending=NONE

[HEARTBEAT 18:10:11] NDX=28015.06  trades=2/2  position=FLAT  pending=NONE

[HEARTBEAT 18:15:11] NDX=28015.06  trades=2/2  position=FLAT  pending=NONE

[HEARTBEAT 18:20:11] NDX=28015.06  trades=2/2  position=FLAT  pending=NONE

[HEARTBEAT 18:25:11] NDX=28015.06  trades=2/2  position=FLAT  pending=NONE

[HEARTBEAT 18:30:11] NDX=28015.06  trades=2/2  position=FLAT  pending=NONE

[HEARTBEAT 18:35:11] NDX=28015.06  trades=2/2  position=FLAT  pending=NONE

[HEARTBEAT 18:40:11] NDX=28015.06  trades=2/2  position=FLAT  pending=NONE

[HEARTBEAT 18:45:11] NDX=28015.06  trades=2/2  position=FLAT  pending=NONE

[HEARTBEAT 18:50:11] NDX=28015.06  trades=2/2  position=FLAT  pending=NONE

[HEARTBEAT 18:55:11] NDX=28015.06  trades=2/2  position=FLAT  pending=NONE

[HEARTBEAT 19:00:11] NDX=28015.06  trades=2/2  position=FLAT  pending=NONE

[HEARTBEAT 19:05:11] NDX=28015.06  trades=2/2  position=FLAT  pending=NONE

[HEARTBEAT 19:10:11] NDX=28015.06  trades=2/2  position=FLAT  pending=NONE

[HEARTBEAT 19:15:11] NDX=28015.06  trades=2/2  position=FLAT  pending=NONE

[HEARTBEAT 19:20:11] NDX=28015.06  trades=2/2  position=FLAT  pending=NONE

[HEARTBEAT 19:25:11] NDX=28015.06  trades=2/2  position=FLAT  pending=NONE

[HEARTBEAT 19:30:11] NDX=28015.06  trades=2/2  position=FLAT  pending=NONE

[HEARTBEAT 19:35:11] NDX=28015.06  trades=2/2  position=FLAT  pending=NONE

[HEARTBEAT 19:40:11] NDX=28015.06  trades=2/2  position=FLAT  pending=NONE

[HEARTBEAT 19:45:11] NDX=28015.06  trades=2/2  position=FLAT  pending=NONE

[HEARTBEAT 19:50:11] NDX=28015.06  trades=2/2  position=FLAT  pending=NONE

[HEARTBEAT 19:55:11] NDX=28015.06  trades=2/2  position=FLAT  pending=NONE

[HEARTBEAT 20:00:11] NDX=28015.06  trades=2/2  position=FLAT  pending=NONE

[HEARTBEAT 20:05:11] NDX=28015.06  trades=2/2  position=FLAT  pending=NONE

[HEARTBEAT 20:10:11] NDX=28015.06  trades=2/2  position=FLAT  pending=NONE

[HEARTBEAT 20:15:11] NDX=28015.06  trades=2/2  position=FLAT  pending=NONE

[HEARTBEAT 20:20:11] NDX=28015.06  trades=2/2  position=FLAT  pending=NONE

[HEARTBEAT 20:25:11] NDX=28015.06  trades=2/2  position=FLAT  pending=NONE

[HEARTBEAT 20:30:11] NDX=28015.06  trades=2/2  position=FLAT  pending=NONE

[HEARTBEAT 20:35:11] NDX=28015.06  trades=2/2  position=FLAT  pending=NONE

[HEARTBEAT 20:40:11] NDX=28015.06  trades=2/2  position=FLAT  pending=NONE

[HEARTBEAT 20:45:11] NDX=28015.06  trades=2/2  position=FLAT  pending=NONE

[HEARTBEAT 20:50:11] NDX=28015.06  trades=2/2  position=FLAT  pending=NONE

[HEARTBEAT 20:55:11] NDX=28015.06  trades=2/2  position=FLAT  pending=NONE

[HEARTBEAT 21:00:11] NDX=28015.06  trades=2/2  position=FLAT  pending=NONE

[HEARTBEAT 21:05:11] NDX=28015.06  trades=2/2  position=FLAT  pending=NONE

[HEARTBEAT 21:10:11] NDX=28015.06  trades=2/2  position=FLAT  pending=NONE

[HEARTBEAT 21:15:11] NDX=28015.06  trades=2/2  position=FLAT  pending=NONE

[HEARTBEAT 21:20:11] NDX=28015.06  trades=2/2  position=FLAT  pending=NONE

[HEARTBEAT 21:25:11] NDX=28015.06  trades=2/2  position=FLAT  pending=NONE

[HEARTBEAT 21:30:11] NDX=28015.06  trades=2/2  position=FLAT  pending=NONE

[HEARTBEAT 21:35:11] NDX=28015.06  trades=2/2  position=FLAT  pending=NONE

[HEARTBEAT 21:40:11] NDX=28015.06  trades=2/2  position=FLAT  pending=NONE

[HEARTBEAT 21:45:11] NDX=28015.06  trades=2/2  position=FLAT  pending=NONE

[HEARTBEAT 21:50:11] NDX=28015.06  trades=2/2  position=FLAT  pending=NONE

[HEARTBEAT 21:55:11] NDX=28015.06  trades=2/2  position=FLAT  pending=NONE

[HEARTBEAT 22:00:11] NDX=28015.06  trades=2/2  position=FLAT  pending=NONE

[HEARTBEAT 22:05:11] NDX=28015.06  trades=2/2  position=FLAT  pending=NONE

[HEARTBEAT 22:10:11] NDX=28015.06  trades=2/2  position=FLAT  pending=NONE

[HEARTBEAT 22:15:11] NDX=28015.06  trades=2/2  position=FLAT  pending=NONE

[HEARTBEAT 22:20:11] NDX=28015.06  trades=2/2  position=FLAT  pending=NONE

[HEARTBEAT 22:25:11] NDX=28015.06  trades=2/2  position=FLAT  pending=NONE

[HEARTBEAT 22:30:11] NDX=28015.06  trades=2/2  position=FLAT  pending=NONE

[HEARTBEAT 22:35:11] NDX=28015.06  trades=2/2  position=FLAT  pending=NONE

[HEARTBEAT 22:40:11] NDX=28015.06  trades=2/2  position=FLAT  pending=NONE

[HEARTBEAT 22:45:11] NDX=28015.06  trades=2/2  position=FLAT  pending=NONE

[HEARTBEAT 22:50:11] NDX=28015.06  trades=2/2  position=FLAT  pending=NONE

[HEARTBEAT 22:55:11] NDX=28015.06  trades=2/2  position=FLAT  pending=NONE

[HEARTBEAT 23:00:11] NDX=28015.06  trades=2/2  position=FLAT  pending=NONE

[HEARTBEAT 23:05:12] NDX=28015.06  trades=2/2  position=FLAT  pending=NONE

[HEARTBEAT 23:10:12] NDX=28015.06  trades=2/2  position=FLAT  pending=NONE

[HEARTBEAT 23:15:12] NDX=28015.06  trades=2/2  position=FLAT  pending=NONE

[HEARTBEAT 23:20:12] NDX=28015.06  trades=2/2  position=FLAT  pending=NONE

[HEARTBEAT 23:25:12] NDX=28015.06  trades=2/2  position=FLAT  pending=NONE

[HEARTBEAT 23:30:12] NDX=28015.06  trades=2/2  position=FLAT  pending=NONE

[HEARTBEAT 23:35:12] NDX=28015.06  trades=2/2  position=FLAT  pending=NONE

[HEARTBEAT 23:40:12] NDX=28015.06  trades=2/2  position=FLAT  pending=NONE

[HEARTBEAT 23:45:12] NDX=28015.06  trades=2/2  position=FLAT  pending=NONE

[33m[1m[Q] Quit requested — exiting WITHOUT squaring off position.{Style.RESET_ALL}
IBKR disconnected.
